******************************************************************************
                  MSP430 Linker PC v4.0.0                      
******************************************************************************
>> Linked Wed Apr 24 15:20:55 2013

OUTPUT FILE NAME:   <sdCardTest.out>
ENTRY POINT SYMBOL: "_c_int00"  address: 0000d5e2


MEMORY CONFIGURATION

         name            origin    length      used     unused   attr    fill
----------------------  --------  ---------  --------  --------  ----  --------
  SFR                   00000000   00000010  00000000  00000010  RWIX
  PERIPHERALS_8BIT      00000010   000000f0  00000000  000000f0  RWIX
  PERIPHERALS_16BIT     00000100   00000100  00000000  00000100  RWIX
  RAM                   00000200   00000200  0000008c  00000174  RWIX
  INFOD                 00001000   00000040  00000000  00000040  RWIX
  INFOC                 00001040   00000040  00000000  00000040  RWIX
  INFOB                 00001080   00000040  00000000  00000040  RWIX
  INFOA                 000010c0   00000040  00000000  00000040  RWIX
  FLASH                 0000c000   00003fe0  000017fc  000027e4  RWIX
  INT00                 0000ffe0   00000002  00000000  00000002  RWIX
  INT01                 0000ffe2   00000002  00000000  00000002  RWIX
  INT02                 0000ffe4   00000002  00000000  00000002  RWIX
  INT03                 0000ffe6   00000002  00000000  00000002  RWIX
  INT04                 0000ffe8   00000002  00000000  00000002  RWIX
  INT05                 0000ffea   00000002  00000000  00000002  RWIX
  INT06                 0000ffec   00000002  00000000  00000002  RWIX
  INT07                 0000ffee   00000002  00000000  00000002  RWIX
  INT08                 0000fff0   00000002  00000002  00000000  RWIX
  INT09                 0000fff2   00000002  00000002  00000000  RWIX
  INT10                 0000fff4   00000002  00000000  00000002  RWIX
  INT11                 0000fff6   00000002  00000000  00000002  RWIX
  INT12                 0000fff8   00000002  00000000  00000002  RWIX
  INT13                 0000fffa   00000002  00000000  00000002  RWIX
  INT14                 0000fffc   00000002  00000000  00000002  RWIX
  RESET                 0000fffe   00000002  00000002  00000000  RWIX


SECTION ALLOCATION MAP

 output                                  attributes/
section   page    origin      length       input sections
--------  ----  ----------  ----------   ----------------
.pinit     0    0000c000    00000000     UNINITIALIZED

.bss       0    00000200    0000003c     UNINITIALIZED
                  00000200    0000001d     softserial.obj (.bss)
                  0000021d    00000001     diskio.obj (.bss)
                  0000021e    00000014     main.obj (.bss)
                  00000232    00000004     rts430.lib : _lock.obj (.bss)
                  00000236    00000004                : boot.obj (.bss)
                  0000023a    00000002     pff.obj (.bss)

.stack     0    000003b0    00000050     UNINITIALIZED
                  000003b0    00000002     rts430.lib : boot.obj (.stack)
                  000003b2    0000004e     --HOLE--

.text      0    0000c000    0000171c     
                  0000c000    0000024a     pff.obj (.text:pf_mount)
                  0000c24a    000001d2     main.obj (.text:main)
                  0000c41c    00000150     print.obj (.text:printf)
                  0000c56c    00000144     diskio.obj (.text:disk_initialize)
                  0000c6b0    00000124     pff.obj (.text:pf_read)
                  0000c7d4    00000100     print.obj (.text:printi)
                  0000c8d4    000000cc     pff.obj (.text:get_fat)
                  0000c9a0    000000c8     pff.obj (.text:get_fileinfo)
                  0000ca68    000000b2     pff.obj (.text:follow_path)
                  0000cb1a    000000ae     pff.obj (.text:pf_open)
                  0000cbc8    000000a4     pff.obj (.text:dir_next)
                  0000cc6c    00000096     pff.obj (.text:check_fs)
                  0000cd02    00000096     diskio.obj (.text:disk_readp)
                  0000cd98    00000096     diskio.obj (.text:send_cmd)
                  0000ce2e    00000092     pff.obj (.text:create_name)
                  0000cec0    0000008a     pff.obj (.text:dir_read)
                  0000cf4a    00000084     softserial.obj (.text:SoftSerial_RX_ISR)
                  0000cfce    0000007a     pff.obj (.text:dir_find)
                  0000d048    0000007a     pff.obj (.text:pf_opendir)
                  0000d0c2    00000074     print.obj (.text:prints)
                  0000d136    00000072     pff.obj (.text:dir_rewind)
                  0000d1a8    00000070     pff.obj (.text:pf_readdir)
                  0000d218    0000005c     rts430.lib : lsr32.obj (.text:l_lsr_const)
                  0000d274    00000058                : div32u.obj (.text)
                  0000d2cc    00000054     main.obj (.text:get_line)
                  0000d320    00000052     main.obj (.text:put_dump)
                  0000d372    0000004c     rts430.lib : lsr16.obj (.text)
                  0000d3be    00000046                : autoinit.obj (.text:_auto_init)
                  0000d404    00000040     pff.obj (.text:clust2sect)
                  0000d444    0000003e     rts430.lib : lsl32.obj (.text:l_lsl_const)
                  0000d482    0000003e     main.obj (.text:put_rc)
                  0000d4c0    0000003a     softserial.obj (.text:SoftSerial_TX_ISR)
                  0000d4fa    00000032     softserial.obj (.text:SoftSerial_read)
                  0000d52c    00000032     main.obj (.text:setup)
                  0000d55e    0000002e     softserial.obj (.text:SoftSerial_xmit)
                  0000d58c    0000002c     rts430.lib : lsl16.obj (.text)
                  0000d5b8    0000002a     spi.obj (.text:spi_initialize)
                  0000d5e2    00000026     rts430.lib : boot.obj (.text:_c_int00_noexit)
                  0000d608    00000026                : mult32.obj (.text)
                  0000d62e    00000022     softserial.obj (.text:SoftSerial_init)
                  0000d650    0000001c     main.obj (.text:put_drc)
                  0000d66c    00000016     rts430.lib : div16u.obj (.text)
                  0000d682    00000014     pff.obj (.text:mem_cmp)
                  0000d696    00000014     rts430.lib : mult16.obj (.text)
                  0000d6aa    00000014     spi.obj (.text:spi_receive)
                  0000d6be    00000014     spi.obj (.text:spi_send)
                  0000d6d2    00000012     rts430.lib : memcpy.obj (.text:memcpy)
                  0000d6e4    00000010     pff.obj (.text:mem_set)
                  0000d6f4    00000010     rts430.lib : epilog.obj (.text)
                  0000d704    0000000e     softserial.obj (.text:SoftSerial_empty)
                  0000d712    00000004     rts430.lib : pre_init.obj (.text:_system_pre_init)
                  0000d716    00000004                : exit.obj (.text:abort)
                  0000d71a    00000002                : _lock.obj (.text:_nop)

.const     0    0000d71c    000000be     
                  0000d71c    00000068     main.obj (.const:.string)
                  0000d784    0000004d     main.obj (.const:str$1)
                  0000d7d1    00000001     --HOLE-- [fill = 0]
                  0000d7d2    00000008     print.obj (.const:.string)

.cinit     0    0000d7da    00000022     
                  0000d7da    0000001f     softserial.obj (.cinit)
                  0000d7f9    00000001     --HOLE-- [fill = 0]
                  0000d7fa    00000002     (.pad.cinit) [fill = 0]

.int08     0    0000fff0    00000002     
                  0000fff0    00000002     softserial.obj (.int08)

.int09     0    0000fff2    00000002     
                  0000fff2    00000002     softserial.obj (.int09)

.reset     0    0000fffe    00000002     
                  0000fffe    00000002     rts430.lib : boot.obj (.reset)


GLOBAL SYMBOLS: SORTED ALPHABETICALLY BY Name 

address    name
--------   ----
00000200   .bss
0000c000   .text
0000004a   ADC10AE0
000001b0   ADC10CTL0
000001b2   ADC10CTL1
00000048   ADC10DTC0
00000049   ADC10DTC1
000001b4   ADC10MEM
000001bc   ADC10SA
00000057   BCSCTL1
00000058   BCSCTL2
00000053   BCSCTL3
0000d716   C$$EXIT
00000059   CACTL1
0000005a   CACTL2
000010fb   CALBC1_12MHZ
000010f9   CALBC1_16MHZ
000010ff   CALBC1_1MHZ
000010fd   CALBC1_8MHZ
000010fa   CALDCO_12MHZ
000010f8   CALDCO_16MHZ
000010fe   CALDCO_1MHZ
000010fc   CALDCO_8MHZ
0000005b   CAPD
00000056   DCOCTL
00000128   FCTL1
0000012a   FCTL2
0000012c   FCTL3
00000000   IE1
00000001   IE2
00000002   IFG1
00000003   IFG2
0000d58c   I_LSL
0000d5b4   I_LSL_1
0000d5a2   I_LSL_10
0000d5a0   I_LSL_11
0000d59e   I_LSL_12
0000d59c   I_LSL_13
0000d59a   I_LSL_14
0000d598   I_LSL_15
0000d5b2   I_LSL_2
0000d5b0   I_LSL_3
0000d5ae   I_LSL_4
0000d5ac   I_LSL_5
0000d5aa   I_LSL_6
0000d5a8   I_LSL_7
0000d5a6   I_LSL_8
0000d5a4   I_LSL_9
0000d372   I_LSR
0000d3b8   I_LSR_1
0000d394   I_LSR_10
0000d390   I_LSR_11
0000d38c   I_LSR_12
0000d388   I_LSR_13
0000d384   I_LSR_14
0000d380   I_LSR_15
0000d3b4   I_LSR_2
0000d3b0   I_LSR_3
0000d3ac   I_LSR_4
0000d3a8   I_LSR_5
0000d3a4   I_LSR_6
0000d3a0   I_LSR_7
0000d39c   I_LSR_8
0000d398   I_LSR_9
0000d47c   L_LSL_1
0000d458   L_LSL_10
0000d454   L_LSL_11
0000d450   L_LSL_12
0000d44c   L_LSL_13
0000d448   L_LSL_14
0000d444   L_LSL_15
0000d478   L_LSL_2
0000d474   L_LSL_3
0000d470   L_LSL_4
0000d46c   L_LSL_5
0000d468   L_LSL_6
0000d464   L_LSL_7
0000d460   L_LSL_8
0000d45c   L_LSL_9
0000d26c   L_LSR_1
0000d236   L_LSR_10
0000d230   L_LSR_11
0000d22a   L_LSR_12
0000d224   L_LSR_13
0000d21e   L_LSR_14
0000d218   L_LSR_15
0000d266   L_LSR_2
0000d260   L_LSR_3
0000d25a   L_LSR_4
0000d254   L_LSR_5
0000d24e   L_LSR_6
0000d248   L_LSR_7
0000d242   L_LSR_8
0000d23c   L_LSR_9
0000021e   Line
00000022   P1DIR
00000025   P1IE
00000024   P1IES
00000023   P1IFG
00000020   P1IN
00000021   P1OUT
00000027   P1REN
00000026   P1SEL
00000041   P1SEL2
0000002a   P2DIR
0000002d   P2IE
0000002c   P2IES
0000002b   P2IFG
00000028   P2IN
00000029   P2OUT
0000002f   P2REN
0000002e   P2SEL
00000042   P2SEL2
0000001a   P3DIR
00000018   P3IN
00000019   P3OUT
00000010   P3REN
0000001b   P3SEL
00000043   P3SEL2
0000cf4a   SoftSerial_RX_ISR
0000d4c0   SoftSerial_TX_ISR
0000d704   SoftSerial_empty
0000d62e   SoftSerial_init
0000d4fa   SoftSerial_read
0000d55e   SoftSerial_xmit
00000172   TA0CCR0
00000174   TA0CCR1
00000176   TA0CCR2
00000162   TA0CCTL0
00000164   TA0CCTL1
00000166   TA0CCTL2
00000160   TA0CTL
0000012e   TA0IV
00000170   TA0R
00000192   TA1CCR0
00000194   TA1CCR1
00000196   TA1CCR2
00000182   TA1CCTL0
00000184   TA1CCTL1
00000186   TA1CCTL2
00000180   TA1CTL
0000011e   TA1IV
00000190   TA1R
0000005d   UCA0ABCTL
00000062   UCA0BR0
00000063   UCA0BR1
00000060   UCA0CTL0
00000061   UCA0CTL1
0000005f   UCA0IRRCTL
0000005e   UCA0IRTCTL
00000064   UCA0MCTL
00000066   UCA0RXBUF
00000065   UCA0STAT
00000067   UCA0TXBUF
0000006a   UCB0BR0
0000006b   UCB0BR1
00000068   UCB0CTL0
00000069   UCB0CTL1
0000006c   UCB0I2CIE
00000118   UCB0I2COA
0000011a   UCB0I2CSA
0000006e   UCB0RXBUF
0000006d   UCB0STAT
0000006f   UCB0TXBUF
00000218   USARTTXBUF
00000120   WDTCTL
00000400   __STACK_END
00000050   __STACK_SIZE
00000001   __TI_args_main
00000001   __TI_auto_init
00000001   __TI_exit
ffffffff   __binit__
00000200   __bss__
ffffffff   __c_args__
0000d7da   __cinit__
0000d66c   __divu
0000d274   __divul
0000023c   __end__
0000d71c   __etext__
0000d696   __mpyi
0000d608   __mpyl
ffffffff   __pinit__
0000d66c   __remu
0000d274   __remul
0000c000   __text__
0000d3be   _auto_init
0000d5e2   _c_int00
0000d5e2   _c_int00_noexit
00000236   _cleanup_ptr
00000238   _dtors_ptr
00000232   _lock
0000d71a   _nop
0000fffe   _reset_vector
000003b0   _stack
0000d712   _system_pre_init
00000234   _unlock
0000d716   abort
ffffffff   binit
0000d7da   cinit
0000c56c   disk_initialize
0000cd02   disk_readp
0000023c   end
0000d71c   etext
0000d700   func_epilog_1
0000d6fe   func_epilog_2
0000d6fc   func_epilog_3
0000d6fa   func_epilog_4
0000d6f8   func_epilog_5
0000d6f6   func_epilog_6
0000d6f4   func_epilog_7
0000c24a   main
0000d6d2   memcpy
0000c000   pf_mount
0000cb1a   pf_open
0000d048   pf_opendir
0000c6b0   pf_read
0000d1a8   pf_readdir
ffffffff   pinit
0000c41c   printf
0000c7d4   printi
0000d0c2   prints
00000200   rx_buffer
0000d52c   setup
0000d5b8   spi_initialize
0000d6aa   spi_receive
0000d6be   spi_send


GLOBAL SYMBOLS: SORTED BY Symbol Address 

address    name
--------   ----
00000000   IE1
00000001   IE2
00000001   __TI_args_main
00000001   __TI_auto_init
00000001   __TI_exit
00000002   IFG1
00000003   IFG2
00000010   P3REN
00000018   P3IN
00000019   P3OUT
0000001a   P3DIR
0000001b   P3SEL
00000020   P1IN
00000021   P1OUT
00000022   P1DIR
00000023   P1IFG
00000024   P1IES
00000025   P1IE
00000026   P1SEL
00000027   P1REN
00000028   P2IN
00000029   P2OUT
0000002a   P2DIR
0000002b   P2IFG
0000002c   P2IES
0000002d   P2IE
0000002e   P2SEL
0000002f   P2REN
00000041   P1SEL2
00000042   P2SEL2
00000043   P3SEL2
00000048   ADC10DTC0
00000049   ADC10DTC1
0000004a   ADC10AE0
00000050   __STACK_SIZE
00000053   BCSCTL3
00000056   DCOCTL
00000057   BCSCTL1
00000058   BCSCTL2
00000059   CACTL1
0000005a   CACTL2
0000005b   CAPD
0000005d   UCA0ABCTL
0000005e   UCA0IRTCTL
0000005f   UCA0IRRCTL
00000060   UCA0CTL0
00000061   UCA0CTL1
00000062   UCA0BR0
00000063   UCA0BR1
00000064   UCA0MCTL
00000065   UCA0STAT
00000066   UCA0RXBUF
00000067   UCA0TXBUF
00000068   UCB0CTL0
00000069   UCB0CTL1
0000006a   UCB0BR0
0000006b   UCB0BR1
0000006c   UCB0I2CIE
0000006d   UCB0STAT
0000006e   UCB0RXBUF
0000006f   UCB0TXBUF
00000118   UCB0I2COA
0000011a   UCB0I2CSA
0000011e   TA1IV
00000120   WDTCTL
00000128   FCTL1
0000012a   FCTL2
0000012c   FCTL3
0000012e   TA0IV
00000160   TA0CTL
00000162   TA0CCTL0
00000164   TA0CCTL1
00000166   TA0CCTL2
00000170   TA0R
00000172   TA0CCR0
00000174   TA0CCR1
00000176   TA0CCR2
00000180   TA1CTL
00000182   TA1CCTL0
00000184   TA1CCTL1
00000186   TA1CCTL2
00000190   TA1R
00000192   TA1CCR0
00000194   TA1CCR1
00000196   TA1CCR2
000001b0   ADC10CTL0
000001b2   ADC10CTL1
000001b4   ADC10MEM
000001bc   ADC10SA
00000200   .bss
00000200   __bss__
00000200   rx_buffer
00000218   USARTTXBUF
0000021e   Line
00000232   _lock
00000234   _unlock
00000236   _cleanup_ptr
00000238   _dtors_ptr
0000023c   __end__
0000023c   end
000003b0   _stack
00000400   __STACK_END
000010f8   CALDCO_16MHZ
000010f9   CALBC1_16MHZ
000010fa   CALDCO_12MHZ
000010fb   CALBC1_12MHZ
000010fc   CALDCO_8MHZ
000010fd   CALBC1_8MHZ
000010fe   CALDCO_1MHZ
000010ff   CALBC1_1MHZ
0000c000   .text
0000c000   __text__
0000c000   pf_mount
0000c24a   main
0000c41c   printf
0000c56c   disk_initialize
0000c6b0   pf_read
0000c7d4   printi
0000cb1a   pf_open
0000cd02   disk_readp
0000cf4a   SoftSerial_RX_ISR
0000d048   pf_opendir
0000d0c2   prints
0000d1a8   pf_readdir
0000d218   L_LSR_15
0000d21e   L_LSR_14
0000d224   L_LSR_13
0000d22a   L_LSR_12
0000d230   L_LSR_11
0000d236   L_LSR_10
0000d23c   L_LSR_9
0000d242   L_LSR_8
0000d248   L_LSR_7
0000d24e   L_LSR_6
0000d254   L_LSR_5
0000d25a   L_LSR_4
0000d260   L_LSR_3
0000d266   L_LSR_2
0000d26c   L_LSR_1
0000d274   __divul
0000d274   __remul
0000d372   I_LSR
0000d380   I_LSR_15
0000d384   I_LSR_14
0000d388   I_LSR_13
0000d38c   I_LSR_12
0000d390   I_LSR_11
0000d394   I_LSR_10
0000d398   I_LSR_9
0000d39c   I_LSR_8
0000d3a0   I_LSR_7
0000d3a4   I_LSR_6
0000d3a8   I_LSR_5
0000d3ac   I_LSR_4
0000d3b0   I_LSR_3
0000d3b4   I_LSR_2
0000d3b8   I_LSR_1
0000d3be   _auto_init
0000d444   L_LSL_15
0000d448   L_LSL_14
0000d44c   L_LSL_13
0000d450   L_LSL_12
0000d454   L_LSL_11
0000d458   L_LSL_10
0000d45c   L_LSL_9
0000d460   L_LSL_8
0000d464   L_LSL_7
0000d468   L_LSL_6
0000d46c   L_LSL_5
0000d470   L_LSL_4
0000d474   L_LSL_3
0000d478   L_LSL_2
0000d47c   L_LSL_1
0000d4c0   SoftSerial_TX_ISR
0000d4fa   SoftSerial_read
0000d52c   setup
0000d55e   SoftSerial_xmit
0000d58c   I_LSL
0000d598   I_LSL_15
0000d59a   I_LSL_14
0000d59c   I_LSL_13
0000d59e   I_LSL_12
0000d5a0   I_LSL_11
0000d5a2   I_LSL_10
0000d5a4   I_LSL_9
0000d5a6   I_LSL_8
0000d5a8   I_LSL_7
0000d5aa   I_LSL_6
0000d5ac   I_LSL_5
0000d5ae   I_LSL_4
0000d5b0   I_LSL_3
0000d5b2   I_LSL_2
0000d5b4   I_LSL_1
0000d5b8   spi_initialize
0000d5e2   _c_int00
0000d5e2   _c_int00_noexit
0000d608   __mpyl
0000d62e   SoftSerial_init
0000d66c   __divu
0000d66c   __remu
0000d696   __mpyi
0000d6aa   spi_receive
0000d6be   spi_send
0000d6d2   memcpy
0000d6f4   func_epilog_7
0000d6f6   func_epilog_6
0000d6f8   func_epilog_5
0000d6fa   func_epilog_4
0000d6fc   func_epilog_3
0000d6fe   func_epilog_2
0000d700   func_epilog_1
0000d704   SoftSerial_empty
0000d712   _system_pre_init
0000d716   C$$EXIT
0000d716   abort
0000d71a   _nop
0000d71c   __etext__
0000d71c   etext
0000d7da   __cinit__
0000d7da   cinit
0000fffe   _reset_vector
ffffffff   __binit__
ffffffff   __c_args__
ffffffff   __pinit__
ffffffff   binit
ffffffff   pinit

[226 symbols]
