******************************************************************************
                  MSP430 Linker PC v4.0.0                      
******************************************************************************
>> Linked Wed Apr 24 15:20:49 2013

OUTPUT FILE NAME:   <sdCardReadWrite.out>
ENTRY POINT SYMBOL: "_c_int00"  address: 0000c376


MEMORY CONFIGURATION

         name            origin    length      used     unused   attr    fill
----------------------  --------  ---------  --------  --------  ----  --------
  SFR                   00000000   00000010  00000000  00000010  RWIX
  PERIPHERALS_8BIT      00000010   000000f0  00000000  000000f0  RWIX
  PERIPHERALS_16BIT     00000100   00000100  00000000  00000100  RWIX
  RAM                   00000200   00000200  00000062  0000019e  RWIX
  INFOD                 00001000   00000040  00000000  00000040  RWIX
  INFOC                 00001040   00000040  00000000  00000040  RWIX
  INFOB                 00001080   00000040  00000000  00000040  RWIX
  INFOA                 000010c0   00000040  00000000  00000040  RWIX
  FLASH                 0000c000   00003fe0  000004a2  00003b3e  RWIX
  INT00                 0000ffe0   00000002  00000000  00000002  RWIX
  INT01                 0000ffe2   00000002  00000000  00000002  RWIX
  INT02                 0000ffe4   00000002  00000000  00000002  RWIX
  INT03                 0000ffe6   00000002  00000000  00000002  RWIX
  INT04                 0000ffe8   00000002  00000000  00000002  RWIX
  INT05                 0000ffea   00000002  00000000  00000002  RWIX
  INT06                 0000ffec   00000002  00000000  00000002  RWIX
  INT07                 0000ffee   00000002  00000000  00000002  RWIX
  INT08                 0000fff0   00000002  00000000  00000002  RWIX
  INT09                 0000fff2   00000002  00000000  00000002  RWIX
  INT10                 0000fff4   00000002  00000000  00000002  RWIX
  INT11                 0000fff6   00000002  00000000  00000002  RWIX
  INT12                 0000fff8   00000002  00000000  00000002  RWIX
  INT13                 0000fffa   00000002  00000000  00000002  RWIX
  INT14                 0000fffc   00000002  00000000  00000002  RWIX
  RESET                 0000fffe   00000002  00000002  00000000  RWIX


SECTION ALLOCATION MAP

 output                                  attributes/
section   page    origin      length       input sections
--------  ----  ----------  ----------   ----------------
.pinit     0    0000c000    00000000     UNINITIALIZED

.bss       0    00000200    00000012     UNINITIALIZED
                  00000200    0000000a     main.obj (.bss)
                  0000020a    00000004     rts430.lib : _lock.obj (.bss)
                  0000020e    00000004                : boot.obj (.bss)

.stack     0    000003b0    00000050     UNINITIALIZED
                  000003b0    00000002     rts430.lib : boot.obj (.stack)
                  000003b2    0000004e     --HOLE--

.text      0    0000c000    00000486     
                  0000c000    0000012a     mmc.obj (.text:mmcReadCardSize)
                  0000c12a    00000068     mmc.obj (.text:mmcGoIdle)
                  0000c192    00000052     mmc.obj (.text:mmcSendCmd)
                  0000c1e4    0000004e     mmc.obj (.text:mmcInit)
                  0000c232    0000004c     rts430.lib : lsr16.obj (.text)
                  0000c27e    0000004a     main.obj (.text:main)
                  0000c2c8    00000046     rts430.lib : autoinit.obj (.text:_auto_init)
                  0000c30e    0000003c     hal_SPI.obj (.text:spiSendFrame)
                  0000c34a    0000002c     rts430.lib : lsl16.obj (.text)
                  0000c376    00000026                : boot.obj (.text:_c_int00_noexit)
                  0000c39c    00000026                : mult32.obj (.text)
                  0000c3c2    00000024     mmc.obj (.text:mmcGetResponse)
                  0000c3e6    0000001e     hal_SPI.obj (.text:halSPISetup)
                  0000c404    0000001a     main.obj (.text:blinkLED2)
                  0000c41e    0000001a     hal_SPI.obj (.text:spiSendByte)
                  0000c438    00000012     rts430.lib : lsr32.obj (.text:l_lsr)
                  0000c44a    00000012                : memcpy.obj (.text:memcpy)
                  0000c45c    00000010     mmc.obj (.text:mmcPing)
                  0000c46c    00000010     rts430.lib : epilog.obj (.text)
                  0000c47c    00000004                : pre_init.obj (.text:_system_pre_init)
                  0000c480    00000004                : exit.obj (.text:abort)
                  0000c484    00000002                : _lock.obj (.text:_nop)

.cinit     0    0000c486    0000001c     
                  0000c486    0000001a     main.obj (.cinit)
                  0000c4a0    00000002     --HOLE-- [fill = 0]

.reset     0    0000fffe    00000002     
                  0000fffe    00000002     rts430.lib : boot.obj (.reset)


GLOBAL SYMBOLS: SORTED ALPHABETICALLY BY Name 

address    name
--------   ----
00000200   .bss
0000c000   .text
0000004a   ADC10AE0
000001b0   ADC10CTL0
000001b2   ADC10CTL1
00000048   ADC10DTC0
00000049   ADC10DTC1
000001b4   ADC10MEM
000001bc   ADC10SA
00000057   BCSCTL1
00000058   BCSCTL2
00000053   BCSCTL3
0000c480   C$$EXIT
00000059   CACTL1
0000005a   CACTL2
000010fb   CALBC1_12MHZ
000010f9   CALBC1_16MHZ
000010ff   CALBC1_1MHZ
000010fd   CALBC1_8MHZ
000010fa   CALDCO_12MHZ
000010f8   CALDCO_16MHZ
000010fe   CALDCO_1MHZ
000010fc   CALDCO_8MHZ
0000005b   CAPD
00000056   DCOCTL
00000128   FCTL1
0000012a   FCTL2
0000012c   FCTL3
00000000   IE1
00000001   IE2
00000002   IFG1
00000003   IFG2
0000c34a   I_LSL
0000c372   I_LSL_1
0000c360   I_LSL_10
0000c35e   I_LSL_11
0000c35c   I_LSL_12
0000c35a   I_LSL_13
0000c358   I_LSL_14
0000c356   I_LSL_15
0000c370   I_LSL_2
0000c36e   I_LSL_3
0000c36c   I_LSL_4
0000c36a   I_LSL_5
0000c368   I_LSL_6
0000c366   I_LSL_7
0000c364   I_LSL_8
0000c362   I_LSL_9
0000c232   I_LSR
0000c278   I_LSR_1
0000c254   I_LSR_10
0000c250   I_LSR_11
0000c24c   I_LSR_12
0000c248   I_LSR_13
0000c244   I_LSR_14
0000c240   I_LSR_15
0000c274   I_LSR_2
0000c270   I_LSR_3
0000c26c   I_LSR_4
0000c268   I_LSR_5
0000c264   I_LSR_6
0000c260   I_LSR_7
0000c25c   I_LSR_8
0000c258   I_LSR_9
0000c438   L_LSR
00000022   P1DIR
00000025   P1IE
00000024   P1IES
00000023   P1IFG
00000020   P1IN
00000021   P1OUT
00000027   P1REN
00000026   P1SEL
00000041   P1SEL2
0000002a   P2DIR
0000002d   P2IE
0000002c   P2IES
0000002b   P2IFG
00000028   P2IN
00000029   P2OUT
0000002f   P2REN
0000002e   P2SEL
00000042   P2SEL2
0000001a   P3DIR
00000018   P3IN
00000019   P3OUT
00000010   P3REN
0000001b   P3SEL
00000043   P3SEL2
00000172   TA0CCR0
00000174   TA0CCR1
00000176   TA0CCR2
00000162   TA0CCTL0
00000164   TA0CCTL1
00000166   TA0CCTL2
00000160   TA0CTL
0000012e   TA0IV
00000170   TA0R
00000192   TA1CCR0
00000194   TA1CCR1
00000196   TA1CCR2
00000182   TA1CCTL0
00000184   TA1CCTL1
00000186   TA1CCTL2
00000180   TA1CTL
0000011e   TA1IV
00000190   TA1R
0000005d   UCA0ABCTL
00000062   UCA0BR0
00000063   UCA0BR1
00000060   UCA0CTL0
00000061   UCA0CTL1
0000005f   UCA0IRRCTL
0000005e   UCA0IRTCTL
00000064   UCA0MCTL
00000066   UCA0RXBUF
00000065   UCA0STAT
00000067   UCA0TXBUF
0000006a   UCB0BR0
0000006b   UCB0BR1
00000068   UCB0CTL0
00000069   UCB0CTL1
0000006c   UCB0I2CIE
00000118   UCB0I2COA
0000011a   UCB0I2CSA
0000006e   UCB0RXBUF
0000006d   UCB0STAT
0000006f   UCB0TXBUF
00000120   WDTCTL
00000400   __STACK_END
00000050   __STACK_SIZE
00000001   __TI_args_main
00000001   __TI_auto_init
00000001   __TI_exit
ffffffff   __binit__
00000200   __bss__
ffffffff   __c_args__
0000c486   __cinit__
00000212   __end__
0000c486   __etext__
0000c39c   __mpyl
ffffffff   __pinit__
0000c000   __text__
0000c2c8   _auto_init
0000c376   _c_int00
0000c376   _c_int00_noexit
0000020e   _cleanup_ptr
00000210   _dtors_ptr
0000020a   _lock
0000c484   _nop
0000fffe   _reset_vector
000003b0   _stack
0000c47c   _system_pre_init
0000020c   _unlock
0000c480   abort
ffffffff   binit
0000c404   blinkLED2
00000200   cardSize
0000c486   cinit
00000212   end
0000c486   etext
0000c478   func_epilog_1
0000c476   func_epilog_2
0000c474   func_epilog_3
0000c472   func_epilog_4
0000c470   func_epilog_5
0000c46e   func_epilog_6
0000c46c   func_epilog_7
0000c3e6   halSPISetup
00000208   i
0000c27e   main
0000c44a   memcpy
0000c3c2   mmcGetResponse
0000c12a   mmcGoIdle
0000c1e4   mmcInit
0000c45c   mmcPing
0000c000   mmcReadCardSize
0000c192   mmcSendCmd
ffffffff   pinit
0000c41e   spiSendByte
0000c30e   spiSendFrame
00000204   status
00000206   timeout


GLOBAL SYMBOLS: SORTED BY Symbol Address 

address    name
--------   ----
00000000   IE1
00000001   IE2
00000001   __TI_args_main
00000001   __TI_auto_init
00000001   __TI_exit
00000002   IFG1
00000003   IFG2
00000010   P3REN
00000018   P3IN
00000019   P3OUT
0000001a   P3DIR
0000001b   P3SEL
00000020   P1IN
00000021   P1OUT
00000022   P1DIR
00000023   P1IFG
00000024   P1IES
00000025   P1IE
00000026   P1SEL
00000027   P1REN
00000028   P2IN
00000029   P2OUT
0000002a   P2DIR
0000002b   P2IFG
0000002c   P2IES
0000002d   P2IE
0000002e   P2SEL
0000002f   P2REN
00000041   P1SEL2
00000042   P2SEL2
00000043   P3SEL2
00000048   ADC10DTC0
00000049   ADC10DTC1
0000004a   ADC10AE0
00000050   __STACK_SIZE
00000053   BCSCTL3
00000056   DCOCTL
00000057   BCSCTL1
00000058   BCSCTL2
00000059   CACTL1
0000005a   CACTL2
0000005b   CAPD
0000005d   UCA0ABCTL
0000005e   UCA0IRTCTL
0000005f   UCA0IRRCTL
00000060   UCA0CTL0
00000061   UCA0CTL1
00000062   UCA0BR0
00000063   UCA0BR1
00000064   UCA0MCTL
00000065   UCA0STAT
00000066   UCA0RXBUF
00000067   UCA0TXBUF
00000068   UCB0CTL0
00000069   UCB0CTL1
0000006a   UCB0BR0
0000006b   UCB0BR1
0000006c   UCB0I2CIE
0000006d   UCB0STAT
0000006e   UCB0RXBUF
0000006f   UCB0TXBUF
00000118   UCB0I2COA
0000011a   UCB0I2CSA
0000011e   TA1IV
00000120   WDTCTL
00000128   FCTL1
0000012a   FCTL2
0000012c   FCTL3
0000012e   TA0IV
00000160   TA0CTL
00000162   TA0CCTL0
00000164   TA0CCTL1
00000166   TA0CCTL2
00000170   TA0R
00000172   TA0CCR0
00000174   TA0CCR1
00000176   TA0CCR2
00000180   TA1CTL
00000182   TA1CCTL0
00000184   TA1CCTL1
00000186   TA1CCTL2
00000190   TA1R
00000192   TA1CCR0
00000194   TA1CCR1
00000196   TA1CCR2
000001b0   ADC10CTL0
000001b2   ADC10CTL1
000001b4   ADC10MEM
000001bc   ADC10SA
00000200   .bss
00000200   __bss__
00000200   cardSize
00000204   status
00000206   timeout
00000208   i
0000020a   _lock
0000020c   _unlock
0000020e   _cleanup_ptr
00000210   _dtors_ptr
00000212   __end__
00000212   end
000003b0   _stack
00000400   __STACK_END
000010f8   CALDCO_16MHZ
000010f9   CALBC1_16MHZ
000010fa   CALDCO_12MHZ
000010fb   CALBC1_12MHZ
000010fc   CALDCO_8MHZ
000010fd   CALBC1_8MHZ
000010fe   CALDCO_1MHZ
000010ff   CALBC1_1MHZ
0000c000   .text
0000c000   __text__
0000c000   mmcReadCardSize
0000c12a   mmcGoIdle
0000c192   mmcSendCmd
0000c1e4   mmcInit
0000c232   I_LSR
0000c240   I_LSR_15
0000c244   I_LSR_14
0000c248   I_LSR_13
0000c24c   I_LSR_12
0000c250   I_LSR_11
0000c254   I_LSR_10
0000c258   I_LSR_9
0000c25c   I_LSR_8
0000c260   I_LSR_7
0000c264   I_LSR_6
0000c268   I_LSR_5
0000c26c   I_LSR_4
0000c270   I_LSR_3
0000c274   I_LSR_2
0000c278   I_LSR_1
0000c27e   main
0000c2c8   _auto_init
0000c30e   spiSendFrame
0000c34a   I_LSL
0000c356   I_LSL_15
0000c358   I_LSL_14
0000c35a   I_LSL_13
0000c35c   I_LSL_12
0000c35e   I_LSL_11
0000c360   I_LSL_10
0000c362   I_LSL_9
0000c364   I_LSL_8
0000c366   I_LSL_7
0000c368   I_LSL_6
0000c36a   I_LSL_5
0000c36c   I_LSL_4
0000c36e   I_LSL_3
0000c370   I_LSL_2
0000c372   I_LSL_1
0000c376   _c_int00
0000c376   _c_int00_noexit
0000c39c   __mpyl
0000c3c2   mmcGetResponse
0000c3e6   halSPISetup
0000c404   blinkLED2
0000c41e   spiSendByte
0000c438   L_LSR
0000c44a   memcpy
0000c45c   mmcPing
0000c46c   func_epilog_7
0000c46e   func_epilog_6
0000c470   func_epilog_5
0000c472   func_epilog_4
0000c474   func_epilog_3
0000c476   func_epilog_2
0000c478   func_epilog_1
0000c47c   _system_pre_init
0000c480   C$$EXIT
0000c480   abort
0000c484   _nop
0000c486   __cinit__
0000c486   __etext__
0000c486   cinit
0000c486   etext
0000fffe   _reset_vector
ffffffff   __binit__
ffffffff   __c_args__
ffffffff   __pinit__
ffffffff   binit
ffffffff   pinit

[183 symbols]
