******************************************************************************
                  MSP430 Linker PC v4.0.0                      
******************************************************************************
>> Linked Mon May 13 15:39:33 2013

OUTPUT FILE NAME:   <BikeAlarm.out>
ENTRY POINT SYMBOL: "_c_int00"  address: 0000c216


MEMORY CONFIGURATION

         name            origin    length      used     unused   attr    fill
----------------------  --------  ---------  --------  --------  ----  --------
  SFR                   00000000   00000010  00000000  00000010  RWIX
  PERIPHERALS_8BIT      00000010   000000f0  00000000  000000f0  RWIX
  PERIPHERALS_16BIT     00000100   00000100  00000000  00000100  RWIX
  RAM                   00000200   00000200  000000b0  00000150  RWIX
  INFOD                 00001000   00000040  00000000  00000040  RWIX
  INFOC                 00001040   00000040  00000000  00000040  RWIX
  INFOB                 00001080   00000040  00000000  00000040  RWIX
  INFOA                 000010c0   00000040  00000000  00000040  RWIX
  FLASH                 0000c000   00003fe0  000002b2  00003d2e  RWIX
  INT00                 0000ffe0   00000002  00000000  00000002  RWIX
  INT01                 0000ffe2   00000002  00000000  00000002  RWIX
  INT02                 0000ffe4   00000002  00000000  00000002  RWIX
  INT03                 0000ffe6   00000002  00000000  00000002  RWIX
  INT04                 0000ffe8   00000002  00000000  00000002  RWIX
  INT05                 0000ffea   00000002  00000000  00000002  RWIX
  INT06                 0000ffec   00000002  00000002  00000000  RWIX
  INT07                 0000ffee   00000002  00000002  00000000  RWIX
  INT08                 0000fff0   00000002  00000000  00000002  RWIX
  INT09                 0000fff2   00000002  00000000  00000002  RWIX
  INT10                 0000fff4   00000002  00000000  00000002  RWIX
  INT11                 0000fff6   00000002  00000000  00000002  RWIX
  INT12                 0000fff8   00000002  00000000  00000002  RWIX
  INT13                 0000fffa   00000002  00000000  00000002  RWIX
  INT14                 0000fffc   00000002  00000000  00000002  RWIX
  RESET                 0000fffe   00000002  00000002  00000000  RWIX


SECTION ALLOCATION MAP

 output                                  attributes/
section   page    origin      length       input sections
--------  ----  ----------  ----------   ----------------
.pinit     0    0000c000    00000000     UNINITIALIZED

.bss       0    00000200    00000060     UNINITIALIZED
                  00000200    00000052     main.obj (.bss)
                  00000252    00000006     TI_USCI_I2C_master.obj (.bss)
                  00000258    00000004     rts430.lib : _lock.obj (.bss)
                  0000025c    00000004                : boot.obj (.bss)

.stack     0    000003b0    00000050     UNINITIALIZED
                  000003b0    00000002     rts430.lib : boot.obj (.stack)
                  000003b2    0000004e     --HOLE--

.text      0    0000c000    00000292     
                  0000c000    00000094     main.obj (.text:main)
                  0000c094    0000005a     TI_USCI_I2C_master.obj (.text:USCIAB0TX_ISR)
                  0000c0ee    0000004a     TI_USCI_I2C_master.obj (.text:TI_USCI_I2C_slave_present)
                  0000c138    00000046     rts430.lib : autoinit.obj (.text:_auto_init)
                  0000c17e    00000034     TI_USCI_I2C_master.obj (.text:TI_USCI_I2C_receive)
                  0000c1b2    00000032     TI_USCI_I2C_master.obj (.text:TI_USCI_I2C_receiveinit)
                  0000c1e4    00000032     TI_USCI_I2C_master.obj (.text:TI_USCI_I2C_transmitinit)
                  0000c216    00000026     rts430.lib : boot.obj (.text:_c_int00_noexit)
                  0000c23c    00000012                : memcpy.obj (.text:memcpy)
                  0000c24e    00000010     TI_USCI_I2C_master.obj (.text:TI_USCI_I2C_transmit)
                  0000c25e    00000010     TI_USCI_I2C_master.obj (.text:USCIAB0RX_ISR)
                  0000c26e    00000010     rts430.lib : epilog.obj (.text)
                  0000c27e    0000000a     TI_USCI_I2C_master.obj (.text:TI_USCI_I2C_notready)
                  0000c288    00000004     rts430.lib : pre_init.obj (.text:_system_pre_init)
                  0000c28c    00000004                : exit.obj (.text:abort)
                  0000c290    00000002                : _lock.obj (.text:_nop)

.cinit     0    0000c292    00000020     
                  0000c292    0000001e     main.obj (.cinit)
                  0000c2b0    00000002     --HOLE-- [fill = 0]

.int06     0    0000ffec    00000002     
                  0000ffec    00000002     TI_USCI_I2C_master.obj (.int06)

.int07     0    0000ffee    00000002     
                  0000ffee    00000002     TI_USCI_I2C_master.obj (.int07)

.reset     0    0000fffe    00000002     
                  0000fffe    00000002     rts430.lib : boot.obj (.reset)


GLOBAL SYMBOLS: SORTED ALPHABETICALLY BY Name 

address    name
--------   ----
00000200   .bss
0000c000   .text
0000004a   ADC10AE0
000001b0   ADC10CTL0
000001b2   ADC10CTL1
00000048   ADC10DTC0
00000049   ADC10DTC1
000001b4   ADC10MEM
000001bc   ADC10SA
00000057   BCSCTL1
00000058   BCSCTL2
00000053   BCSCTL3
0000c28c   C$$EXIT
00000059   CACTL1
0000005a   CACTL2
000010fb   CALBC1_12MHZ
000010f9   CALBC1_16MHZ
000010ff   CALBC1_1MHZ
000010fd   CALBC1_8MHZ
000010fa   CALDCO_12MHZ
000010f8   CALDCO_16MHZ
000010fe   CALDCO_1MHZ
000010fc   CALDCO_8MHZ
0000005b   CAPD
00000056   DCOCTL
00000128   FCTL1
0000012a   FCTL2
0000012c   FCTL3
00000000   IE1
00000001   IE2
00000002   IFG1
00000003   IFG2
00000022   P1DIR
00000025   P1IE
00000024   P1IES
00000023   P1IFG
00000020   P1IN
00000021   P1OUT
00000027   P1REN
00000026   P1SEL
00000041   P1SEL2
0000002a   P2DIR
0000002d   P2IE
0000002c   P2IES
0000002b   P2IFG
00000028   P2IN
00000029   P2OUT
0000002f   P2REN
0000002e   P2SEL
00000042   P2SEL2
0000001a   P3DIR
00000018   P3IN
00000019   P3OUT
00000010   P3REN
0000001b   P3SEL
00000043   P3SEL2
00000172   TA0CCR0
00000174   TA0CCR1
00000176   TA0CCR2
00000162   TA0CCTL0
00000164   TA0CCTL1
00000166   TA0CCTL2
00000160   TA0CTL
0000012e   TA0IV
00000170   TA0R
00000192   TA1CCR0
00000194   TA1CCR1
00000196   TA1CCR2
00000182   TA1CCTL0
00000184   TA1CCTL1
00000186   TA1CCTL2
00000180   TA1CTL
0000011e   TA1IV
00000190   TA1R
0000c27e   TI_USCI_I2C_notready
0000c17e   TI_USCI_I2C_receive
0000c1b2   TI_USCI_I2C_receiveinit
0000c0ee   TI_USCI_I2C_slave_present
0000c24e   TI_USCI_I2C_transmit
0000c1e4   TI_USCI_I2C_transmitinit
00000254   TI_receive_field
00000256   TI_transmit_field
0000005d   UCA0ABCTL
00000062   UCA0BR0
00000063   UCA0BR1
00000060   UCA0CTL0
00000061   UCA0CTL1
0000005f   UCA0IRRCTL
0000005e   UCA0IRTCTL
00000064   UCA0MCTL
00000066   UCA0RXBUF
00000065   UCA0STAT
00000067   UCA0TXBUF
0000006a   UCB0BR0
0000006b   UCB0BR1
00000068   UCB0CTL0
00000069   UCB0CTL1
0000006c   UCB0I2CIE
00000118   UCB0I2COA
0000011a   UCB0I2CSA
0000006e   UCB0RXBUF
0000006d   UCB0STAT
0000006f   UCB0TXBUF
0000c25e   USCIAB0RX_ISR
0000c094   USCIAB0TX_ISR
00000120   WDTCTL
00000400   __STACK_END
00000050   __STACK_SIZE
00000001   __TI_args_main
00000001   __TI_auto_init
00000001   __TI_exit
ffffffff   __binit__
00000200   __bss__
ffffffff   __c_args__
0000c292   __cinit__
00000260   __end__
0000c292   __etext__
ffffffff   __pinit__
0000c000   __text__
0000c138   _auto_init
0000c216   _c_int00
0000c216   _c_int00_noexit
0000025c   _cleanup_ptr
0000025e   _dtors_ptr
00000258   _lock
0000c290   _nop
0000fffe   _reset_vector
000003b0   _stack
0000c288   _system_pre_init
0000025a   _unlock
0000c28c   abort
00000202   array
ffffffff   binit
00000252   byteCtr
0000c292   cinit
00000260   end
0000c292   etext
0000c27a   func_epilog_1
0000c278   func_epilog_2
0000c276   func_epilog_3
0000c274   func_epilog_4
0000c272   func_epilog_5
0000c270   func_epilog_6
0000c26e   func_epilog_7
0000c000   main
0000c23c   memcpy
ffffffff   pinit
0000022a   store
00000200   timercounter


GLOBAL SYMBOLS: SORTED BY Symbol Address 

address    name
--------   ----
00000000   IE1
00000001   IE2
00000001   __TI_args_main
00000001   __TI_auto_init
00000001   __TI_exit
00000002   IFG1
00000003   IFG2
00000010   P3REN
00000018   P3IN
00000019   P3OUT
0000001a   P3DIR
0000001b   P3SEL
00000020   P1IN
00000021   P1OUT
00000022   P1DIR
00000023   P1IFG
00000024   P1IES
00000025   P1IE
00000026   P1SEL
00000027   P1REN
00000028   P2IN
00000029   P2OUT
0000002a   P2DIR
0000002b   P2IFG
0000002c   P2IES
0000002d   P2IE
0000002e   P2SEL
0000002f   P2REN
00000041   P1SEL2
00000042   P2SEL2
00000043   P3SEL2
00000048   ADC10DTC0
00000049   ADC10DTC1
0000004a   ADC10AE0
00000050   __STACK_SIZE
00000053   BCSCTL3
00000056   DCOCTL
00000057   BCSCTL1
00000058   BCSCTL2
00000059   CACTL1
0000005a   CACTL2
0000005b   CAPD
0000005d   UCA0ABCTL
0000005e   UCA0IRTCTL
0000005f   UCA0IRRCTL
00000060   UCA0CTL0
00000061   UCA0CTL1
00000062   UCA0BR0
00000063   UCA0BR1
00000064   UCA0MCTL
00000065   UCA0STAT
00000066   UCA0RXBUF
00000067   UCA0TXBUF
00000068   UCB0CTL0
00000069   UCB0CTL1
0000006a   UCB0BR0
0000006b   UCB0BR1
0000006c   UCB0I2CIE
0000006d   UCB0STAT
0000006e   UCB0RXBUF
0000006f   UCB0TXBUF
00000118   UCB0I2COA
0000011a   UCB0I2CSA
0000011e   TA1IV
00000120   WDTCTL
00000128   FCTL1
0000012a   FCTL2
0000012c   FCTL3
0000012e   TA0IV
00000160   TA0CTL
00000162   TA0CCTL0
00000164   TA0CCTL1
00000166   TA0CCTL2
00000170   TA0R
00000172   TA0CCR0
00000174   TA0CCR1
00000176   TA0CCR2
00000180   TA1CTL
00000182   TA1CCTL0
00000184   TA1CCTL1
00000186   TA1CCTL2
00000190   TA1R
00000192   TA1CCR0
00000194   TA1CCR1
00000196   TA1CCR2
000001b0   ADC10CTL0
000001b2   ADC10CTL1
000001b4   ADC10MEM
000001bc   ADC10SA
00000200   .bss
00000200   __bss__
00000200   timercounter
00000202   array
0000022a   store
00000252   byteCtr
00000254   TI_receive_field
00000256   TI_transmit_field
00000258   _lock
0000025a   _unlock
0000025c   _cleanup_ptr
0000025e   _dtors_ptr
00000260   __end__
00000260   end
000003b0   _stack
00000400   __STACK_END
000010f8   CALDCO_16MHZ
000010f9   CALBC1_16MHZ
000010fa   CALDCO_12MHZ
000010fb   CALBC1_12MHZ
000010fc   CALDCO_8MHZ
000010fd   CALBC1_8MHZ
000010fe   CALDCO_1MHZ
000010ff   CALBC1_1MHZ
0000c000   .text
0000c000   __text__
0000c000   main
0000c094   USCIAB0TX_ISR
0000c0ee   TI_USCI_I2C_slave_present
0000c138   _auto_init
0000c17e   TI_USCI_I2C_receive
0000c1b2   TI_USCI_I2C_receiveinit
0000c1e4   TI_USCI_I2C_transmitinit
0000c216   _c_int00
0000c216   _c_int00_noexit
0000c23c   memcpy
0000c24e   TI_USCI_I2C_transmit
0000c25e   USCIAB0RX_ISR
0000c26e   func_epilog_7
0000c270   func_epilog_6
0000c272   func_epilog_5
0000c274   func_epilog_4
0000c276   func_epilog_3
0000c278   func_epilog_2
0000c27a   func_epilog_1
0000c27e   TI_USCI_I2C_notready
0000c288   _system_pre_init
0000c28c   C$$EXIT
0000c28c   abort
0000c290   _nop
0000c292   __cinit__
0000c292   __etext__
0000c292   cinit
0000c292   etext
0000fffe   _reset_vector
ffffffff   __binit__
ffffffff   __c_args__
ffffffff   __pinit__
ffffffff   binit
ffffffff   pinit

[149 symbols]
