******************************************************************************
                  MSP430 Linker PC v4.0.0                      
******************************************************************************
>> Linked Tue Mar 19 15:11:51 2013

OUTPUT FILE NAME:   <Lab10a.out>
ENTRY POINT SYMBOL: "_c_int00"  address: 0000c240


MEMORY CONFIGURATION

         name            origin    length      used     unused   attr    fill
----------------------  --------  ---------  --------  --------  ----  --------
  SFR                   00000000   00000010  00000000  00000010  RWIX
  PERIPHERALS_8BIT      00000010   000000f0  00000000  000000f0  RWIX
  PERIPHERALS_16BIT     00000100   00000100  00000000  00000100  RWIX
  RAM                   00000200   00000200  0000007a  00000186  RWIX
  INFOD                 00001000   00000040  00000000  00000040  RWIX
  INFOC                 00001040   00000040  00000000  00000040  RWIX
  INFOB                 00001080   00000040  00000000  00000040  RWIX
  INFOA                 000010c0   00000040  00000000  00000040  RWIX
  FLASH                 0000c000   00003fe0  0000034c  00003c94  RWIX
  INT00                 0000ffe0   00000002  00000000  00000002  RWIX
  INT01                 0000ffe2   00000002  00000000  00000002  RWIX
  INT02                 0000ffe4   00000002  00000000  00000002  RWIX
  INT03                 0000ffe6   00000002  00000000  00000002  RWIX
  INT04                 0000ffe8   00000002  00000000  00000002  RWIX
  INT05                 0000ffea   00000002  00000000  00000002  RWIX
  INT06                 0000ffec   00000002  00000000  00000002  RWIX
  INT07                 0000ffee   00000002  00000000  00000002  RWIX
  INT08                 0000fff0   00000002  00000000  00000002  RWIX
  INT09                 0000fff2   00000002  00000000  00000002  RWIX
  INT10                 0000fff4   00000002  00000002  00000000  RWIX
  INT11                 0000fff6   00000002  00000000  00000002  RWIX
  INT12                 0000fff8   00000002  00000000  00000002  RWIX
  INT13                 0000fffa   00000002  00000000  00000002  RWIX
  INT14                 0000fffc   00000002  00000000  00000002  RWIX
  RESET                 0000fffe   00000002  00000002  00000000  RWIX


SECTION ALLOCATION MAP

 output                                  attributes/
section   page    origin      length       input sections
--------  ----  ----------  ----------   ----------------
.pinit     0    0000c000    00000000     UNINITIALIZED

.bss       0    00000200    0000002a     UNINITIALIZED
                  00000200    00000016     CTS_Layer.obj (.bss)
                  00000216    0000000c     LAB10a.obj (.bss)
                  00000222    00000004     rts430.lib : _lock.obj (.bss)
                  00000226    00000004                : boot.obj (.bss)

.stack     0    000003b0    00000050     UNINITIALIZED
                  000003b0    00000002     rts430.lib : boot.obj (.stack)
                  000003b2    0000004e     --HOLE--

.text      0    0000c000    000002d2     
                  0000c000    0000012a     CTS_HAL.obj (.text:TI_CTS_RO_PINOSC_TA0_WDTp_HAL)
                  0000c12a    00000058     LAB10a.obj (.text:main)
                  0000c182    0000004c     rts430.lib : lsr16.obj (.text)
                  0000c1ce    00000046                : autoinit.obj (.text:_auto_init)
                  0000c214    0000002c                : lsl16.obj (.text)
                  0000c240    00000026                : boot.obj (.text:_c_int00_noexit)
                  0000c266    00000016                : div16u.obj (.text)
                  0000c27c    00000014                : mult16.obj (.text)
                  0000c290    00000012                : memcpy.obj (.text:memcpy)
                  0000c2a2    00000010                : epilog.obj (.text)
                  0000c2b2    0000000e     CTS_Layer.obj (.text:TI_CAPT_Raw)
                  0000c2c0    00000008     CTS_HAL.obj (.text:watchdog_timer)
                  0000c2c8    00000004     rts430.lib : pre_init.obj (.text:_system_pre_init)
                  0000c2cc    00000004                : exit.obj (.text:abort)
                  0000c2d0    00000002                : _lock.obj (.text:_nop)

.const     0    0000c2d2    00000072     
                  0000c2d2    00000072     structure.obj (.const)

.cinit     0    0000c344    00000008     
                  0000c344    00000006     CTS_Layer.obj (.cinit)
                  0000c34a    00000002     --HOLE-- [fill = 0]

.int10     0    0000fff4    00000002     
                  0000fff4    00000002     CTS_HAL.obj (.int10)

.reset     0    0000fffe    00000002     
                  0000fffe    00000002     rts430.lib : boot.obj (.reset)


GLOBAL SYMBOLS: SORTED ALPHABETICALLY BY Name 

address    name
--------   ----
00000200   .bss
0000c000   .text
0000004a   ADC10AE0
000001b0   ADC10CTL0
000001b2   ADC10CTL1
00000048   ADC10DTC0
00000049   ADC10DTC1
000001b4   ADC10MEM
000001bc   ADC10SA
00000057   BCSCTL1
00000058   BCSCTL2
00000053   BCSCTL3
0000c2cc   C$$EXIT
00000059   CACTL1
0000005a   CACTL2
000010fb   CALBC1_12MHZ
000010f9   CALBC1_16MHZ
000010ff   CALBC1_1MHZ
000010fd   CALBC1_8MHZ
000010fa   CALDCO_12MHZ
000010f8   CALDCO_16MHZ
000010fe   CALDCO_1MHZ
000010fc   CALDCO_8MHZ
0000005b   CAPD
00000056   DCOCTL
00000128   FCTL1
0000012a   FCTL2
0000012c   FCTL3
00000000   IE1
00000001   IE2
00000002   IFG1
00000003   IFG2
0000c214   I_LSL
0000c23c   I_LSL_1
0000c22a   I_LSL_10
0000c228   I_LSL_11
0000c226   I_LSL_12
0000c224   I_LSL_13
0000c222   I_LSL_14
0000c220   I_LSL_15
0000c23a   I_LSL_2
0000c238   I_LSL_3
0000c236   I_LSL_4
0000c234   I_LSL_5
0000c232   I_LSL_6
0000c230   I_LSL_7
0000c22e   I_LSL_8
0000c22c   I_LSL_9
0000c182   I_LSR
0000c1c8   I_LSR_1
0000c1a4   I_LSR_10
0000c1a0   I_LSR_11
0000c19c   I_LSR_12
0000c198   I_LSR_13
0000c194   I_LSR_14
0000c190   I_LSR_15
0000c1c4   I_LSR_2
0000c1c0   I_LSR_3
0000c1bc   I_LSR_4
0000c1b8   I_LSR_5
0000c1b4   I_LSR_6
0000c1b0   I_LSR_7
0000c1ac   I_LSR_8
0000c1a8   I_LSR_9
00000022   P1DIR
00000025   P1IE
00000024   P1IES
00000023   P1IFG
00000020   P1IN
00000021   P1OUT
00000027   P1REN
00000026   P1SEL
00000041   P1SEL2
0000002a   P2DIR
0000002d   P2IE
0000002c   P2IES
0000002b   P2IFG
00000028   P2IN
00000029   P2OUT
0000002f   P2REN
0000002e   P2SEL
00000042   P2SEL2
0000001a   P3DIR
00000018   P3IN
00000019   P3OUT
00000010   P3REN
0000001b   P3SEL
00000043   P3SEL2
00000172   TA0CCR0
00000174   TA0CCR1
00000176   TA0CCR2
00000162   TA0CCTL0
00000164   TA0CCTL1
00000166   TA0CCTL2
00000160   TA0CTL
0000012e   TA0IV
00000170   TA0R
00000192   TA1CCR0
00000194   TA1CCR1
00000196   TA1CCR2
00000182   TA1CCTL0
00000184   TA1CCTL1
00000186   TA1CCTL2
00000180   TA1CTL
0000011e   TA1IV
00000190   TA1R
0000c2b2   TI_CAPT_Raw
0000c000   TI_CTS_RO_PINOSC_TA0_WDTp_HAL
0000005d   UCA0ABCTL
00000062   UCA0BR0
00000063   UCA0BR1
00000060   UCA0CTL0
00000061   UCA0CTL1
0000005f   UCA0IRRCTL
0000005e   UCA0IRTCTL
00000064   UCA0MCTL
00000066   UCA0RXBUF
00000065   UCA0STAT
00000067   UCA0TXBUF
0000006a   UCB0BR0
0000006b   UCB0BR1
00000068   UCB0CTL0
00000069   UCB0CTL1
0000006c   UCB0I2CIE
00000118   UCB0I2COA
0000011a   UCB0I2CSA
0000006e   UCB0RXBUF
0000006d   UCB0STAT
0000006f   UCB0TXBUF
00000120   WDTCTL
00000400   __STACK_END
00000050   __STACK_SIZE
00000001   __TI_args_main
00000001   __TI_auto_init
00000001   __TI_exit
ffffffff   __binit__
00000200   __bss__
ffffffff   __c_args__
0000c344   __cinit__
0000c266   __divu
0000022a   __end__
0000c2d2   __etext__
0000c27c   __mpyi
ffffffff   __pinit__
0000c266   __remu
0000c000   __text__
0000c1ce   _auto_init
0000c240   _c_int00
0000c240   _c_int00_noexit
00000226   _cleanup_ptr
00000228   _dtors_ptr
00000222   _lock
0000c2d0   _nop
0000fffe   _reset_vector
000003b0   _stack
0000c2c8   _system_pre_init
00000224   _unlock
0000c2cc   abort
00000200   baseCnt
ffffffff   binit
00000218   buttonCnt
0000c344   cinit
00000214   ctsStatusReg
0000c2d2   down
0000022a   end
0000c2d2   etext
0000c2ae   func_epilog_1
0000c2ac   func_epilog_2
0000c2aa   func_epilog_3
0000c2a8   func_epilog_4
0000c2a6   func_epilog_5
0000c2a4   func_epilog_6
0000c2a2   func_epilog_7
0000c2f0   left
0000c12a   main
0000020c   measCnt
0000c290   memcpy
0000c2fa   middle
0000c320   middle_button
ffffffff   pinit
0000c304   proximity
00000216   proximityCnt
0000c332   proximity_sensor
0000c2dc   right
0000c2e6   up
0000c2c0   watchdog_timer
0000c30e   wheel
0000021a   wheelCnt


GLOBAL SYMBOLS: SORTED BY Symbol Address 

address    name
--------   ----
00000000   IE1
00000001   IE2
00000001   __TI_args_main
00000001   __TI_auto_init
00000001   __TI_exit
00000002   IFG1
00000003   IFG2
00000010   P3REN
00000018   P3IN
00000019   P3OUT
0000001a   P3DIR
0000001b   P3SEL
00000020   P1IN
00000021   P1OUT
00000022   P1DIR
00000023   P1IFG
00000024   P1IES
00000025   P1IE
00000026   P1SEL
00000027   P1REN
00000028   P2IN
00000029   P2OUT
0000002a   P2DIR
0000002b   P2IFG
0000002c   P2IES
0000002d   P2IE
0000002e   P2SEL
0000002f   P2REN
00000041   P1SEL2
00000042   P2SEL2
00000043   P3SEL2
00000048   ADC10DTC0
00000049   ADC10DTC1
0000004a   ADC10AE0
00000050   __STACK_SIZE
00000053   BCSCTL3
00000056   DCOCTL
00000057   BCSCTL1
00000058   BCSCTL2
00000059   CACTL1
0000005a   CACTL2
0000005b   CAPD
0000005d   UCA0ABCTL
0000005e   UCA0IRTCTL
0000005f   UCA0IRRCTL
00000060   UCA0CTL0
00000061   UCA0CTL1
00000062   UCA0BR0
00000063   UCA0BR1
00000064   UCA0MCTL
00000065   UCA0STAT
00000066   UCA0RXBUF
00000067   UCA0TXBUF
00000068   UCB0CTL0
00000069   UCB0CTL1
0000006a   UCB0BR0
0000006b   UCB0BR1
0000006c   UCB0I2CIE
0000006d   UCB0STAT
0000006e   UCB0RXBUF
0000006f   UCB0TXBUF
00000118   UCB0I2COA
0000011a   UCB0I2CSA
0000011e   TA1IV
00000120   WDTCTL
00000128   FCTL1
0000012a   FCTL2
0000012c   FCTL3
0000012e   TA0IV
00000160   TA0CTL
00000162   TA0CCTL0
00000164   TA0CCTL1
00000166   TA0CCTL2
00000170   TA0R
00000172   TA0CCR0
00000174   TA0CCR1
00000176   TA0CCR2
00000180   TA1CTL
00000182   TA1CCTL0
00000184   TA1CCTL1
00000186   TA1CCTL2
00000190   TA1R
00000192   TA1CCR0
00000194   TA1CCR1
00000196   TA1CCR2
000001b0   ADC10CTL0
000001b2   ADC10CTL1
000001b4   ADC10MEM
000001bc   ADC10SA
00000200   .bss
00000200   __bss__
00000200   baseCnt
0000020c   measCnt
00000214   ctsStatusReg
00000216   proximityCnt
00000218   buttonCnt
0000021a   wheelCnt
00000222   _lock
00000224   _unlock
00000226   _cleanup_ptr
00000228   _dtors_ptr
0000022a   __end__
0000022a   end
000003b0   _stack
00000400   __STACK_END
000010f8   CALDCO_16MHZ
000010f9   CALBC1_16MHZ
000010fa   CALDCO_12MHZ
000010fb   CALBC1_12MHZ
000010fc   CALDCO_8MHZ
000010fd   CALBC1_8MHZ
000010fe   CALDCO_1MHZ
000010ff   CALBC1_1MHZ
0000c000   .text
0000c000   TI_CTS_RO_PINOSC_TA0_WDTp_HAL
0000c000   __text__
0000c12a   main
0000c182   I_LSR
0000c190   I_LSR_15
0000c194   I_LSR_14
0000c198   I_LSR_13
0000c19c   I_LSR_12
0000c1a0   I_LSR_11
0000c1a4   I_LSR_10
0000c1a8   I_LSR_9
0000c1ac   I_LSR_8
0000c1b0   I_LSR_7
0000c1b4   I_LSR_6
0000c1b8   I_LSR_5
0000c1bc   I_LSR_4
0000c1c0   I_LSR_3
0000c1c4   I_LSR_2
0000c1c8   I_LSR_1
0000c1ce   _auto_init
0000c214   I_LSL
0000c220   I_LSL_15
0000c222   I_LSL_14
0000c224   I_LSL_13
0000c226   I_LSL_12
0000c228   I_LSL_11
0000c22a   I_LSL_10
0000c22c   I_LSL_9
0000c22e   I_LSL_8
0000c230   I_LSL_7
0000c232   I_LSL_6
0000c234   I_LSL_5
0000c236   I_LSL_4
0000c238   I_LSL_3
0000c23a   I_LSL_2
0000c23c   I_LSL_1
0000c240   _c_int00
0000c240   _c_int00_noexit
0000c266   __divu
0000c266   __remu
0000c27c   __mpyi
0000c290   memcpy
0000c2a2   func_epilog_7
0000c2a4   func_epilog_6
0000c2a6   func_epilog_5
0000c2a8   func_epilog_4
0000c2aa   func_epilog_3
0000c2ac   func_epilog_2
0000c2ae   func_epilog_1
0000c2b2   TI_CAPT_Raw
0000c2c0   watchdog_timer
0000c2c8   _system_pre_init
0000c2cc   C$$EXIT
0000c2cc   abort
0000c2d0   _nop
0000c2d2   __etext__
0000c2d2   down
0000c2d2   etext
0000c2dc   right
0000c2e6   up
0000c2f0   left
0000c2fa   middle
0000c304   proximity
0000c30e   wheel
0000c320   middle_button
0000c332   proximity_sensor
0000c344   __cinit__
0000c344   cinit
0000fffe   _reset_vector
ffffffff   __binit__
ffffffff   __c_args__
ffffffff   __pinit__
ffffffff   binit
ffffffff   pinit

[188 symbols]
