******************************************************************************
                  MSP430 Linker PC v4.0.0                      
******************************************************************************
>> Linked Tue Mar 19 15:13:49 2013

OUTPUT FILE NAME:   <uartSerialComm5.out>
ENTRY POINT SYMBOL: "_c_int00"  address: 0000c292


MEMORY CONFIGURATION

         name            origin    length      used     unused   attr    fill
----------------------  --------  ---------  --------  --------  ----  --------
  SFR                   00000000   00000010  00000000  00000010  RWIX
  PERIPHERALS_8BIT      00000010   000000f0  00000000  000000f0  RWIX
  PERIPHERALS_16BIT     00000100   00000100  00000000  00000100  RWIX
  RAM                   00000200   00000200  00000196  0000006a  RWIX
  INFOD                 00001000   00000040  00000000  00000040  RWIX
  INFOC                 00001040   00000040  00000000  00000040  RWIX
  INFOB                 00001080   00000040  00000000  00000040  RWIX
  INFOA                 000010c0   00000040  00000000  00000040  RWIX
  FLASH                 0000c000   00003fe0  0000044c  00003b94  RWIX
  INT00                 0000ffe0   00000002  00000000  00000002  RWIX
  INT01                 0000ffe2   00000002  00000000  00000002  RWIX
  INT02                 0000ffe4   00000002  00000000  00000002  RWIX
  INT03                 0000ffe6   00000002  00000000  00000002  RWIX
  INT04                 0000ffe8   00000002  00000000  00000002  RWIX
  INT05                 0000ffea   00000002  00000000  00000002  RWIX
  INT06                 0000ffec   00000002  00000000  00000002  RWIX
  INT07                 0000ffee   00000002  00000002  00000000  RWIX
  INT08                 0000fff0   00000002  00000000  00000002  RWIX
  INT09                 0000fff2   00000002  00000000  00000002  RWIX
  INT10                 0000fff4   00000002  00000000  00000002  RWIX
  INT11                 0000fff6   00000002  00000000  00000002  RWIX
  INT12                 0000fff8   00000002  00000000  00000002  RWIX
  INT13                 0000fffa   00000002  00000000  00000002  RWIX
  INT14                 0000fffc   00000002  00000000  00000002  RWIX
  RESET                 0000fffe   00000002  00000002  00000000  RWIX


SECTION ALLOCATION MAP

 output                                  attributes/
section   page    origin      length       input sections
--------  ----  ----------  ----------   ----------------
.pinit     0    0000c000    00000000     UNINITIALIZED

.bss       0    00000200    00000146     UNINITIALIZED
                  00000200    0000013e     main.obj (.bss)
                  0000033e    00000004     rts430.lib : _lock.obj (.bss)
                  00000342    00000004                : boot.obj (.bss)

.stack     0    000003b0    00000050     UNINITIALIZED
                  000003b0    00000002     rts430.lib : boot.obj (.stack)
                  000003b2    0000004e     --HOLE--

.text      0    0000c000    00000396     
                  0000c000    0000009c     main.obj (.text:parseData)
                  0000c09c    00000088     main.obj (.text:main)
                  0000c124    00000054     main.obj (.text:USCI0RX_ISR)
                  0000c178    0000004a     main.obj (.text:setupUART)
                  0000c1c2    00000046     rts430.lib : autoinit.obj (.text:_auto_init)
                  0000c208    00000034     main.obj (.text:writeData)
                  0000c23c    0000002c     main.obj (.text:UART_write)
                  0000c268    0000002a     main.obj (.text:sendEscapeCmd)
                  0000c292    00000026     rts430.lib : boot.obj (.text:_c_int00_noexit)
                  0000c2b8    0000001e     main.obj (.text:cardStatus)
                  0000c2d6    0000001e     main.obj (.text:sleep)
                  0000c2f4    0000001e     main.obj (.text:writeDataToFile)
                  0000c312    00000018     main.obj (.text:initBigBuffer)
                  0000c32a    00000012     rts430.lib : memcpy.obj (.text:memcpy)
                  0000c33c    00000012                : strlen.obj (.text:strlen)
                  0000c34e    00000010     main.obj (.text:UART_putChar)
                  0000c35e    00000010     rts430.lib : epilog.obj (.text)
                  0000c36e    0000000e     main.obj (.text:turnONSdCard)
                  0000c37c    0000000a     main.obj (.text:readDataFromFile)
                  0000c386    00000006     main.obj (.text:createNewFile)
                  0000c38c    00000004     rts430.lib : pre_init.obj (.text:_system_pre_init)
                  0000c390    00000004                : exit.obj (.text:abort)
                  0000c394    00000002                : _lock.obj (.text:_nop)

.cinit     0    0000c396    0000006a     
                  0000c396    00000068     main.obj (.cinit)
                  0000c3fe    00000002     --HOLE-- [fill = 0]

.const     0    0000c400    0000004c     
                  0000c400    0000004c     main.obj (.const:.string)

.int07     0    0000ffee    00000002     
                  0000ffee    00000002     main.obj (.int07)

.reset     0    0000fffe    00000002     
                  0000fffe    00000002     rts430.lib : boot.obj (.reset)


GLOBAL SYMBOLS: SORTED ALPHABETICALLY BY Name 

address    name
--------   ----
00000200   .bss
0000c000   .text
0000004a   ADC10AE0
000001b0   ADC10CTL0
000001b2   ADC10CTL1
00000048   ADC10DTC0
00000049   ADC10DTC1
000001b4   ADC10MEM
000001bc   ADC10SA
00000057   BCSCTL1
00000058   BCSCTL2
00000053   BCSCTL3
0000c390   C$$EXIT
00000059   CACTL1
0000005a   CACTL2
000010fb   CALBC1_12MHZ
000010f9   CALBC1_16MHZ
000010ff   CALBC1_1MHZ
000010fd   CALBC1_8MHZ
000010fa   CALDCO_12MHZ
000010f8   CALDCO_16MHZ
000010fe   CALDCO_1MHZ
000010fc   CALDCO_8MHZ
0000005b   CAPD
00000056   DCOCTL
00000128   FCTL1
0000012a   FCTL2
0000012c   FCTL3
00000000   IE1
00000001   IE2
00000002   IFG1
00000003   IFG2
00000022   P1DIR
00000025   P1IE
00000024   P1IES
00000023   P1IFG
00000020   P1IN
00000021   P1OUT
00000027   P1REN
00000026   P1SEL
00000041   P1SEL2
0000002a   P2DIR
0000002d   P2IE
0000002c   P2IES
0000002b   P2IFG
00000028   P2IN
00000029   P2OUT
0000002f   P2REN
0000002e   P2SEL
00000042   P2SEL2
0000001a   P3DIR
00000018   P3IN
00000019   P3OUT
00000010   P3REN
0000001b   P3SEL
00000043   P3SEL2
00000172   TA0CCR0
00000174   TA0CCR1
00000176   TA0CCR2
00000162   TA0CCTL0
00000164   TA0CCTL1
00000166   TA0CCTL2
00000160   TA0CTL
0000012e   TA0IV
00000170   TA0R
00000192   TA1CCR0
00000194   TA1CCR1
00000196   TA1CCR2
00000182   TA1CCTL0
00000184   TA1CCTL1
00000186   TA1CCTL2
00000180   TA1CTL
0000011e   TA1IV
00000190   TA1R
0000c34e   UART_putChar
0000c23c   UART_write
0000005d   UCA0ABCTL
00000062   UCA0BR0
00000063   UCA0BR1
00000060   UCA0CTL0
00000061   UCA0CTL1
0000005f   UCA0IRRCTL
0000005e   UCA0IRTCTL
00000064   UCA0MCTL
00000066   UCA0RXBUF
00000065   UCA0STAT
00000067   UCA0TXBUF
0000006a   UCB0BR0
0000006b   UCB0BR1
00000068   UCB0CTL0
00000069   UCB0CTL1
0000006c   UCB0I2CIE
00000118   UCB0I2COA
0000011a   UCB0I2CSA
0000006e   UCB0RXBUF
0000006d   UCB0STAT
0000006f   UCB0TXBUF
0000c124   USCI0RX_ISR
00000120   WDTCTL
00000400   __STACK_END
00000050   __STACK_SIZE
00000001   __TI_args_main
00000001   __TI_auto_init
00000001   __TI_exit
ffffffff   __binit__
00000200   __bss__
ffffffff   __c_args__
0000c396   __cinit__
00000346   __end__
0000c396   __etext__
ffffffff   __pinit__
0000c000   __text__
0000c1c2   _auto_init
0000c292   _c_int00
0000c292   _c_int00_noexit
00000342   _cleanup_ptr
00000344   _dtors_ptr
0000033e   _lock
0000c394   _nop
0000fffe   _reset_vector
000003b0   _stack
0000c38c   _system_pre_init
00000340   _unlock
0000c390   abort
ffffffff   binit
0000032c   bufferRX
0000c2b8   cardStatus
0000c396   cinit
0000032e   cmdFlag
00000338   cnter
00000334   counter
0000c386   createNewFile
00000200   dataIn
0000033c   dataLength
00000210   dataTest
00000220   dataTest_1
00000346   end
00000336   endReadDataLine
0000c396   etext
0000c36a   func_epilog_1
0000c368   func_epilog_2
0000c366   func_epilog_3
0000c364   func_epilog_4
0000c362   func_epilog_5
0000c360   func_epilog_6
0000c35e   func_epilog_7
0000c312   initBigBuffer
0000c09c   main
0000c32a   memcpy
00000332   numLines
0000c000   parseData
ffffffff   pinit
0000c37c   readDataFromFile
0000c268   sendEscapeCmd
0000c178   setupUART
0000c2d6   sleep
0000033a   storeDataFlag
0000c33c   strlen
00000330   task
0000c36e   turnONSdCard
0000022c   uBuff
0000c208   writeData
0000c2f4   writeDataToFile


GLOBAL SYMBOLS: SORTED BY Symbol Address 

address    name
--------   ----
00000000   IE1
00000001   IE2
00000001   __TI_args_main
00000001   __TI_auto_init
00000001   __TI_exit
00000002   IFG1
00000003   IFG2
00000010   P3REN
00000018   P3IN
00000019   P3OUT
0000001a   P3DIR
0000001b   P3SEL
00000020   P1IN
00000021   P1OUT
00000022   P1DIR
00000023   P1IFG
00000024   P1IES
00000025   P1IE
00000026   P1SEL
00000027   P1REN
00000028   P2IN
00000029   P2OUT
0000002a   P2DIR
0000002b   P2IFG
0000002c   P2IES
0000002d   P2IE
0000002e   P2SEL
0000002f   P2REN
00000041   P1SEL2
00000042   P2SEL2
00000043   P3SEL2
00000048   ADC10DTC0
00000049   ADC10DTC1
0000004a   ADC10AE0
00000050   __STACK_SIZE
00000053   BCSCTL3
00000056   DCOCTL
00000057   BCSCTL1
00000058   BCSCTL2
00000059   CACTL1
0000005a   CACTL2
0000005b   CAPD
0000005d   UCA0ABCTL
0000005e   UCA0IRTCTL
0000005f   UCA0IRRCTL
00000060   UCA0CTL0
00000061   UCA0CTL1
00000062   UCA0BR0
00000063   UCA0BR1
00000064   UCA0MCTL
00000065   UCA0STAT
00000066   UCA0RXBUF
00000067   UCA0TXBUF
00000068   UCB0CTL0
00000069   UCB0CTL1
0000006a   UCB0BR0
0000006b   UCB0BR1
0000006c   UCB0I2CIE
0000006d   UCB0STAT
0000006e   UCB0RXBUF
0000006f   UCB0TXBUF
00000118   UCB0I2COA
0000011a   UCB0I2CSA
0000011e   TA1IV
00000120   WDTCTL
00000128   FCTL1
0000012a   FCTL2
0000012c   FCTL3
0000012e   TA0IV
00000160   TA0CTL
00000162   TA0CCTL0
00000164   TA0CCTL1
00000166   TA0CCTL2
00000170   TA0R
00000172   TA0CCR0
00000174   TA0CCR1
00000176   TA0CCR2
00000180   TA1CTL
00000182   TA1CCTL0
00000184   TA1CCTL1
00000186   TA1CCTL2
00000190   TA1R
00000192   TA1CCR0
00000194   TA1CCR1
00000196   TA1CCR2
000001b0   ADC10CTL0
000001b2   ADC10CTL1
000001b4   ADC10MEM
000001bc   ADC10SA
00000200   .bss
00000200   __bss__
00000200   dataIn
00000210   dataTest
00000220   dataTest_1
0000022c   uBuff
0000032c   bufferRX
0000032e   cmdFlag
00000330   task
00000332   numLines
00000334   counter
00000336   endReadDataLine
00000338   cnter
0000033a   storeDataFlag
0000033c   dataLength
0000033e   _lock
00000340   _unlock
00000342   _cleanup_ptr
00000344   _dtors_ptr
00000346   __end__
00000346   end
000003b0   _stack
00000400   __STACK_END
000010f8   CALDCO_16MHZ
000010f9   CALBC1_16MHZ
000010fa   CALDCO_12MHZ
000010fb   CALBC1_12MHZ
000010fc   CALDCO_8MHZ
000010fd   CALBC1_8MHZ
000010fe   CALDCO_1MHZ
000010ff   CALBC1_1MHZ
0000c000   .text
0000c000   __text__
0000c000   parseData
0000c09c   main
0000c124   USCI0RX_ISR
0000c178   setupUART
0000c1c2   _auto_init
0000c208   writeData
0000c23c   UART_write
0000c268   sendEscapeCmd
0000c292   _c_int00
0000c292   _c_int00_noexit
0000c2b8   cardStatus
0000c2d6   sleep
0000c2f4   writeDataToFile
0000c312   initBigBuffer
0000c32a   memcpy
0000c33c   strlen
0000c34e   UART_putChar
0000c35e   func_epilog_7
0000c360   func_epilog_6
0000c362   func_epilog_5
0000c364   func_epilog_4
0000c366   func_epilog_3
0000c368   func_epilog_2
0000c36a   func_epilog_1
0000c36e   turnONSdCard
0000c37c   readDataFromFile
0000c386   createNewFile
0000c38c   _system_pre_init
0000c390   C$$EXIT
0000c390   abort
0000c394   _nop
0000c396   __cinit__
0000c396   __etext__
0000c396   cinit
0000c396   etext
0000fffe   _reset_vector
ffffffff   __binit__
ffffffff   __c_args__
ffffffff   __pinit__
ffffffff   binit
ffffffff   pinit

[163 symbols]
