******************************************************************************
                  MSP430 Linker PC v4.0.0                      
******************************************************************************
>> Linked Wed Apr 24 15:20:59 2013

OUTPUT FILE NAME:   <sensorBot_Child_1.out>
ENTRY POINT SYMBOL: "_c_int00"  address: 0000c720


MEMORY CONFIGURATION

         name            origin    length      used     unused   attr    fill
----------------------  --------  ---------  --------  --------  ----  --------
  SFR                   00000000   00000010  00000000  00000010  RWIX
  PERIPHERALS_8BIT      00000010   000000f0  00000000  000000f0  RWIX
  PERIPHERALS_16BIT     00000100   00000100  00000000  00000100  RWIX
  RAM                   00000200   00000200  00000162  0000009e  RWIX
  INFOD                 00001000   00000040  00000000  00000040  RWIX
  INFOC                 00001040   00000040  00000000  00000040  RWIX
  INFOB                 00001080   00000040  00000000  00000040  RWIX
  INFOA                 000010c0   00000040  00000000  00000040  RWIX
  FLASH                 0000c000   00003fe0  00000a56  0000358a  RWIX
  INT00                 0000ffe0   00000002  00000000  00000002  RWIX
  INT01                 0000ffe2   00000002  00000000  00000002  RWIX
  INT02                 0000ffe4   00000002  00000000  00000002  RWIX
  INT03                 0000ffe6   00000002  00000000  00000002  RWIX
  INT04                 0000ffe8   00000002  00000000  00000002  RWIX
  INT05                 0000ffea   00000002  00000000  00000002  RWIX
  INT06                 0000ffec   00000002  00000000  00000002  RWIX
  INT07                 0000ffee   00000002  00000002  00000000  RWIX
  INT08                 0000fff0   00000002  00000000  00000002  RWIX
  INT09                 0000fff2   00000002  00000002  00000000  RWIX
  INT10                 0000fff4   00000002  00000000  00000002  RWIX
  INT11                 0000fff6   00000002  00000000  00000002  RWIX
  INT12                 0000fff8   00000002  00000000  00000002  RWIX
  INT13                 0000fffa   00000002  00000000  00000002  RWIX
  INT14                 0000fffc   00000002  00000000  00000002  RWIX
  RESET                 0000fffe   00000002  00000002  00000000  RWIX


SECTION ALLOCATION MAP

 output                                  attributes/
section   page    origin      length       input sections
--------  ----  ----------  ----------   ----------------
.pinit     0    0000c000    00000000     UNINITIALIZED

.bss       0    00000200    00000112     UNINITIALIZED
                  00000200    0000010a     main.obj (.bss)
                  0000030a    00000004     rts430.lib : _lock.obj (.bss)
                  0000030e    00000004                : boot.obj (.bss)

.stack     0    000003b0    00000050     UNINITIALIZED
                  000003b0    00000002     rts430.lib : boot.obj (.stack)
                  000003b2    0000004e     --HOLE--

.text      0    0000c000    000008a4     
                  0000c000    00000112     rts430.lib : _printfi_min.obj (.text:_setfield)
                  0000c112    000000ca                : _printfi_min.obj (.text:_printfi_minimal)
                  0000c1dc    000000b4     main.obj (.text:genPacket)
                  0000c290    000000a8     main.obj (.text:USCI0RX_ISR)
                  0000c338    00000066     main.obj (.text:Timer_A)
                  0000c39e    00000062     main.obj (.text:main)
                  0000c400    00000056     rts430.lib : _printfi_min.obj (.text:_ltostr)
                  0000c456    00000056     main.obj (.text:txPacket)
                  0000c4ac    0000004c     rts430.lib : lsr16.obj (.text)
                  0000c4f8    00000046                : autoinit.obj (.text:_auto_init)
                  0000c53e    00000046                : _printfi_min.obj (.text:_pproc_str)
                  0000c584    00000038     main.obj (.text:setupUART)
                  0000c5bc    00000038     rts430.lib : sprintf.obj (.text:sprintf)
                  0000c5f4    0000002e                : _printfi_min.obj (.text:_getarg_diouxp)
                  0000c622    0000002c                : _printfi_min.obj (.text:_pproc_diouxp)
                  0000c64e    0000002c     main.obj (.text:blinkLEDGreen)
                  0000c67a    0000002c     rts430.lib : div16s.obj (.text)
                  0000c6a6    0000002a     main.obj (.text:UART_putChar)
                  0000c6d0    00000028     main.obj (.text:blinkLEDRed)
                  0000c6f8    00000028     rts430.lib : memccpy.obj (.text:memccpy)
                  0000c720    00000026                : boot.obj (.text:_c_int00_noexit)
                  0000c746    0000001e     main.obj (.text:sleepHalf)
                  0000c764    0000001e     main.obj (.text:sleepQuart)
                  0000c782    0000001a     rts430.lib : sprintf.obj (.text:_outs)
                  0000c79c    0000001a     main.obj (.text:setupOutputs)
                  0000c7b6    00000018     rts430.lib : _printfi_min.obj (.text:_div)
                  0000c7ce    00000016                : div16u.obj (.text)
                  0000c7e4    00000014     main.obj (.text:configClocks)
                  0000c7f8    00000014     rts430.lib : memset.obj (.text:memset)
                  0000c80c    00000014                : mult16.obj (.text)
                  0000c820    00000014     main.obj (.text:setupTimer)
                  0000c834    00000012     rts430.lib : sprintf.obj (.text:_outc)
                  0000c846    00000012                : memcpy.obj (.text:memcpy)
                  0000c858    00000012                : strlen.obj (.text:strlen)
                  0000c86a    00000010                : epilog.obj (.text)
                  0000c87a    00000010     main.obj (.text:turnRXD)
                  0000c88a    00000010     main.obj (.text:turnTXD)
                  0000c89a    00000004     rts430.lib : pre_init.obj (.text:_system_pre_init)
                  0000c89e    00000004                : exit.obj (.text:abort)
                  0000c8a2    00000002                : _lock.obj (.text:_nop)

.cinit     0    0000c8a4    00000158     
                  0000c8a4    00000156     main.obj (.cinit)
                  0000c9fa    00000002     --HOLE-- [fill = 0]

.const     0    0000c9fc    0000005a     
                  0000c9fc    00000046     main.obj (.const:.string)
                  0000ca42    00000014     rts430.lib : _printfi_min.obj (.const:.string)

.int07     0    0000ffee    00000002     
                  0000ffee    00000002     main.obj (.int07)

.int09     0    0000fff2    00000002     
                  0000fff2    00000002     main.obj (.int09)

.reset     0    0000fffe    00000002     
                  0000fffe    00000002     rts430.lib : boot.obj (.reset)


GLOBAL SYMBOLS: SORTED ALPHABETICALLY BY Name 

address    name
--------   ----
00000200   .bss
0000c000   .text
00000298   AB
0000004a   ADC10AE0
000001b0   ADC10CTL0
000001b2   ADC10CTL1
00000048   ADC10DTC0
00000049   ADC10DTC1
000001b4   ADC10MEM
000001bc   ADC10SA
00000057   BCSCTL1
00000058   BCSCTL2
00000053   BCSCTL3
0000c89e   C$$EXIT
00000059   CACTL1
0000005a   CACTL2
000010fb   CALBC1_12MHZ
000010f9   CALBC1_16MHZ
000010ff   CALBC1_1MHZ
000010fd   CALBC1_8MHZ
000010fa   CALDCO_12MHZ
000010f8   CALDCO_16MHZ
000010fe   CALDCO_1MHZ
000010fc   CALDCO_8MHZ
0000005b   CAPD
00000056   DCOCTL
00000128   FCTL1
0000012a   FCTL2
0000012c   FCTL3
00000000   IE1
00000001   IE2
00000002   IFG1
00000003   IFG2
0000c4ac   I_LSR
0000c4f2   I_LSR_1
0000c4ce   I_LSR_10
0000c4ca   I_LSR_11
0000c4c6   I_LSR_12
0000c4c2   I_LSR_13
0000c4be   I_LSR_14
0000c4ba   I_LSR_15
0000c4ee   I_LSR_2
0000c4ea   I_LSR_3
0000c4e6   I_LSR_4
0000c4e2   I_LSR_5
0000c4de   I_LSR_6
0000c4da   I_LSR_7
0000c4d6   I_LSR_8
0000c4d2   I_LSR_9
00000292   OX
00000022   P1DIR
00000025   P1IE
00000024   P1IES
00000023   P1IFG
00000020   P1IN
00000021   P1OUT
00000027   P1REN
00000026   P1SEL
00000041   P1SEL2
0000002a   P2DIR
0000002d   P2IE
0000002c   P2IES
0000002b   P2IFG
00000028   P2IN
00000029   P2OUT
0000002f   P2REN
0000002e   P2SEL
00000042   P2SEL2
0000001a   P3DIR
00000018   P3IN
00000019   P3OUT
00000010   P3REN
0000001b   P3SEL
00000043   P3SEL2
00000294   PH
00000172   TA0CCR0
00000174   TA0CCR1
00000176   TA0CCR2
00000162   TA0CCTL0
00000164   TA0CCTL1
00000166   TA0CCTL2
00000160   TA0CTL
0000012e   TA0IV
00000170   TA0R
00000192   TA1CCR0
00000194   TA1CCR1
00000196   TA1CCR2
00000182   TA1CCTL0
00000184   TA1CCTL1
00000186   TA1CCTL2
00000180   TA1CTL
0000011e   TA1IV
00000190   TA1R
00000296   TP
0000c338   Timer_A
0000c6a6   UART_putChar
0000005d   UCA0ABCTL
00000062   UCA0BR0
00000063   UCA0BR1
00000060   UCA0CTL0
00000061   UCA0CTL1
0000005f   UCA0IRRCTL
0000005e   UCA0IRTCTL
00000064   UCA0MCTL
00000066   UCA0RXBUF
00000065   UCA0STAT
00000067   UCA0TXBUF
0000006a   UCB0BR0
0000006b   UCB0BR1
00000068   UCB0CTL0
00000069   UCB0CTL1
0000006c   UCB0I2CIE
00000118   UCB0I2COA
0000011a   UCB0I2CSA
0000006e   UCB0RXBUF
0000006d   UCB0STAT
0000006f   UCB0TXBUF
0000c290   USCI0RX_ISR
00000120   WDTCTL
00000400   __STACK_END
00000050   __STACK_SIZE
00000001   __TI_args_main
00000001   __TI_auto_init
00000001   __TI_exit
ffffffff   __binit__
00000200   __bss__
ffffffff   __c_args__
0000c8a4   __cinit__
0000c67a   __divi
0000c7ce   __divu
00000312   __end__
0000c8a4   __etext__
0000c80c   __mpyi
ffffffff   __pinit__
0000c67a   __remi
0000c7ce   __remu
0000c000   __text__
0000c4f8   _auto_init
0000c720   _c_int00
0000c720   _c_int00_noexit
0000030e   _cleanup_ptr
00000310   _dtors_ptr
0000030a   _lock
0000c8a2   _nop
0000c112   _printfi_minimal
0000fffe   _reset_vector
000003b0   _stack
0000c89a   _system_pre_init
0000030c   _unlock
0000c89e   abort
ffffffff   binit
0000c64e   blinkLEDGreen
0000c6d0   blinkLEDRed
00000288   botID
000002ec   buff
00000200   byteRX
0000c8a4   cinit
000002a4   cnt1
000002a6   cnt2
000002a8   cnt3
000002aa   cnt4
000002ae   cnterTest
00000286   cnterTest1
0000c7e4   configClocks
00000224   dataLength
00000312   end
00000308   endRxProcess
0000c8a4   etext
0000c876   func_epilog_1
0000c874   func_epilog_2
0000c872   func_epilog_3
0000c870   func_epilog_4
0000c86e   func_epilog_5
0000c86c   func_epilog_6
0000c86a   func_epilog_7
0000c1dc   genPacket
0000028c   has_Children
00000204   header
000002a0   hrs
000002ac   initCorrect
0000028e   is_leaf
0000028a   is_parent
0000022a   lineCnter
0000c39e   main
0000c6f8   memccpy
0000c846   memcpy
0000c7f8   memset
0000029e   min
000002a2   numBotsData
00000228   pcktStartFlag
ffffffff   pinit
00000202   sdCardCmdFlag
0000029c   sec
00000290   sendFirsttime
0000c79c   setupOutputs
0000c820   setupTimer
0000c584   setupUART
0000c746   sleepHalf
0000c764   sleepQuart
0000c5bc   sprintf
0000022c   storeDataCnter
00000226   storeDataFlag
0000c858   strlen
0000029a   timeToSend
0000c87a   turnRXD
0000c88a   turnTXD
0000c456   txPacket
0000022e   uartBuffer
0000024a   uart_Out
000002b0   uart_Test


GLOBAL SYMBOLS: SORTED BY Symbol Address 

address    name
--------   ----
00000000   IE1
00000001   IE2
00000001   __TI_args_main
00000001   __TI_auto_init
00000001   __TI_exit
00000002   IFG1
00000003   IFG2
00000010   P3REN
00000018   P3IN
00000019   P3OUT
0000001a   P3DIR
0000001b   P3SEL
00000020   P1IN
00000021   P1OUT
00000022   P1DIR
00000023   P1IFG
00000024   P1IES
00000025   P1IE
00000026   P1SEL
00000027   P1REN
00000028   P2IN
00000029   P2OUT
0000002a   P2DIR
0000002b   P2IFG
0000002c   P2IES
0000002d   P2IE
0000002e   P2SEL
0000002f   P2REN
00000041   P1SEL2
00000042   P2SEL2
00000043   P3SEL2
00000048   ADC10DTC0
00000049   ADC10DTC1
0000004a   ADC10AE0
00000050   __STACK_SIZE
00000053   BCSCTL3
00000056   DCOCTL
00000057   BCSCTL1
00000058   BCSCTL2
00000059   CACTL1
0000005a   CACTL2
0000005b   CAPD
0000005d   UCA0ABCTL
0000005e   UCA0IRTCTL
0000005f   UCA0IRRCTL
00000060   UCA0CTL0
00000061   UCA0CTL1
00000062   UCA0BR0
00000063   UCA0BR1
00000064   UCA0MCTL
00000065   UCA0STAT
00000066   UCA0RXBUF
00000067   UCA0TXBUF
00000068   UCB0CTL0
00000069   UCB0CTL1
0000006a   UCB0BR0
0000006b   UCB0BR1
0000006c   UCB0I2CIE
0000006d   UCB0STAT
0000006e   UCB0RXBUF
0000006f   UCB0TXBUF
00000118   UCB0I2COA
0000011a   UCB0I2CSA
0000011e   TA1IV
00000120   WDTCTL
00000128   FCTL1
0000012a   FCTL2
0000012c   FCTL3
0000012e   TA0IV
00000160   TA0CTL
00000162   TA0CCTL0
00000164   TA0CCTL1
00000166   TA0CCTL2
00000170   TA0R
00000172   TA0CCR0
00000174   TA0CCR1
00000176   TA0CCR2
00000180   TA1CTL
00000182   TA1CCTL0
00000184   TA1CCTL1
00000186   TA1CCTL2
00000190   TA1R
00000192   TA1CCR0
00000194   TA1CCR1
00000196   TA1CCR2
000001b0   ADC10CTL0
000001b2   ADC10CTL1
000001b4   ADC10MEM
000001bc   ADC10SA
00000200   .bss
00000200   __bss__
00000200   byteRX
00000202   sdCardCmdFlag
00000204   header
00000224   dataLength
00000226   storeDataFlag
00000228   pcktStartFlag
0000022a   lineCnter
0000022c   storeDataCnter
0000022e   uartBuffer
0000024a   uart_Out
00000286   cnterTest1
00000288   botID
0000028a   is_parent
0000028c   has_Children
0000028e   is_leaf
00000290   sendFirsttime
00000292   OX
00000294   PH
00000296   TP
00000298   AB
0000029a   timeToSend
0000029c   sec
0000029e   min
000002a0   hrs
000002a2   numBotsData
000002a4   cnt1
000002a6   cnt2
000002a8   cnt3
000002aa   cnt4
000002ac   initCorrect
000002ae   cnterTest
000002b0   uart_Test
000002ec   buff
00000308   endRxProcess
0000030a   _lock
0000030c   _unlock
0000030e   _cleanup_ptr
00000310   _dtors_ptr
00000312   __end__
00000312   end
000003b0   _stack
00000400   __STACK_END
000010f8   CALDCO_16MHZ
000010f9   CALBC1_16MHZ
000010fa   CALDCO_12MHZ
000010fb   CALBC1_12MHZ
000010fc   CALDCO_8MHZ
000010fd   CALBC1_8MHZ
000010fe   CALDCO_1MHZ
000010ff   CALBC1_1MHZ
0000c000   .text
0000c000   __text__
0000c112   _printfi_minimal
0000c1dc   genPacket
0000c290   USCI0RX_ISR
0000c338   Timer_A
0000c39e   main
0000c456   txPacket
0000c4ac   I_LSR
0000c4ba   I_LSR_15
0000c4be   I_LSR_14
0000c4c2   I_LSR_13
0000c4c6   I_LSR_12
0000c4ca   I_LSR_11
0000c4ce   I_LSR_10
0000c4d2   I_LSR_9
0000c4d6   I_LSR_8
0000c4da   I_LSR_7
0000c4de   I_LSR_6
0000c4e2   I_LSR_5
0000c4e6   I_LSR_4
0000c4ea   I_LSR_3
0000c4ee   I_LSR_2
0000c4f2   I_LSR_1
0000c4f8   _auto_init
0000c584   setupUART
0000c5bc   sprintf
0000c64e   blinkLEDGreen
0000c67a   __divi
0000c67a   __remi
0000c6a6   UART_putChar
0000c6d0   blinkLEDRed
0000c6f8   memccpy
0000c720   _c_int00
0000c720   _c_int00_noexit
0000c746   sleepHalf
0000c764   sleepQuart
0000c79c   setupOutputs
0000c7ce   __divu
0000c7ce   __remu
0000c7e4   configClocks
0000c7f8   memset
0000c80c   __mpyi
0000c820   setupTimer
0000c846   memcpy
0000c858   strlen
0000c86a   func_epilog_7
0000c86c   func_epilog_6
0000c86e   func_epilog_5
0000c870   func_epilog_4
0000c872   func_epilog_3
0000c874   func_epilog_2
0000c876   func_epilog_1
0000c87a   turnRXD
0000c88a   turnTXD
0000c89a   _system_pre_init
0000c89e   C$$EXIT
0000c89e   abort
0000c8a2   _nop
0000c8a4   __cinit__
0000c8a4   __etext__
0000c8a4   cinit
0000c8a4   etext
0000fffe   _reset_vector
ffffffff   __binit__
ffffffff   __c_args__
ffffffff   __pinit__
ffffffff   binit
ffffffff   pinit

[210 symbols]
