******************************************************************************
                  MSP430 Linker PC v3.2.1                      
******************************************************************************
>> Linked Thu Mar 18 09:30:04 2010

OUTPUT FILE NAME:   <ez430_chronos_915MHz.out>
ENTRY POINT SYMBOL: "_c_int00"  address: 0000e55c


MEMORY CONFIGURATION

         name            origin    length      used     unused   attr    fill
----------------------  --------  ---------  --------  --------  ----  --------
  SFR                   00000000   00000010  00000000  00000010  RWIX
  PERIPHERALS_8BIT      00000010   000000f0  00000000  000000f0  RWIX
  PERIPHERALS_16BIT     00000100   00000100  00000000  00000100  RWIX
  INFOD                 00001800   00000080  00000000  00000080  RWIX
  INFOC                 00001880   00000080  00000000  00000080  RWIX
  INFOB                 00001900   00000080  00000000  00000080  RWIX
  INFOA                 00001980   00000080  00000000  00000080  RWIX
  RAM                   00001c00   00000ffe  00000339  00000cc5  RWIX
  FLASH                 00008000   00007f80  00007a3b  00000545  RWIX
  INT00                 0000ff80   00000002  00000000  00000002  RWIX
  INT01                 0000ff82   00000002  00000000  00000002  RWIX
  INT02                 0000ff84   00000002  00000000  00000002  RWIX
  INT03                 0000ff86   00000002  00000000  00000002  RWIX
  INT04                 0000ff88   00000002  00000000  00000002  RWIX
  INT05                 0000ff8a   00000002  00000000  00000002  RWIX
  INT06                 0000ff8c   00000002  00000000  00000002  RWIX
  INT07                 0000ff8e   00000002  00000000  00000002  RWIX
  INT08                 0000ff90   00000002  00000000  00000002  RWIX
  INT09                 0000ff92   00000002  00000000  00000002  RWIX
  INT10                 0000ff94   00000002  00000000  00000002  RWIX
  INT11                 0000ff96   00000002  00000000  00000002  RWIX
  INT12                 0000ff98   00000002  00000000  00000002  RWIX
  INT13                 0000ff9a   00000002  00000000  00000002  RWIX
  INT14                 0000ff9c   00000002  00000000  00000002  RWIX
  INT15                 0000ff9e   00000002  00000000  00000002  RWIX
  INT16                 0000ffa0   00000002  00000000  00000002  RWIX
  INT17                 0000ffa2   00000002  00000000  00000002  RWIX
  INT18                 0000ffa4   00000002  00000000  00000002  RWIX
  INT19                 0000ffa6   00000002  00000000  00000002  RWIX
  INT20                 0000ffa8   00000002  00000000  00000002  RWIX
  INT21                 0000ffaa   00000002  00000000  00000002  RWIX
  INT22                 0000ffac   00000002  00000000  00000002  RWIX
  INT23                 0000ffae   00000002  00000000  00000002  RWIX
  INT24                 0000ffb0   00000002  00000000  00000002  RWIX
  INT25                 0000ffb2   00000002  00000000  00000002  RWIX
  INT26                 0000ffb4   00000002  00000000  00000002  RWIX
  INT27                 0000ffb6   00000002  00000000  00000002  RWIX
  INT28                 0000ffb8   00000002  00000000  00000002  RWIX
  INT29                 0000ffba   00000002  00000000  00000002  RWIX
  INT30                 0000ffbc   00000002  00000000  00000002  RWIX
  INT31                 0000ffbe   00000002  00000000  00000002  RWIX
  INT32                 0000ffc0   00000002  00000000  00000002  RWIX
  INT33                 0000ffc2   00000002  00000000  00000002  RWIX
  INT34                 0000ffc4   00000002  00000000  00000002  RWIX
  INT35                 0000ffc6   00000002  00000000  00000002  RWIX
  INT36                 0000ffc8   00000002  00000000  00000002  RWIX
  INT37                 0000ffca   00000002  00000000  00000002  RWIX
  INT38                 0000ffcc   00000002  00000000  00000002  RWIX
  INT39                 0000ffce   00000002  00000000  00000002  RWIX
  INT40                 0000ffd0   00000002  00000000  00000002  RWIX
  INT41                 0000ffd2   00000002  00000000  00000002  RWIX
  INT42                 0000ffd4   00000002  00000000  00000002  RWIX
  INT43                 0000ffd6   00000002  00000000  00000002  RWIX
  INT44                 0000ffd8   00000002  00000000  00000002  RWIX
  INT45                 0000ffda   00000002  00000000  00000002  RWIX
  INT46                 0000ffdc   00000002  00000000  00000002  RWIX
  INT47                 0000ffde   00000002  00000000  00000002  RWIX
  INT48                 0000ffe0   00000002  00000002  00000000  RWIX
  INT49                 0000ffe2   00000002  00000000  00000002  RWIX
  INT50                 0000ffe4   00000002  00000000  00000002  RWIX
  INT51                 0000ffe6   00000002  00000000  00000002  RWIX
  INT52                 0000ffe8   00000002  00000000  00000002  RWIX
  INT53                 0000ffea   00000002  00000002  00000000  RWIX
  INT54                 0000ffec   00000002  00000002  00000000  RWIX
  INT55                 0000ffee   00000002  00000002  00000000  RWIX
  INT56                 0000fff0   00000002  00000002  00000000  RWIX
  INT57                 0000fff2   00000002  00000000  00000002  RWIX
  INT58                 0000fff4   00000002  00000000  00000002  RWIX
  INT59                 0000fff6   00000002  00000000  00000002  RWIX
  INT60                 0000fff8   00000002  00000000  00000002  RWIX
  INT61                 0000fffa   00000002  00000000  00000002  RWIX
  INT62                 0000fffc   00000002  00000000  00000002  RWIX
  RESET                 0000fffe   00000002  00000002  00000000  RWIX


SECTION ALLOCATION MAP

 output                                  attributes/
section   page    origin      length       input sections
--------  ----  ----------  ----------   ----------------
.pinit     0    00008000    00000000     UNINITIALIZED

.bss       0    00001c00    000002e9     UNINITIALIZED
                  00001c00    0000008c     CC430_End_Device_915MHz.lib : nwk_QMgmt.obj (.bss)
                  00001c8c    00000054     ez430_chronos_drivers.lib : display1.obj (.bss)
                  00001ce0    00000046     rfsimpliciti.obj (.bss)
                  00001d26    00000045     ez430_chronos_drivers.lib : vti_ps.obj (.bss)
                  00001d6b    00000001     CC430_End_Device_915MHz.lib : main_ED_BM.obj (.bss)
                  00001d6c    0000003d                                 : mrfi.obj (.bss)
                  00001da9    0000001d                                 : nwk.obj (.bss)
                  00001dc6    0000001c     BlueRobin_RX_915MHz.lib : BRRX_Resource.obj (.bss)
                  00001de2    0000001a     bluerobin.obj (.bss)
                  00001dfc    00000010     main.obj (.bss)
                  00001e0c    0000000e     altitude.obj (.bss)
                  00001e1a    0000000e     clock.obj (.bss)
                  00001e28    0000000e     stopwatch.obj (.bss)
                  00001e36    0000000c     BlueRobin_RX_915MHz.lib : BRRX_Scheduler.obj (.bss)
                  00001e42    0000000a                             : BR_Common.obj (.bss)
                  00001e4c    0000000a     CC430_End_Device_915MHz.lib : nwk_frame.obj (.bss)
                  00001e56    0000000a                                 : nwk_link.obj (.bss)
                  00001e60    0000000a     acceleration.obj (.bss)
                  00001e6a    0000000a     ez430_chronos_drivers.lib : display.obj (.bss)
                  00001e74    00000009     CC430_End_Device_915MHz.lib : nwk_globals.obj (.bss)
                  00001e7d    00000001                                 : nwk_api.obj (.bss)
                  00001e7e    00000009                                 : nwk_join.obj (.bss)
                  00001e87    00000001                                 : nwk_ping.obj (.bss)
                  00001e88    00000008     BlueRobin_RX_915MHz.lib : BRRX_Timer.obj (.bss)
                  00001e90    00000008     battery.obj (.bss)
                  00001e98    00000008     ez430_chronos_drivers.lib : buzzer.obj (.bss)
                  00001ea0    00000008                               : ports.obj (.bss)
                  00001ea8    00000008     rts430x.lib : _lock.obj (.bss)
                  00001eb0    00000008                 : boot.obj (.bss)
                  00001eb8    00000006     BlueRobin_RX_915MHz.lib : BRRX_Radio.obj (.bss)
                  00001ebe    00000006     date.obj (.bss)
                  00001ec4    00000006     ez430_chronos_drivers.lib : timer.obj (.bss)
                  00001eca    00000006     temperature.obj (.bss)
                  00001ed0    00000005     BlueRobin_RX_915MHz.lib : BRRX_Packet.obj (.bss)
                  00001ed5    00000001     ez430_chronos_drivers.lib : vti_as.obj (.bss)
                  00001ed6    00000004     BlueRobin_RX_915MHz.lib : BRRX_API.obj (.bss)
                  00001eda    00000004     alarm.obj (.bss)
                  00001ede    00000004     menu.obj (.bss)
                  00001ee2    00000003     CC430_End_Device_915MHz.lib : nwk_mgmt.obj (.bss)
                  00001ee5    00000001     --HOLE--
                  00001ee6    00000003     ez430_chronos_drivers.lib : adc12.obj (.bss)

.stack     0    00002bac    00000050     UNINITIALIZED
                  00002bac    00000002     rts430x.lib : boot.obj (.stack)
                  00002bae    0000004e     --HOLE--

.text      0    00008000    000072b0     
                  00008000    0000029c     ez430_chronos_drivers.lib : vti_ps.obj (.text:conv_pa_to_meter)
                  0000829c    0000027c     BlueRobin_RX_915MHz.lib : BRRX_Scheduler.obj (.text:BRRX__Scheduler_v)
                  00008518    0000023e     test.obj (.text:test_mode)
                  00008756    00000226     user.obj (.text:set_value)
                  0000897c    00000212     clock.obj (.text:mx_time)
                  00008b8e    000001fe     date.obj (.text:mx_date)
                  00008d8c    000001f0     bluerobin.obj (.text:mx_caldist)
                  00008f7c    000001e6     ez430_chronos_drivers.lib : vti_ps.obj (.text:update_pressure_table)
                  00009162    000001b4                               : timer.obj (.text:_isr:TIMER0_A0_ISR)
                  00009316    00000198     CC430_End_Device_915MHz.lib : mrfi.obj (.text:MRFI_Init)
                  000094ae    0000018c     ez430_chronos_drivers.lib : ports.obj (.text:_isr:PORT2_ISR)
                  0000963a    00000172     clock.obj (.text:display_time)
                  000097ac    0000015e     CC430_End_Device_915MHz.lib : nwk_link.obj (.text:smpl_send_link_reply)
                  0000990a    00000158     main.obj (.text:display_update)
                  00009a62    00000152     CC430_End_Device_915MHz.lib : nwk_link.obj (.text:nwk_link)
                  00009bb4    00000142     acceleration.obj (.text:display_acceleration)
                  00009cf6    00000136     rfsimpliciti.obj (.text:simpliciti_sync_decode_ap_cmd_callback)
                  00009e2c    0000012e     stopwatch.obj (.text:display_stopwatch)
                  00009f5a    0000011e     BlueRobin_RX_915MHz.lib : BRRX_Scheduler.obj (.text:PacketMissed_v)
                  0000a078    0000011e     CC430_End_Device_915MHz.lib : nwk_api.obj (.text:SMPL_Ioctl)
                  0000a196    00000118     rts430x.lib : fs_add.obj (.text)
                  0000a2ae    00000118     main.obj (.text:wakeup_event)
                  0000a3c6    00000104     alarm.obj (.text:mx_alarm)
                  0000a4ca    00000104     bluerobin.obj (.text:sx_bluerobin)
                  0000a5ce    00000102     temperature.obj (.text:mx_temperature)
                  0000a6d0    000000f8     CC430_End_Device_915MHz.lib : nwk_join.obj (.text:nwk_join)
                  0000a7c8    000000f6                                 : mrfi.obj (.text:Mrfi_SyncPinRxIsr)
                  0000a8be    000000f4     altitude.obj (.text:display_altitude)
                  0000a9b2    000000f4     temperature.obj (.text:display_temperature)
                  0000aaa6    000000f2     altitude.obj (.text:mx_altitude)
                  0000ab98    000000f0     stopwatch.obj (.text:stopwatch_tick)
                  0000ac88    000000ee     CC430_End_Device_915MHz.lib : nwk_api.obj (.text:SMPL_SendOpt)
                  0000ad76    000000ee                                 : nwk_QMgmt.obj (.text:nwk_QfindOldest)
                  0000ae64    000000e6     bluerobin.obj (.text:display_speed)
                  0000af4a    000000e0     bluerobin.obj (.text:display_distance)
                  0000b02a    000000dc     alarm.obj (.text:display_alarm)
                  0000b106    000000d6     date.obj (.text:display_date)
                  0000b1dc    000000d6     rfsimpliciti.obj (.text:simpliciti_sync_get_data_callback)
                  0000b2b2    000000d4     CC430_End_Device_915MHz.lib : nwk.obj (.text:nwk_allocateLocalRxPort)
                  0000b386    000000ce     ez430_chronos_drivers.lib : display.obj (.text:display_chars)
                  0000b454    000000cc     rfsimpliciti.obj (.text:start_simpliciti_tx_only)
                  0000b520    000000ca     main.obj (.text:init_application)
                  0000b5ea    000000c6     CC430_End_Device_915MHz.lib : mrfi.obj (.text:MRFI_Transmit)
                  0000b6b0    000000c4     ez430_chronos_drivers.lib : display.obj (.text:itoa)
                  0000b774    000000c4     main.obj (.text:read_calibration_values)
                  0000b838    000000b6     BlueRobin_RX_915MHz.lib : BRRX_Scheduler.obj (.text:SearchPacketHit_u8)
                  0000b8ee    000000b6     CC430_End_Device_915MHz.lib : main_ED_BM.obj (.text:simpliciti_link)
                  0000b9a4    000000b6                                 : main_ED_BM.obj (.text:simpliciti_main_sync)
                  0000ba5a    000000a6     rfsimpliciti.obj (.text:simpliciti_get_ed_data_callback)
                  0000bb00    000000a2     CC430_End_Device_915MHz.lib : nwk_frame.obj (.text:nwk_retrieveFrame)
                  0000bba2    000000a0     altitude.obj (.text:do_altitude_measurement)
                  0000bc42    0000009e     rts430x.lib : fs_mpy.obj (.text)
                  0000bce0    0000009e     rfsimpliciti.obj (.text:start_simpliciti_sync)
                  0000bd7e    0000009c     CC430_End_Device_915MHz.lib : nwk_ioctl.obj (.text:nwk_radioControl)
                  0000be1a    00000096     ez430_chronos_drivers.lib : rf1a.obj (.text:Strobe)
                  0000beb0    00000096     bluerobin.obj (.text:get_bluerobin_data)
                  0000bf46    00000096     temperature.obj (.text:temperature_measurement)
                  0000bfdc    00000094     CC430_End_Device_915MHz.lib : nwk.obj (.text:nwk_nwkInit)
                  0000c070    00000092     ez430_chronos_drivers.lib : vti_ps.obj (.text:ps_twi_sda)
                  0000c102    00000090     CC430_End_Device_915MHz.lib : mrfi.obj (.text:mrfiRadioInterfaceCmdStrobe)
                  0000c192    00000090                                 : nwk_frame.obj (.text:nwk_buildFrame)
                  0000c222    0000008e     rts430x.lib : fs_div.obj (.text)
                  0000c2b0    0000008c     CC430_End_Device_915MHz.lib : nwk_frame.obj (.text:dispatchFrame)
                  0000c33c    0000008c                                 : nwk.obj (.text:nwk_isConnectionValid)
                  0000c3c8    00000086     BlueRobin_RX_915MHz.lib : BRRX_Scheduler.obj (.text:GetData_v)
                  0000c44e    00000082     date.obj (.text:get_numberOfDays)
                  0000c4d0    00000080     ez430_chronos_drivers.lib : vti_as.obj (.text:as_start)
                  0000c550    00000080     CC430_End_Device_915MHz.lib : nwk_frame.obj (.text:nwk_sendAckReply)
                  0000c5d0    0000007c     BlueRobin_RX_915MHz.lib : BRRX_Scheduler.obj (.text:TrimACLK_Offset_v)
                  0000c64c    00000076     CC430_End_Device_915MHz.lib : nwk_QMgmt.obj (.text:nwk_QfindSlot)
                  0000c6c2    00000074     battery.obj (.text:battery_measurement)
                  0000c736    00000072     ez430_chronos_drivers.lib : timer.obj (.text:_isr:TIMER0_A1_5_ISR)
                  0000c7a8    00000072                               : vti_ps.obj (.text:ps_read_register)
                  0000c81a    00000070     BlueRobin_RX_915MHz.lib : BRRX_Radio.obj (.text:BRRX_RadioInit_v)
                  0000c88a    00000070     ez430_chronos_drivers.lib : display.obj (.text:display_char)
                  0000c8fa    00000070                               : vti_ps.obj (.text:ps_init)
                  0000c96a    0000006e     BlueRobin_RX_915MHz.lib : BRRX_Radio.obj (.text:BRRX_RadioReceive_v)
                  0000c9d8    0000006e     rts430x.lib : lsr32.obj (.text)
                  0000ca46    0000006a     BlueRobin_RX_915MHz.lib : BRRX_API.obj (.text:ResetTXCB_v)
                  0000cab0    00000068     ez430_chronos_drivers.lib : adc12.obj (.text:adc12_single_conversion)
                  0000cb18    00000068                               : vti_as.obj (.text:as_read_register)
                  0000cb80    00000068                               : vti_as.obj (.text:as_write_register)
                  0000cbe8    00000068     main.obj (.text:init_global_variables)
                  0000cc50    00000068     CC430_End_Device_915MHz.lib : nwk_link.obj (.text:smpl_send_unlink_reply)
                  0000ccb8    00000066     ez430_chronos_drivers.lib : rf1a.obj (.text:WritePATable)
                  0000cd1e    00000066     bluerobin.obj (.text:display_heartrate)
                  0000cd84    00000064     CC430_End_Device_915MHz.lib : mrfi.obj (.text:mrfiRadioInterfaceReadRxFifo)
                  0000cde8    00000062                                 : mrfi.obj (.text:MRFI_RadioIsr)
                  0000ce4a    0000005e     BlueRobin_RX_915MHz.lib : BRRX_Radio.obj (.text:BRRX_PacketEndTimerTask_v)
                  0000cea8    0000005e     battery.obj (.text:display_battery_V)
                  0000cf06    0000005c     clock.obj (.text:clock_tick)
                  0000cf62    0000005a     BlueRobin_RX_915MHz.lib : BRRX_Scheduler.obj (.text:PrepareForFirstPacket_v)
                  0000cfbc    0000005a     ez430_chronos_drivers.lib : vti_ps.obj (.text:ps_write_register)
                  0000d016    0000005a                               : display.obj (.text:write_lcd_mem)
                  0000d070    00000058     BlueRobin_RX_915MHz.lib : BRRX_API.obj (.text:BRRX_Start_v)
                  0000d0c8    00000058     ez430_chronos_drivers.lib : display.obj (.text:clear_line)
                  0000d120    00000058     rts430x.lib : div32u.obj (.text)
                  0000d178    00000056     BlueRobin_RX_915MHz.lib : BRRX_Radio.obj (.text:BRRX_RadioCalibrate_v)
                  0000d1ce    00000054     bluerobin.obj (.text:display_calories)
                  0000d222    00000054     ez430_chronos_drivers.lib : vti_ps.obj (.text:ps_twi_read)
                  0000d276    00000052     BlueRobin_RX_915MHz.lib : BRRX_Scheduler.obj (.text:BRRX__StartNewSearch_v)
                  0000d2c8    00000052                             : BRRX_Scheduler.obj (.text:TestStartTime_v)
                  0000d31a    00000052     CC430_End_Device_915MHz.lib : nwk_ioctl.obj (.text:nwk_rawSend)
                  0000d36c    0000004e     rts430x.lib : lsl32.obj (.text)
                  0000d3ba    0000004c     BlueRobin_RX_915MHz.lib : BRRX_Scheduler.obj (.text:SearchPacketCheck_u8)
                  0000d406    0000004c     date.obj (.text:add_day)
                  0000d452    0000004c     ez430_chronos_drivers.lib : ports.obj (.text:button_repeat_function)
                  0000d49e    0000004c     acceleration.obj (.text:convert_acceleration_value_to_mgrav)
                  0000d4ea    0000004c     rts430x.lib : fs_toul.obj (.text)
                  0000d536    0000004a     ez430_chronos_drivers.lib : timer.obj (.text:Timer0_A4_Delay)
                  0000d580    0000004a     rts430x.lib : fs_cmp.obj (.text)
                  0000d5ca    0000004a     bluerobin.obj (.text:stop_bluerobin)
                  0000d614    0000004a     ez430_chronos_drivers.lib : buzzer.obj (.text:toggle_buzzer)
                  0000d65e    00000048     main.obj (.text:process_requests)
                  0000d6a6    00000046     BlueRobin_RX_915MHz.lib : BR_Common.obj (.text:BR__CalcRandomTimeOffset_u16)
                  0000d6ec    00000046     ez430_chronos_drivers.lib : pmm.obj (.text:SetVCoreUp)
                  0000d732    00000046     rts430x.lib : autoinit.obj (.text:_auto_init)
                  0000d778    00000046     ez430_chronos_drivers.lib : display.obj (.text:display_hours1)
                  0000d7be    00000046     CC430_End_Device_915MHz.lib : mrfi.obj (.text:mrfiRadioInterfaceReadReg)
                  0000d804    00000046     ez430_chronos_drivers.lib : vti_ps.obj (.text:ps_get_temp)
                  0000d84a    00000046     rts430x.lib : fs_tou.obj (.text)
                  0000d890    00000046     CC430_End_Device_915MHz.lib : main_ED_BM.obj (.text:simpliciti_main_tx_only)
                  0000d8d6    00000046     ez430_chronos_drivers.lib : buzzer.obj (.text:start_buzzer)
                  0000d91c    00000044                               : rf1a.obj (.text:ReadBurstReg)
                  0000d960    00000044     CC430_End_Device_915MHz.lib : nwk_api.obj (.text:SMPL_Receive)
                  0000d9a4    00000044     ez430_chronos_drivers.lib : rf1a.obj (.text:WriteBurstReg)
                  0000d9e8    00000044     CC430_End_Device_915MHz.lib : nwk_ping.obj (.text:smpl_send_ping_reply)
                  0000da2c    00000042     ez430_chronos_drivers.lib : vti_ps.obj (.text:ps_get_pa)
                  0000da6e    00000042                               : vti_ps.obj (.text:ps_twi_write)
                  0000dab0    00000042     altitude.obj (.text:reset_altitude_measurement)
                  0000daf2    00000040     CC430_End_Device_915MHz.lib : nwk.obj (.text:nwk_isValidReply)
                  0000db32    00000040     rts430x.lib : div32s.obj (.text)
                  0000db72    00000040     altitude.obj (.text:start_altitude_measurement)
                  0000dbb2    00000040     stopwatch.obj (.text:update_stopwatch_timer)
                  0000dbf2    0000003e     BlueRobin_RX_915MHz.lib : BRRX_API.obj (.text:BRRX_SetID_v)
                  0000dc30    0000003e                             : BRRX_Packet.obj (.text:BRRX__DecodePacket_u8)
                  0000dc6e    0000003e                             : BRRX_API.obj (.text:BRRX__NewInfo_v)
                  0000dcac    0000003e                             : BRRX_Scheduler.obj (.text:PacketHit_u8)
                  0000dcea    0000003e     CC430_End_Device_915MHz.lib : nwk.obj (.text:nwk_getNextConnection)
                  0000dd28    0000003c     BlueRobin_RX_915MHz.lib : BRRX_Timer.obj (.text:BRRX_TimerTask_v)
                  0000dd64    0000003c     CC430_End_Device_915MHz.lib : mrfi.obj (.text:MRFI_ReplyDelay)
                  0000dda0    0000003c                                 : nwk.obj (.text:nwk_findPeer)
                  0000dddc    0000003c                                 : nwk.obj (.text:nwk_isLinkDuplicate)
                  0000de18    0000003c     rfbsl.obj (.text:sx_rfbsl)
                  0000de54    0000003a     CC430_End_Device_915MHz.lib : mrfi.obj (.text:Mrfi_RxAddrIsFiltered)
                  0000de8e    0000003a                                 : nwk_mgmt.obj (.text:nwk_processMgmt)
                  0000dec8    00000038     BlueRobin_RX_915MHz.lib : BRRX_API.obj (.text:BRRX_Init_v)
                  0000df00    00000038     ez430_chronos_drivers.lib : rf1a.obj (.text:WriteSingleReg)
                  0000df38    00000038                               : radio.obj (.text:_isr:radio_ISR)
                  0000df70    00000038     CC430_End_Device_915MHz.lib : nwk.obj (.text:initializeConnection)
                  0000dfa8    00000038     bluerobin.obj (.text:reset_bluerobin)
                  0000dfe0    00000036     main.obj (.text:main)
                  0000e016    00000036     CC430_End_Device_915MHz.lib : nwk.obj (.text:nwk_putNumObjectIntoMsg)
                  0000e04c    00000036     rts430x.lib : fs_itof.obj (.text)
                  0000e082    00000034     BlueRobin_RX_915MHz.lib : BR_Common.obj (.text:BR__CalcCRC_u8)
                  0000e0b6    00000034     CC430_End_Device_915MHz.lib : bsp.obj (.text:BSP_Delay)
                  0000e0ea    00000034                                 : nwk_api.obj (.text:SMPL_Init)
                  0000e11e    00000034     BlueRobin_RX_915MHz.lib : BRRX_Scheduler.obj (.text:TrimRFCLK_Offset_v)
                  0000e152    00000034     CC430_End_Device_915MHz.lib : mrfi.obj (.text:mrfiRadioInterfaceWriteReg)
                  0000e186    00000034                                 : mrfi.obj (.text:mrfiRadioInterfaceWriteTxFifo)
                  0000e1ba    00000032     BlueRobin_RX_915MHz.lib : BRRX_Radio.obj (.text:BRRX_RadioStop_v)
                  0000e1ec    00000032     CC430_End_Device_915MHz.lib : mrfi.obj (.text:MRFI_SetLogicalChannel)
                  0000e21e    00000032     ez430_chronos_drivers.lib : vti_as.obj (.text:as_stop)
                  0000e250    00000032     CC430_End_Device_915MHz.lib : nwk_ioctl.obj (.text:nwk_deviceAddress)
                  0000e282    00000032     ez430_chronos_drivers.lib : radio.obj (.text:radio_reset)
                  0000e2b4    00000032     rts430x.lib : fs_ultof.obj (.text)
                  0000e2e6    00000032     alarm.obj (.text:sx_alarm)
                  0000e318    00000030     CC430_End_Device_915MHz.lib : nwk_link.obj (.text:nwk_linkInit)
                  0000e348    00000030                                 : nwk_ioctl.obj (.text:nwk_rawReceive)
                  0000e378    00000030                                 : nwk_frame.obj (.text:nwk_sendFrame)
                  0000e3a8    0000002e                                 : mrfi.obj (.text:Mrfi_CalculateRssi)
                  0000e3d6    0000002e     ez430_chronos_drivers.lib : vti_as.obj (.text:as_init)
                  0000e404    0000002c     CC430_End_Device_915MHz.lib : mrfi.obj (.text:Mrfi_RxModeOff)
                  0000e430    0000002c     ez430_chronos_drivers.lib : vti_as.obj (.text:as_get_data)
                  0000e45c    0000002c     CC430_End_Device_915MHz.lib : nwk_QMgmt.obj (.text:nwk_QadjustOrder)
                  0000e488    0000002c     rts430x.lib : div16s.obj (.text)
                  0000e4b4    0000002a     BlueRobin_RX_915MHz.lib : BRRX_API.obj (.text:BRRX_GetID_u32)
                  0000e4de    0000002a     CC430_End_Device_915MHz.lib : mrfi.obj (.text:MRFI_SetRxAddrFilter)
                  0000e508    0000002a                                 : mrfi.obj (.text:Mrfi_DelayUsecSem)
                  0000e532    0000002a     BlueRobin_RX_915MHz.lib : BRRX_Scheduler.obj (.text:SearchPacketMissed_u8)
                  0000e55c    0000002a     rts430x.lib : boot.obj (.text:_isr:_c_int00_noexit)
                  0000e586    0000002a     ez430_chronos_drivers.lib : display.obj (.text:lcd_init)
                  0000e5b0    00000028     CC430_End_Device_915MHz.lib : nwk.obj (.text:map_lid2idx)
                  0000e5d8    00000028                                 : nwk.obj (.text:nwk_getConnInfo)
                  0000e600    00000028                                 : nwk_ping.obj (.text:nwk_processPing)
                  0000e628    00000026     ez430_chronos_drivers.lib : pmm.obj (.text:SetVCoreDown)
                  0000e64e    00000026     CC430_End_Device_915MHz.lib : nwk_link.obj (.text:handleLinkRequest)
                  0000e674    00000026     ez430_chronos_drivers.lib : ports.obj (.text:init_buttons)
                  0000e69a    00000026                               : vti_ps.obj (.text:init_pressure_table)
                  0000e6c0    00000026     CC430_End_Device_915MHz.lib : nwk.obj (.text:nwk_checkConnInfo)
                  0000e6e6    00000026                                 : nwk_globals.obj (.text:nwk_globalsInit)
                  0000e70c    00000026                                 : nwk_join.obj (.text:nwk_joinInit)
                  0000e732    00000026                                 : nwk_link.obj (.text:nwk_processLink)
                  0000e758    00000024     BlueRobin_RX_915MHz.lib : BRRX_API.obj (.text:BRRX_GetState_t)
                  0000e77c    00000024     CC430_End_Device_915MHz.lib : mrfi.obj (.text:MRFI_Sleep)
                  0000e7a0    00000024                                 : mrfi.obj (.text:Mrfi_DelayUsec)
                  0000e7c4    00000024     ez430_chronos_drivers.lib : pmm.obj (.text:SetVCore)
                  0000e7e8    00000024     rts430x.lib : memcmp.obj (.text:memcmp)
                  0000e80c    00000024     clock.obj (.text:reset_clock)
                  0000e830    00000024     rts430x.lib : fs_utof.obj (.text)
                  0000e854    00000022     CC430_End_Device_915MHz.lib : mrfi.obj (.text:MRFI_WakeUp)
                  0000e876    00000022     ez430_chronos_drivers.lib : ports.obj (.text:button_repeat_on)
                  0000e898    00000022                               : display.obj (.text:display_value1)
                  0000e8ba    00000022     CC430_End_Device_915MHz.lib : nwk_frame.obj (.text:nwk_buildAckReqFrame)
                  0000e8dc    00000022     rts430x.lib : mult32_f5hw.obj (.text)
                  0000e8fe    00000022     stopwatch.obj (.text:start_stopwatch)
                  0000e920    00000020     BlueRobin_RX_915MHz.lib : BRRX_API.obj (.text:BRRX_GetDistance_u16)
                  0000e940    00000020                             : BRRX_API.obj (.text:BRRX_GetSpeed_u8)
                  0000e960    00000020     CC430_End_Device_915MHz.lib : mrfi.obj (.text:MRFI_Rssi)
                  0000e980    00000020                                 : nwk_frame.obj (.text:MRFI_RxCompleteISR)
                  0000e9a0    00000020                                 : mrfi.obj (.text:MRFI_RxIdle)
                  0000e9c0    00000020                                 : mrfi.obj (.text:MRFI_RxOn)
                  0000e9e0    00000020     rts430x.lib : memmov.obj (.text:memmove)
                  0000ea00    00000020     CC430_End_Device_915MHz.lib : nwk_ioctl.obj (.text:nwk_connectionControl)
                  0000ea20    00000020     stopwatch.obj (.text:reset_stopwatch)
                  0000ea40    00000020     ez430_chronos_drivers.lib : buzzer.obj (.text:stop_buzzer)
                  0000ea60    0000001e     CC430_End_Device_915MHz.lib : mrfi.obj (.text:MRFI_EnableRxAddrFilter)
                  0000ea7e    0000001e                                 : mrfi.obj (.text:Mrfi_RandomBackoffDelay)
                  0000ea9c    0000001e     BlueRobin_RX_915MHz.lib : BRRX_Timer.obj (.text:SetAbsoluteTimer_v)
                  0000eaba    0000001e     ez430_chronos_drivers.lib : display.obj (.text:display_symbol)
                  0000ead8    0000001e     CC430_End_Device_915MHz.lib : nwk_frame.obj (.text:nwk_frameInit)
                  0000eaf6    0000001e                                 : nwk_globals.obj (.text:nwk_setMyAddress)
                  0000eb14    0000001c     alarm.obj (.text:check_alarm)
                  0000eb30    0000001c     ez430_chronos_drivers.lib : display.obj (.text:clear_display_all)
                  0000eb4c    0000001c     altitude.obj (.text:convert_ft_to_m)
                  0000eb68    0000001c     altitude.obj (.text:convert_m_to_ft)
                  0000eb84    0000001c     ez430_chronos_drivers.lib : display.obj (.text:display_am_pm_symbol)
                  0000eba0    0000001c     CC430_End_Device_915MHz.lib : nwk_QMgmt.obj (.text:nwk_QInit)
                  0000ebbc    0000001c                                 : nwk_join.obj (.text:nwk_processJoin)
                  0000ebd8    0000001c     altitude.obj (.text:stop_altitude_measurement)
                  0000ebf4    0000001c     acceleration.obj (.text:sx_acceleration)
                  0000ec10    0000001a     BlueRobin_RX_915MHz.lib : BRRX_Scheduler.obj (.text:GetPacketTolerance_u8)
                  0000ec2a    0000001a     CC430_End_Device_915MHz.lib : mrfi.obj (.text:MRFI_SetRFPwr)
                  0000ec44    0000001a     ez430_chronos_drivers.lib : adc12.obj (.text:_isr:ADC12ISR)
                  0000ec5e    0000001a     stopwatch.obj (.text:stop_stopwatch)
                  0000ec78    0000001a     bluerobin.obj (.text:sx_caldist)
                  0000ec92    00000018     CC430_End_Device_915MHz.lib : mrfi.obj (.text:MRFI_DelayMs)
                  0000ecaa    00000018     ez430_chronos_drivers.lib : timer.obj (.text:Timer0_A3_Start)
                  0000ecc2    00000018     clock.obj (.text:convert_hour_to_12H_format)
                  0000ecda    00000018     test.obj (.text:display_all_on)
                  0000ecf2    00000018     alarm.obj (.text:reset_alarm)
                  0000ed0a    00000018     rfsimpliciti.obj (.text:sx_ppt)
                  0000ed22    00000018     rfsimpliciti.obj (.text:sx_rf)
                  0000ed3a    00000016     CC430_End_Device_915MHz.lib : mrfi.obj (.text:MRFI_RandomByte)
                  0000ed50    00000016                                 : mrfi.obj (.text:Mrfi_RxModeOn)
                  0000ed66    00000016     ez430_chronos_drivers.lib : rf1a.obj (.text:ReadSingleReg)
                  0000ed7c    00000016     temperature.obj (.text:convert_C_to_F)
                  0000ed92    00000016     clock.obj (.text:display_selection_Timeformat1)
                  0000eda8    00000016     bluerobin.obj (.text:display_selection_User_Sex1)
                  0000edbe    00000016     rts430x.lib : div16u.obj (.text)
                  0000edd4    00000016                 : mult16_f5hw.obj (.text)
                  0000edea    00000016     stopwatch.obj (.text:sx_stopwatch)
                  0000ee00    00000016     rfsimpliciti.obj (.text:sx_sync)
                  0000ee16    00000014     ez430_chronos_drivers.lib : timer.obj (.text:Timer0_Init)
                  0000ee2a    00000014                               : buzzer.obj (.text:countdown_buzzer)
                  0000ee3e    00000014     test.obj (.text:display_all_off)
                  0000ee52    00000014     rfsimpliciti.obj (.text:display_ppt)
                  0000ee66    00000014     rfsimpliciti.obj (.text:display_rf)
                  0000ee7a    00000014     rfbsl.obj (.text:display_rfbsl)
                  0000ee8e    00000014     rfsimpliciti.obj (.text:display_sync)
                  0000eea2    00000014     CC430_End_Device_915MHz.lib : nwk_api.obj (.text:ioctlPreInitAccessIsOK)
                  0000eeb6    00000014     stopwatch.obj (.text:is_stopwatch)
                  0000eeca    00000014     rts430x.lib : memset.obj (.text:memset)
                  0000eede    00000014     date.obj (.text:reset_date)
                  0000eef2    00000012     BlueRobin_RX_915MHz.lib : BR_Common.obj (.text:BR__CalcRandomChannel_u8)
                  0000ef04    00000012                             : BRRX_Radio.obj (.text:BlueRobin_RadioISR_v)
                  0000ef16    00000012     temperature.obj (.text:convert_F_to_C)
                  0000ef28    00000012     acceleration.obj (.text:is_acceleration_measurement)
                  0000ef3a    00000012     altitude.obj (.text:is_altitude_measurement)
                  0000ef4c    00000012     rts430x.lib : memcpy.obj (.text:memcpy)
                  0000ef5e    00000012     CC430_End_Device_915MHz.lib : nwk_join.obj (.text:nwk_getJoinToken)
                  0000ef70    00000012                                 : nwk_link.obj (.text:nwk_getLinkToken)
                  0000ef82    00000012                                 : nwk_globals.obj (.text:nwk_getMyAddress)
                  0000ef94    00000012                                 : nwk_join.obj (.text:nwk_setJoinToken)
                  0000efa6    00000012                                 : nwk_link.obj (.text:nwk_setLinkToken)
                  0000efb8    00000012     ez430_chronos_drivers.lib : radio.obj (.text:open_radio)
                  0000efca    00000012     battery.obj (.text:reset_batt_measurement)
                  0000efdc    00000010     BlueRobin_RX_915MHz.lib : BRRX_Timer.obj (.text:BRRX__StartTimer_v)
                  0000efec    00000010     CC430_End_Device_915MHz.lib : bsp.obj (.text:BSP_InitBoard)
                  0000effc    00000010     ez430_chronos_drivers.lib : radio.obj (.text:close_radio)
                  0000f00c    00000010     acceleration.obj (.text:do_acceleration_measurement)
                  0000f01c    00000010     ez430_chronos_drivers.lib : radio.obj (.text:radio_powerdown)
                  0000f02c    00000010     date.obj (.text:sx_date)
                  0000f03c    00000010     clock.obj (.text:sx_time)
                  0000f04c    0000000e     acceleration.obj (.text:acceleration_value_is_positive)
                  0000f05a    0000000e     bluerobin.obj (.text:display_caldist)
                  0000f068    0000000e     clock.obj (.text:is_hour_am)
                  0000f076    0000000e     stopwatch.obj (.text:mx_stopwatch)
                  0000f084    0000000e     acceleration.obj (.text:reset_acceleration)
                  0000f092    0000000e     ez430_chronos_drivers.lib : display.obj (.text:set_blink_rate)
                  0000f0a0    0000000c     BlueRobin_RX_915MHz.lib : BRRX_Timer.obj (.text:BRRX__GetCurrentTime_u16)
                  0000f0ac    0000000c     CC430_End_Device_915MHz.lib : mrfi.obj (.text:MRFI_PostKillSem)
                  0000f0b8    0000000c                                 : mrfi.obj (.text:MRFI_Receive)
                  0000f0c4    0000000c     ez430_chronos_drivers.lib : timer.obj (.text:Timer0_Stop)
                  0000f0d0    0000000c                               : display.obj (.text:clear_display)
                  0000f0dc    0000000c     CC430_End_Device_915MHz.lib : nwk_ping.obj (.text:handlePingRequest)
                  0000f0e8    0000000c     main.obj (.text:idle_loop)
                  0000f0f4    0000000c     bluerobin.obj (.text:is_bluerobin)
                  0000f100    0000000c     bluerobin.obj (.text:is_bluerobin_searching)
                  0000f10c    0000000c     rfsimpliciti.obj (.text:is_rf)
                  0000f118    0000000c     temperature.obj (.text:is_temp_measurement)
                  0000f124    0000000c     CC430_End_Device_915MHz.lib : nwk.obj (.text:nwk_getNumObjectFromMsg)
                  0000f130    0000000c                                 : nwk_globals.obj (.text:nwk_setAPAddress)
                  0000f13c    0000000c     ez430_chronos_drivers.lib : vti_ps.obj (.text:ps_start)
                  0000f148    0000000c     menu.obj (.text:update_acceleration)
                  0000f154    0000000c     menu.obj (.text:update_alarm)
                  0000f160    0000000c     menu.obj (.text:update_battery_voltage)
                  0000f16c    0000000c     menu.obj (.text:update_stopwatch)
                  0000f178    0000000c     menu.obj (.text:update_temperature)
                  0000f184    0000000a     BlueRobin_RX_915MHz.lib : BRRX_Timer.obj (.text:BRRX__IsTimerRunning_v)
                  0000f18e    0000000a                             : BRRX_Timer.obj (.text:BRRX__StopTimer_v)
                  0000f198    0000000a     ez430_chronos_drivers.lib : ports.obj (.text:button_repeat_off)
                  0000f1a2    0000000a     CC430_End_Device_915MHz.lib : nwk_mgmt.obj (.text:nwk_mgmtInit)
                  0000f1ac    0000000a                                 : nwk_ping.obj (.text:nwk_pingInit)
                  0000f1b6    0000000a     ez430_chronos_drivers.lib : vti_ps.obj (.text:ps_stop)
                  0000f1c0    0000000a                               : buzzer.obj (.text:reset_buzzer)
                  0000f1ca    0000000a     rfsimpliciti.obj (.text:reset_rf)
                  0000f1d4    0000000a     temperature.obj (.text:reset_temp_measurement)
                  0000f1de    0000000a     ez430_chronos_drivers.lib : display.obj (.text:switch_seg)
                  0000f1e8    0000000a     menu.obj (.text:update_date)
                  0000f1f2    0000000a     menu.obj (.text:update_time)
                  0000f1fc    00000008     BlueRobin_RX_915MHz.lib : BRRX_Radio.obj (.text:BRRX_GetFS_Offset_s8)
                  0000f204    00000008                             : BRRX_API.obj (.text:BRRX_SetSignalLevelReduction_v)
                  0000f20c    00000008     ez430_chronos_drivers.lib : timer.obj (.text:Timer0_A3_Stop)
                  0000f214    00000008                               : timer.obj (.text:Timer0_Start)
                  0000f21c    00000008     alarm.obj (.text:stop_alarm)
                  0000f224    00000008     main.obj (.text:to_lpm)
                  0000f22c    00000006     BlueRobin_RX_915MHz.lib : BRRX_API.obj (.text:BRRX_GetHeartRate_u8)
                  0000f232    00000006                             : BRRX_API.obj (.text:BRRX_SetPowerdownDelay_v)
                  0000f238    00000006                             : BRRX_API.obj (.text:BRRX_SetSearchTimeout_v)
                  0000f23e    00000006                             : BRRX_API.obj (.text:BRRX_Stop_v)
                  0000f244    00000006                             : BRRX_Timer.obj (.text:BRRX__CallTimer_v)
                  0000f24a    00000006                             : BRRX_Timer.obj (.text:BRRX__InitTimer_v)
                  0000f250    00000006     CC430_End_Device_915MHz.lib : mrfi.obj (.text:MRFI_GetRadioState)
                  0000f256    00000006     ez430_chronos_drivers.lib : display.obj (.text:clear_blink_mem)
                  0000f25c    00000006     bluerobin.obj (.text:mx_bluerobin)
                  0000f262    00000006     CC430_End_Device_915MHz.lib : nwk.obj (.text:nwk_freeConnection)
                  0000f268    00000006                                 : nwk_globals.obj (.text:nwk_getBCastAddress)
                  0000f26e    00000006                                 : nwk_globals.obj (.text:nwk_getFWVersion)
                  0000f274    00000006                                 : nwk_frame.obj (.text:nwk_getMyRxType)
                  0000f27a    00000006     ez430_chronos_drivers.lib : display.obj (.text:start_blink)
                  0000f280    00000006                               : display.obj (.text:stop_blink)
                  0000f286    00000004     CC430_End_Device_915MHz.lib : nwk_api.obj (.text:SMPL_Link)
                  0000f28a    00000004     rts430x.lib : pre_init.obj (.text:_system_pre_init)
                  0000f28e    00000004                 : exit.obj (.text:abort)
                  0000f292    00000004     CC430_End_Device_915MHz.lib : nwk.obj (.text:nwk_NVObj)
                  0000f296    00000004                                 : nwk_globals.obj (.text:nwk_getProtocolVersion)
                  0000f29a    00000004                                 : nwk_freq.obj (.text:nwk_processFreq)
                  0000f29e    00000004                                 : nwk_security.obj (.text:nwk_processSecurity)
                  0000f2a2    00000004     ez430_chronos_drivers.lib : vti_ps.obj (.text:twi_delay)
                  0000f2a6    00000002     rts430x.lib : _lock.obj (.text:_nop)
                  0000f2a8    00000002     user.obj (.text:dummy)
                  0000f2aa    00000002     CC430_End_Device_915MHz.lib : nwk_freq.obj (.text:nwk_freqInit)
                  0000f2ac    00000002                                 : nwk_security.obj (.text:nwk_securityInit)
                  0000f2ae    00000002     altitude.obj (.text:sx_altitude)

.const     0    0000f2b0    00000601     
                  0000f2b0    0000021f     ez430_chronos_drivers.lib : display1.obj (.const:itoa_conversion_table)
                  0000f4cf    00000001     --HOLE-- [fill = 0]
                  0000f4d0    0000010e     menu.obj (.const)
                  0000f5de    00000100     BlueRobin_RX_915MHz.lib : BR_Common.obj (.const:RandomValue_u8)
                  0000f6de    00000040     CC430_End_Device_915MHz.lib : mrfi.obj (.const:mrfiRadioCfg)
                  0000f71e    0000002b     ez430_chronos_drivers.lib : display1.obj (.const:lcd_font)
                  0000f749    00000001     --HOLE-- [fill = 0]
                  0000f74a    0000002a                               : display1.obj (.const:segments_bitmask)
                  0000f774    00000027     BlueRobin_RX_915MHz.lib : BRRX_Radio.obj (.const:RadioSettings_t)
                  0000f79b    00000001     --HOLE-- [fill = 0]
                  0000f79c    00000024     main.obj (.const:.string)
                  0000f7c0    00000022     ez430_chronos_drivers.lib : vti_ps.obj (.const:h0)
                  0000f7e2    00000022                               : vti_ps.obj (.const:p0)
                  0000f804    00000018     rfsimpliciti.obj (.const:.string)
                  0000f81c    00000018     CC430_End_Device_915MHz.lib : nwk_frame.obj (.const:func)
                  0000f834    0000000e     rfbsl.obj (.const:.string)
                  0000f842    0000000e     acceleration.obj (.const:mgrav_per_bit)
                  0000f850    0000000c     bluerobin.obj (.const:.string)
                  0000f85c    0000000c     test.obj (.const:.string)
                  0000f868    0000000a     stopwatch.obj (.const:.string)
                  0000f872    00000009     CC430_End_Device_915MHz.lib : nwk_globals.obj (.const)
                  0000f87b    00000001     --HOLE-- [fill = 0]
                  0000f87c    00000008     ez430_chronos_drivers.lib : display.obj (.const:.string)
                  0000f884    00000008     clock.obj (.const:selection_Timeformat)
                  0000f88c    00000008     bluerobin.obj (.const:selection_User_Sex)
                  0000f894    00000005     ez430_chronos_drivers.lib : timer.obj (.const:.string)
                  0000f899    00000001     --HOLE-- [fill = 0]
                  0000f89a    00000004     acceleration.obj (.const:.string)
                  0000f89e    00000004     altitude.obj (.const:.string)
                  0000f8a2    00000004     BlueRobin_RX_915MHz.lib : BRRX_Resource.obj (.const)
                  0000f8a6    00000004     CC430_End_Device_915MHz.lib : mrfi.obj (.const:mrfiBroadcastAddr)
                  0000f8aa    00000004                                 : mrfi.obj (.const:mrfiLogicalChanTable)
                  0000f8ae    00000003                                 : mrfi.obj (.const:mrfiRFPowerTable)

.cinit     0    0000f8b2    0000018a     
                  0000f8b2    00000058     ez430_chronos_drivers.lib : display1.obj (.cinit)
                  0000f90a    0000004d     CC430_End_Device_915MHz.lib : mrfi.obj (.cinit)
                  0000f957    00000001     --HOLE-- [fill = 0]
                  0000f958    00000020                                 : nwk_frame.obj (.cinit)
                  0000f978    00000019                                 : nwk_link.obj (.cinit)
                  0000f991    00000001     --HOLE-- [fill = 0]
                  0000f992    00000017     BlueRobin_RX_915MHz.lib : BRRX_Scheduler.obj (.cinit)
                  0000f9a9    00000001     --HOLE-- [fill = 0]
                  0000f9aa    00000017                             : BRRX_Timer.obj (.cinit)
                  0000f9c1    00000001     --HOLE-- [fill = 0]
                  0000f9c2    00000015     CC430_End_Device_915MHz.lib : nwk_join.obj (.cinit)
                  0000f9d7    00000001     --HOLE-- [fill = 0]
                  0000f9d8    0000000c     BlueRobin_RX_915MHz.lib : BRRX_Radio.obj (.cinit)
                  0000f9e4    0000000c     menu.obj (.cinit)
                  0000f9f0    0000000b     BlueRobin_RX_915MHz.lib : BRRX_Packet.obj (.cinit)
                  0000f9fb    00000001     --HOLE-- [fill = 0]
                  0000f9fc    0000000b     CC430_End_Device_915MHz.lib : nwk_mgmt.obj (.cinit)
                  0000fa07    00000001     --HOLE-- [fill = 0]
                  0000fa08    0000000b     ez430_chronos_drivers.lib : ports.obj (.cinit)
                  0000fa13    00000001     --HOLE-- [fill = 0]
                  0000fa14    00000005     CC430_End_Device_915MHz.lib : nwk.obj (.cinit)
                  0000fa19    00000001     --HOLE-- [fill = 0]
                  0000fa1a    00000005                                 : nwk_api.obj (.cinit)
                  0000fa1f    00000001     --HOLE-- [fill = 0]
                  0000fa20    00000005                                 : nwk_globals.obj (.cinit)
                  0000fa25    00000001     --HOLE-- [fill = 0]
                  0000fa26    00000005                                 : nwk_ping.obj (.cinit)
                  0000fa2b    00000001     --HOLE-- [fill = 0]
                  0000fa2c    00000005     rfsimpliciti.obj (.cinit)
                  0000fa31    00000001     --HOLE-- [fill = 0]
                  0000fa32    00000005     stopwatch.obj (.cinit)
                  0000fa37    00000001     --HOLE-- [fill = 0]
                  0000fa38    00000004     (.pad.cinit) [fill = 0]

.int48     0    0000ffe0    00000002     
                  0000ffe0    00000002     ez430_chronos_drivers.lib : ports.obj (.int48)

.int53     0    0000ffea    00000002     
                  0000ffea    00000002     ez430_chronos_drivers.lib : radio.obj (.int53)

.int54     0    0000ffec    00000002     
                  0000ffec    00000002     ez430_chronos_drivers.lib : timer.obj (.int54)

.int55     0    0000ffee    00000002     
                  0000ffee    00000002     ez430_chronos_drivers.lib : timer.obj (.int55)

.int56     0    0000fff0    00000002     
                  0000fff0    00000002     ez430_chronos_drivers.lib : adc12.obj (.int56)

.reset     0    0000fffe    00000002     
                  0000fffe    00000002     rts430x.lib : boot.obj (.reset)


GLOBAL SYMBOLS: SORTED ALPHABETICALLY BY Name 

address    name
--------   ----
00001c00   .bss
00008000   .text
00000700   ADC12CTL0
00000701   ADC12CTL0_H
00000700   ADC12CTL0_L
00000702   ADC12CTL1
00000703   ADC12CTL1_H
00000702   ADC12CTL1_L
00000704   ADC12CTL2
00000705   ADC12CTL2_H
00000704   ADC12CTL2_L
0000070c   ADC12IE
0000070d   ADC12IE_H
0000070c   ADC12IE_L
0000070a   ADC12IFG
0000070b   ADC12IFG_H
0000070a   ADC12IFG_L
0000ec44   ADC12ISR
0000070e   ADC12IV
0000070f   ADC12IV_H
0000070e   ADC12IV_L
00000710   ADC12MCTL0
00000711   ADC12MCTL1
0000071a   ADC12MCTL10
0000071b   ADC12MCTL11
0000071c   ADC12MCTL12
0000071d   ADC12MCTL13
0000071e   ADC12MCTL14
0000071f   ADC12MCTL15
00000712   ADC12MCTL2
00000713   ADC12MCTL3
00000714   ADC12MCTL4
00000715   ADC12MCTL5
00000716   ADC12MCTL6
00000717   ADC12MCTL7
00000718   ADC12MCTL8
00000719   ADC12MCTL9
00000720   ADC12MEM0
00000721   ADC12MEM0_H
00000720   ADC12MEM0_L
00000722   ADC12MEM1
00000734   ADC12MEM10
00000735   ADC12MEM10_H
00000734   ADC12MEM10_L
00000736   ADC12MEM11
00000737   ADC12MEM11_H
00000736   ADC12MEM11_L
00000738   ADC12MEM12
00000739   ADC12MEM12_H
00000738   ADC12MEM12_L
0000073a   ADC12MEM13
0000073b   ADC12MEM13_H
0000073a   ADC12MEM13_L
0000073c   ADC12MEM14
0000073d   ADC12MEM14_H
0000073c   ADC12MEM14_L
0000073e   ADC12MEM15
0000073f   ADC12MEM15_H
0000073e   ADC12MEM15_L
00000723   ADC12MEM1_H
00000722   ADC12MEM1_L
00000724   ADC12MEM2
00000725   ADC12MEM2_H
00000724   ADC12MEM2_L
00000726   ADC12MEM3
00000727   ADC12MEM3_H
00000726   ADC12MEM3_L
00000728   ADC12MEM4
00000729   ADC12MEM4_H
00000728   ADC12MEM4_L
0000072a   ADC12MEM5
0000072b   ADC12MEM5_H
0000072a   ADC12MEM5_L
0000072c   ADC12MEM6
0000072d   ADC12MEM6_H
0000072c   ADC12MEM6_L
0000072e   ADC12MEM7
0000072f   ADC12MEM7_H
0000072e   ADC12MEM7_L
00000730   ADC12MEM8
00000731   ADC12MEM8_H
00000730   ADC12MEM8_L
00000732   ADC12MEM9
00000733   ADC12MEM9_H
00000732   ADC12MEM9_L
000009c0   AESACTL0
000009c1   AESACTL0_H
000009c0   AESACTL0_L
000009c8   AESADIN
000009c9   AESADIN_H
000009c8   AESADIN_L
000009ca   AESADOUT
000009cb   AESADOUT_H
000009ca   AESADOUT_L
000009c6   AESAKEY
000009c7   AESAKEY_H
000009c6   AESAKEY_L
000009c4   AESASTAT
000009c5   AESASTAT_H
000009c4   AESASTAT_L
0000e920   BRRX_GetDistance_u16
0000f1fc   BRRX_GetFS_Offset_s8
0000f22c   BRRX_GetHeartRate_u8
0000e4b4   BRRX_GetID_u32
0000e940   BRRX_GetSpeed_u8
0000e758   BRRX_GetState_t
0000dec8   BRRX_Init_v
0000ce4a   BRRX_PacketEndTimerTask_v
0000d178   BRRX_RadioCalibrate_v
0000c81a   BRRX_RadioInit_v
0000c96a   BRRX_RadioReceive_v
0000e1ba   BRRX_RadioStop_v
0000dbf2   BRRX_SetID_v
0000f232   BRRX_SetPowerdownDelay_v
0000f238   BRRX_SetSearchTimeout_v
0000f204   BRRX_SetSignalLevelReduction_v
0000d070   BRRX_Start_v
0000f23e   BRRX_Stop_v
0000dd28   BRRX_TimerTask_v
0000f244   BRRX__CallTimer_v
00001ed2   BRRX__CurrentPacketTime_u16
00001ed4   BRRX__CurrentSignalLevel_u8
0000dc30   BRRX__DecodePacket_u8
0000f8a2   BRRX__First_TXCB_t
0000f0a0   BRRX__GetCurrentTime_u16
0000f24a   BRRX__InitTimer_v
0000f184   BRRX__IsTimerRunning_v
0000f8a4   BRRX__Last_TXCB_t
00001e3e   BRRX__MaxSearchTries_u8
0000dc6e   BRRX__NewInfo_v
00001e8a   BRRX__NextEndTime_u16
00001e88   BRRX__NextEventTime_u16
00001e8d   BRRX__NextFrequencyOffset_s8
00001e8c   BRRX__NextFrequency_u8
00001e42   BRRX__PacketBits_t
00001e3c   BRRX__PowerdownDelay_u8
0000829c   BRRX__Scheduler_v
00001e3f   BRRX__SearchRatio_u8
00001e3d   BRRX__SignalLevelReduction
0000d276   BRRX__StartNewSearch_v
0000efdc   BRRX__StartTimer_v
00001ed0   BRRX__StatusFlags_t
0000f18e   BRRX__StopTimer_v
00001dc6   BRRX__TXCB_t
00001e40   BRRX__TestMode_u8
00001e8e   BRRX__TimerState_t
0000e082   BR__CalcCRC_u8
0000eef2   BR__CalcRandomChannel_u8
0000d6a6   BR__CalcRandomTimeOffset_u16
0000e0b6   BSP_Delay
0000efec   BSP_InitBoard
0000ef04   BlueRobin_RadioISR_v
0000f28e   C$$EXIT
000008c0   CBCTL0
000008c1   CBCTL0_H
000008c0   CBCTL0_L
000008c2   CBCTL1
000008c3   CBCTL1_H
000008c2   CBCTL1_L
000008c4   CBCTL2
000008c5   CBCTL2_H
000008c4   CBCTL2_L
000008c6   CBCTL3
000008c7   CBCTL3_H
000008c6   CBCTL3_L
000008cc   CBINT
000008cd   CBINT_H
000008cc   CBINT_L
000008ce   CBIV
000008cf   CBIV_H
000008ce   CBIV_L
00000150   CRCDI
00000152   CRCDIRB
00000153   CRCDIRB_H
00000152   CRCDIRB_L
00000151   CRCDI_H
00000150   CRCDI_L
00000154   CRCINIRES
00000155   CRCINIRES_H
00000154   CRCINIRES_L
00000156   CRCRESR
00000157   CRCRESR_H
00000156   CRCRESR_L
00000510   DMA0CTL
00000511   DMA0CTL_H
00000510   DMA0CTL_L
00000516   DMA0DA
00000516   DMA0DAL
00000512   DMA0SA
00000512   DMA0SAL
0000051a   DMA0SZ
0000051b   DMA0SZ_H
0000051a   DMA0SZ_L
00000520   DMA1CTL
00000521   DMA1CTL_H
00000520   DMA1CTL_L
00000526   DMA1DA
00000526   DMA1DAL
00000522   DMA1SA
00000522   DMA1SAL
0000052a   DMA1SZ
0000052b   DMA1SZ_H
0000052a   DMA1SZ_L
00000530   DMA2CTL
00000531   DMA2CTL_H
00000530   DMA2CTL_L
00000536   DMA2DA
00000536   DMA2DAL
00000532   DMA2SA
00000532   DMA2SAL
0000053a   DMA2SZ
0000053b   DMA2SZ_H
0000053a   DMA2SZ_L
00000500   DMACTL0
00000501   DMACTL0_H
00000500   DMACTL0_L
00000502   DMACTL1
00000503   DMACTL1_H
00000502   DMACTL1_L
00000504   DMACTL2
00000505   DMACTL2_H
00000504   DMACTL2_L
00000506   DMACTL3
00000507   DMACTL3_H
00000506   DMACTL3_L
00000508   DMACTL4
00000509   DMACTL4_H
00000508   DMACTL4_L
0000050e   DMAIV
0000050f   DMAIV_H
0000050e   DMAIV_L
00000140   FCTL1
00000141   FCTL1_H
00000140   FCTL1_L
00000144   FCTL3
00000145   FCTL3_H
00000144   FCTL3_L
00000146   FCTL4
00000147   FCTL4_H
00000146   FCTL4_L
00000a04   LCDBBLKCTL
00000a05   LCDBBLKCTL_H
00000a04   LCDBBLKCTL_L
00000a12   LCDBCPCTL
00000a13   LCDBCPCTL_H
00000a12   LCDBCPCTL_L
00000a00   LCDBCTL0
00000a01   LCDBCTL0_H
00000a00   LCDBCTL0_L
00000a02   LCDBCTL1
00000a03   LCDBCTL1_H
00000a02   LCDBCTL1_L
00000a1e   LCDBIV
00000a40   LCDBM1
00000a49   LCDBM10
00000a4a   LCDBM11
00000a4b   LCDBM12
00000a4c   LCDBM13
00000a4d   LCDBM14
00000a4e   LCDBM15
00000a4f   LCDBM16
00000a50   LCDBM17
00000a51   LCDBM18
00000a52   LCDBM19
00000a41   LCDBM2
00000a53   LCDBM20
00000a54   LCDBM21
00000a55   LCDBM22
00000a56   LCDBM23
00000a57   LCDBM24
00000a42   LCDBM3
00000a43   LCDBM4
00000a44   LCDBM5
00000a45   LCDBM6
00000a46   LCDBM7
00000a47   LCDBM8
00000a48   LCDBM9
00000a06   LCDBMEMCTL
00000a07   LCDBMEMCTL_H
00000a06   LCDBMEMCTL_L
00000a0a   LCDBPCTL0
00000a0b   LCDBPCTL0_H
00000a0a   LCDBPCTL0_L
00000a0c   LCDBPCTL1
00000a0d   LCDBPCTL1_H
00000a0c   LCDBPCTL1_L
00000a0e   LCDBPCTL2
00000a0f   LCDBPCTL2_H
00000a0e   LCDBPCTL2_L
00000a10   LCDBPCTL3
00000a11   LCDBPCTL3_H
00000a10   LCDBPCTL3_L
00000a08   LCDBVCTL
00000a09   LCDBVCTL_H
00000a08   LCDBVCTL_L
00000a20   LCDM1
00000a29   LCDM10
00000a2a   LCDM11
00000a2b   LCDM12
00000a2c   LCDM13
00000a2d   LCDM14
00000a2e   LCDM15
00000a2f   LCDM16
00000a30   LCDM17
00000a31   LCDM18
00000a32   LCDM19
00000a21   LCDM2
00000a33   LCDM20
00000a34   LCDM21
00000a35   LCDM22
00000a36   LCDM23
00000a37   LCDM24
00000a22   LCDM3
00000a23   LCDM4
00000a24   LCDM5
00000a25   LCDM6
00000a26   LCDM7
00000a27   LCDM8
00000a28   LCDM9
0000d36c   L_LSL
0000d3b4   L_LSL_1
0000d390   L_LSL_10
0000d38c   L_LSL_11
0000d388   L_LSL_12
0000d384   L_LSL_13
0000d380   L_LSL_14
0000d37c   L_LSL_15
0000d3b0   L_LSL_2
0000d3ac   L_LSL_3
0000d3a8   L_LSL_4
0000d3a4   L_LSL_5
0000d3a0   L_LSL_6
0000d39c   L_LSL_7
0000d398   L_LSL_8
0000d394   L_LSL_9
0000c9d8   L_LSR
0000ca3e   L_LSR_1
0000ca08   L_LSR_10
0000ca02   L_LSR_11
0000c9fc   L_LSR_12
0000c9f6   L_LSR_13
0000c9f0   L_LSR_14
0000c9ea   L_LSR_15
0000ca38   L_LSR_2
0000ca32   L_LSR_3
0000ca2c   L_LSR_4
0000ca26   L_LSR_5
0000ca20   L_LSR_6
0000ca1a   L_LSR_7
0000ca14   L_LSR_8
0000ca0e   L_LSR_9
000004c4   MAC
000004da   MAC32H
000004db   MAC32H_H
000004da   MAC32H_L
000004d8   MAC32L
000004d9   MAC32L_H
000004d8   MAC32L_L
000004c6   MACS
000004de   MACS32H
000004df   MACS32H_H
000004de   MACS32H_L
000004dc   MACS32L
000004dd   MACS32L_H
000004dc   MACS32L_L
000004c7   MACS_H
000004c6   MACS_L
000004c5   MAC_H
000004c4   MAC_L
000004c0   MPY
000004ec   MPY32CTL0
000004ed   MPY32CTL0_H
000004ec   MPY32CTL0_L
000004d2   MPY32H
000004d3   MPY32H_H
000004d2   MPY32H_L
000004d0   MPY32L
000004d1   MPY32L_H
000004d0   MPY32L_L
000004c2   MPYS
000004d6   MPYS32H
000004d7   MPYS32H_H
000004d6   MPYS32H_L
000004d4   MPYS32L
000004d5   MPYS32L_H
000004d4   MPYS32L_L
000004c3   MPYS_H
000004c2   MPYS_L
000004c1   MPY_H
000004c0   MPY_L
0000ec92   MRFI_DelayMs
0000ea60   MRFI_EnableRxAddrFilter
0000f250   MRFI_GetRadioState
00009316   MRFI_Init
0000f0ac   MRFI_PostKillSem
0000cde8   MRFI_RadioIsr
0000ed3a   MRFI_RandomByte
0000f0b8   MRFI_Receive
0000dd64   MRFI_ReplyDelay
0000e960   MRFI_Rssi
0000e980   MRFI_RxCompleteISR
0000e9a0   MRFI_RxIdle
0000e9c0   MRFI_RxOn
0000e1ec   MRFI_SetLogicalChannel
0000ec2a   MRFI_SetRFPwr
0000e4de   MRFI_SetRxAddrFilter
0000e77c   MRFI_Sleep
0000b5ea   MRFI_Transmit
0000e854   MRFI_WakeUp
000004c8   OP2
000004e2   OP2H
000004e3   OP2H_H
000004e2   OP2H_L
000004e0   OP2L
000004e1   OP2L_H
000004e0   OP2L_L
000004c9   OP2_H
000004c8   OP2_L
0000020e   P1IV
000001c8   P1MAP01
000001c9   P1MAP01_H
000001c8   P1MAP01_L
000001ca   P1MAP23
000001cb   P1MAP23_H
000001ca   P1MAP23_L
000001cc   P1MAP45
000001cd   P1MAP45_H
000001cc   P1MAP45_L
000001ce   P1MAP67
000001cf   P1MAP67_H
000001ce   P1MAP67_L
0000021e   P2IV
000001d0   P2MAP01
000001d1   P2MAP01_H
000001d0   P2MAP01_L
000001d2   P2MAP23
000001d3   P2MAP23_H
000001d2   P2MAP23_L
000001d4   P2MAP45
000001d5   P2MAP45_H
000001d4   P2MAP45_L
000001d6   P2MAP67
000001d7   P2MAP67_H
000001d6   P2MAP67_L
000001d8   P3MAP01
000001d9   P3MAP01_H
000001d8   P3MAP01_L
000001da   P3MAP23
000001db   P3MAP23_H
000001da   P3MAP23_L
000001dc   P3MAP45
000001dd   P3MAP45_H
000001dc   P3MAP45_L
000001de   P3MAP67
000001df   P3MAP67_H
000001de   P3MAP67_L
00000204   PADIR
00000205   PADIR_H
00000204   PADIR_L
00000208   PADS
00000209   PADS_H
00000208   PADS_L
0000021a   PAIE
00000218   PAIES
00000219   PAIES_H
00000218   PAIES_L
0000021b   PAIE_H
0000021a   PAIE_L
0000021c   PAIFG
0000021d   PAIFG_H
0000021c   PAIFG_L
00000200   PAIN
00000201   PAIN_H
00000200   PAIN_L
00000202   PAOUT
00000203   PAOUT_H
00000202   PAOUT_L
00000206   PAREN
00000207   PAREN_H
00000206   PAREN_L
0000020a   PASEL
0000020b   PASEL_H
0000020a   PASEL_L
00000224   PBDIR
00000225   PBDIR_H
00000224   PBDIR_L
00000228   PBDS
00000229   PBDS_H
00000228   PBDS_L
00000220   PBIN
00000221   PBIN_H
00000220   PBIN_L
00000222   PBOUT
00000223   PBOUT_H
00000222   PBOUT_L
00000226   PBREN
00000227   PBREN_H
00000226   PBREN_L
0000022a   PBSEL
0000022b   PBSEL_H
0000022a   PBSEL_L
00000244   PCDIR
00000245   PCDIR_H
00000244   PCDIR_L
00000248   PCDS
00000249   PCDS_H
00000248   PCDS_L
00000240   PCIN
00000241   PCIN_H
00000240   PCIN_L
00000242   PCOUT
00000243   PCOUT_H
00000242   PCOUT_L
00000246   PCREN
00000247   PCREN_H
00000246   PCREN_L
0000024a   PCSEL
0000024b   PCSEL_H
0000024a   PCSEL_L
00000324   PJDIR
00000325   PJDIR_H
00000324   PJDIR_L
00000328   PJDS
00000329   PJDS_H
00000328   PJDS_L
00000320   PJIN
00000321   PJIN_H
00000320   PJIN_L
00000322   PJOUT
00000323   PJOUT_H
00000322   PJOUT_L
00000326   PJREN
00000327   PJREN_H
00000326   PJREN_L
000001c2   PMAPCTL
000001c3   PMAPCTL_H
000001c2   PMAPCTL_L
000001c0   PMAPPWD
000001c1   PMAPPWD_H
000001c0   PMAPPWD_L
00000120   PMMCTL0
00000121   PMMCTL0_H
00000120   PMMCTL0_L
00000122   PMMCTL1
00000123   PMMCTL1_H
00000122   PMMCTL1_L
0000012c   PMMIFG
0000012d   PMMIFG_H
0000012c   PMMIFG_L
0000012e   PMMRIE
0000012f   PMMRIE_H
0000012e   PMMRIE_L
000094ae   PORT2_ISR
00000158   RCCTL0
00000159   RCCTL0_H
00000158   RCCTL0_L
000001b0   REFCTL0
000001b1   REFCTL0_H
000001b0   REFCTL0_L
000004e4   RES0
000004e5   RES0_H
000004e4   RES0_L
000004e6   RES1
000004e7   RES1_H
000004e6   RES1_L
000004e8   RES2
000004e9   RES2_H
000004e8   RES2_L
000004ea   RES3
000004eb   RES3_H
000004ea   RES3_L
000004cc   RESHI
000004cd   RESHI_H
000004cc   RESHI_L
000004ca   RESLO
000004cb   RESLO_H
000004ca   RESLO_L
00000f16   RF1ADINW
00000f17   RF1ADINW_H
00000f16   RF1ADINW_L
00000f28   RF1ADOUT0W
00000f29   RF1ADOUT0W_H
00000f28   RF1ADOUT0W_L
00000f2a   RF1ADOUT1W
00000f2b   RF1ADOUT1W_H
00000f2a   RF1ADOUT1W_L
00000f2c   RF1ADOUT2W
00000f2d   RF1ADOUT2W_H
00000f2c   RF1ADOUT2W_L
00000f36   RF1AIE
00000f34   RF1AIES
00000f35   RF1AIES_H
00000f34   RF1AIES_L
00000f37   RF1AIE_H
00000f36   RF1AIE_L
00000f00   RF1AIFCTL0
00000f01   RF1AIFCTL0_H
00000f00   RF1AIFCTL0_L
00000f02   RF1AIFCTL1
00000f03   RF1AIFCTL1_H
00000f02   RF1AIFCTL1_L
00000f04   RF1AIFCTL2
00000f05   RF1AIFCTL2_H
00000f04   RF1AIFCTL2_L
00000f06   RF1AIFERR
00000f0c   RF1AIFERRV
00000f0d   RF1AIFERRV_H
00000f0c   RF1AIFERRV_L
00000f07   RF1AIFERR_H
00000f06   RF1AIFERR_L
00000f32   RF1AIFG
00000f33   RF1AIFG_H
00000f32   RF1AIFG_L
00000f0e   RF1AIFIV
00000f0f   RF1AIFIV_H
00000f0e   RF1AIFIV_L
00000f30   RF1AIN
00000f12   RF1AINSTR1W
00000f13   RF1AINSTR1W_H
00000f12   RF1AINSTR1W_L
00000f14   RF1AINSTR2W
00000f15   RF1AINSTR2W_H
00000f14   RF1AINSTR2W_L
00000f10   RF1AINSTRW
00000f11   RF1AINSTRW_H
00000f10   RF1AINSTRW_L
00000f31   RF1AIN_H
00000f30   RF1AIN_L
00000f38   RF1AIV
00000f39   RF1AIV_H
00000f38   RF1AIV_L
00000f3c   RF1ARXFIFO
00000f3d   RF1ARXFIFO_H
00000f3c   RF1ARXFIFO_L
00000f20   RF1ASTAT0W
00000f21   RF1ASTAT0W_H
00000f20   RF1ASTAT0W_L
00000f22   RF1ASTAT1W
00000f23   RF1ASTAT1W_H
00000f22   RF1ASTAT1W_L
00000f24   RF1ASTAT2W
00000f25   RF1ASTAT2W_H
00000f24   RF1ASTAT2W_L
00000f3e   RF1ATXFIFO
00000f3f   RF1ATXFIFO_H
00000f3e   RF1ATXFIFO_L
000004ba   RTCADOWDAY
000004bb   RTCADOWDAY_H
000004ba   RTCADOWDAY_L
000004b8   RTCAMINHR
000004b9   RTCAMINHR_H
000004b8   RTCAMINHR_L
000004a0   RTCCTL01
000004a1   RTCCTL01_H
000004a0   RTCCTL01_L
000004a2   RTCCTL23
000004a3   RTCCTL23_H
000004a2   RTCCTL23_L
000004b4   RTCDATE
000004b5   RTCDATE_H
000004b4   RTCDATE_L
000004ae   RTCIV
000004ac   RTCPS
000004a8   RTCPS0CTL
000004a9   RTCPS0CTL_H
000004a8   RTCPS0CTL_L
000004aa   RTCPS1CTL
000004ab   RTCPS1CTL_H
000004aa   RTCPS1CTL_L
000004ad   RTCPS_H
000004ac   RTCPS_L
000004b0   RTCTIM0
000004b1   RTCTIM0_H
000004b0   RTCTIM0_L
000004b2   RTCTIM1
000004b3   RTCTIM1_H
000004b2   RTCTIM1_L
000004b6   RTCYEAR
000004b7   RTCYEAR_H
000004b6   RTCYEAR_L
0000f5de   RandomValue_u8
0000d91c   ReadBurstReg
0000ed66   ReadSingleReg
00000100   SFRIE1
00000101   SFRIE1_H
00000100   SFRIE1_L
00000102   SFRIFG1
00000103   SFRIFG1_H
00000102   SFRIFG1_L
00000104   SFRRPCR
00000105   SFRRPCR_H
00000104   SFRRPCR_L
0000e0ea   SMPL_Init
0000a078   SMPL_Ioctl
0000f286   SMPL_Link
0000d960   SMPL_Receive
0000ac88   SMPL_SendOpt
000004ce   SUMEXT
000004cf   SUMEXT_H
000004ce   SUMEXT_L
00000124   SVSMHCTL
00000125   SVSMHCTL_H
00000124   SVSMHCTL_L
00000128   SVSMIO
00000129   SVSMIO_H
00000128   SVSMIO_L
00000126   SVSMLCTL
00000127   SVSMLCTL_H
00000126   SVSMLCTL_L
00000184   SYSARB
00000185   SYSARB_H
00000184   SYSARB_L
00000198   SYSBERRIV
00000199   SYSBERRIV_H
00000198   SYSBERRIV_L
00000182   SYSBSLC
00000183   SYSBSLC_H
00000182   SYSBSLC_L
00000180   SYSCTL
00000181   SYSCTL_H
00000180   SYSCTL_L
00000186   SYSJMBC
00000187   SYSJMBC_H
00000186   SYSJMBC_L
00000188   SYSJMBI0
00000189   SYSJMBI0_H
00000188   SYSJMBI0_L
0000018a   SYSJMBI1
0000018b   SYSJMBI1_H
0000018a   SYSJMBI1_L
0000018c   SYSJMBO0
0000018d   SYSJMBO0_H
0000018c   SYSJMBO0_L
0000018e   SYSJMBO1
0000018f   SYSJMBO1_H
0000018e   SYSJMBO1_L
0000019e   SYSRSTIV
0000019f   SYSRSTIV_H
0000019e   SYSRSTIV_L
0000019c   SYSSNIV
0000019d   SYSSNIV_H
0000019c   SYSSNIV_L
0000019a   SYSUNIV
0000019b   SYSUNIV_H
0000019a   SYSUNIV_L
0000e7c4   SetVCore
0000e628   SetVCoreDown
0000d6ec   SetVCoreUp
0000be1a   Strobe
00000352   TA0CCR0
00000353   TA0CCR0_H
00000352   TA0CCR0_L
00000354   TA0CCR1
00000355   TA0CCR1_H
00000354   TA0CCR1_L
00000356   TA0CCR2
00000357   TA0CCR2_H
00000356   TA0CCR2_L
00000358   TA0CCR3
00000359   TA0CCR3_H
00000358   TA0CCR3_L
0000035a   TA0CCR4
0000035b   TA0CCR4_H
0000035a   TA0CCR4_L
00000342   TA0CCTL0
00000343   TA0CCTL0_H
00000342   TA0CCTL0_L
00000344   TA0CCTL1
00000345   TA0CCTL1_H
00000344   TA0CCTL1_L
00000346   TA0CCTL2
00000347   TA0CCTL2_H
00000346   TA0CCTL2_L
00000348   TA0CCTL3
00000349   TA0CCTL3_H
00000348   TA0CCTL3_L
0000034a   TA0CCTL4
0000034b   TA0CCTL4_H
0000034a   TA0CCTL4_L
00000340   TA0CTL
00000341   TA0CTL_H
00000340   TA0CTL_L
00000360   TA0EX0
00000361   TA0EX0_H
00000360   TA0EX0_L
0000036e   TA0IV
0000036f   TA0IV_H
0000036e   TA0IV_L
00000350   TA0R
00000351   TA0R_H
00000350   TA0R_L
00000392   TA1CCR0
00000393   TA1CCR0_H
00000392   TA1CCR0_L
00000394   TA1CCR1
00000395   TA1CCR1_H
00000394   TA1CCR1_L
00000396   TA1CCR2
00000397   TA1CCR2_H
00000396   TA1CCR2_L
00000382   TA1CCTL0
00000383   TA1CCTL0_H
00000382   TA1CCTL0_L
00000384   TA1CCTL1
00000385   TA1CCTL1_H
00000384   TA1CCTL1_L
00000386   TA1CCTL2
00000387   TA1CCTL2_H
00000386   TA1CCTL2_L
00000380   TA1CTL
00000381   TA1CTL_H
00000380   TA1CTL_L
000003a0   TA1EX0
000003a1   TA1EX0_H
000003a0   TA1EX0_L
000003ae   TA1IV
000003af   TA1IV_H
000003ae   TA1IV_L
00000390   TA1R
00000391   TA1R_H
00000390   TA1R_L
00009162   TIMER0_A0_ISR
0000c736   TIMER0_A1_5_ISR
0000ecaa   Timer0_A3_Start
0000f20c   Timer0_A3_Stop
0000d536   Timer0_A4_Delay
0000ee16   Timer0_Init
0000f214   Timer0_Start
0000f0c4   Timer0_Stop
000005d0   UCA0ABCTL
000005c6   UCA0BRW
000005c7   UCA0BRW_H
000005c6   UCA0BRW_L
000005c0   UCA0CTLW0
000005c1   UCA0CTLW0_H
000005c0   UCA0CTLW0_L
000005dc   UCA0ICTL
000005dd   UCA0ICTL_H
000005dc   UCA0ICTL_L
000005d2   UCA0IRCTL
000005d3   UCA0IRCTL_H
000005d2   UCA0IRCTL_L
000005de   UCA0IV
000005c8   UCA0MCTL
000005cc   UCA0RXBUF
000005ca   UCA0STAT
000005ce   UCA0TXBUF
000005e6   UCB0BRW
000005e7   UCB0BRW_H
000005e6   UCB0BRW_L
000005e0   UCB0CTLW0
000005e1   UCB0CTLW0_H
000005e0   UCB0CTLW0_L
000005f0   UCB0I2COA
000005f1   UCB0I2COA_H
000005f0   UCB0I2COA_L
000005f2   UCB0I2CSA
000005f3   UCB0I2CSA_H
000005f2   UCB0I2CSA_L
000005fc   UCB0ICTL
000005fd   UCB0ICTL_H
000005fc   UCB0ICTL_L
000005fe   UCB0IV
000005ec   UCB0RXBUF
000005ea   UCB0STAT
000005ee   UCB0TXBUF
00000160   UCSCTL0
00000161   UCSCTL0_H
00000160   UCSCTL0_L
00000162   UCSCTL1
00000163   UCSCTL1_H
00000162   UCSCTL1_L
00000164   UCSCTL2
00000165   UCSCTL2_H
00000164   UCSCTL2_L
00000166   UCSCTL3
00000167   UCSCTL3_H
00000166   UCSCTL3_L
00000168   UCSCTL4
00000169   UCSCTL4_H
00000168   UCSCTL4_L
0000016a   UCSCTL5
0000016b   UCSCTL5_H
0000016a   UCSCTL5_L
0000016c   UCSCTL6
0000016d   UCSCTL6_H
0000016c   UCSCTL6_L
0000016e   UCSCTL7
0000016f   UCSCTL7_H
0000016e   UCSCTL7_L
00000170   UCSCTL8
00000171   UCSCTL8_H
00000170   UCSCTL8_L
0000015c   WDTCTL
0000015d   WDTCTL_H
0000015c   WDTCTL_L
0000d9a4   WriteBurstReg
0000ccb8   WritePATable
0000df00   WriteSingleReg
00002bfc   __STACK_END
00000050   __STACK_SIZE
00000001   __TI_args_main
00000001   __TI_auto_init
00000001   __TI_exit
ffffffff   __binit__
00001c00   __bss__
ffffffff   __c_args__
0000f8b2   __cinit__
0000e488   __divi
0000db32   __divli
0000edbe   __divu
0000d120   __divul
00001ee9   __end__
0000f2b0   __etext__
0000a19c   __fs_add
0000d580   __fs_cmp
0000c222   __fs_div
0000e04c   __fs_itof
0000bc42   __fs_mpy
0000a196   __fs_sub
0000d84a   __fs_tou
0000d4ea   __fs_toul
0000e2b4   __fs_ultof
0000e830   __fs_utof
0000edd4   __mpyi_f5hw
0000e8dc   __mpyl_f5hw
ffffffff   __pinit__
0000e488   __remi
0000db32   __remli
0000edbe   __remu
0000d120   __remul
00008000   __text__
0000d732   _auto_init
0000e55c   _c_int00
0000e55c   _c_int00_noexit
00001eb0   _cleanup_ptr
00001eb4   _dtors_ptr
00001ea8   _lock
0000f2a6   _nop
0000fffe   _reset_vector
00002bac   _stack
0000f28a   _system_pre_init
00001eac   _unlock
0000f28e   abort
0000f04c   acceleration_value_is_positive
00001ee8   adc12_data_ready
00001ee6   adc12_result
0000cab0   adc12_single_conversion
0000d406   add_day
0000e430   as_get_data
0000e3d6   as_init
00001ed5   as_ok
0000cb18   as_read_register
0000c4d0   as_start
0000e21e   as_stop
0000cb80   as_write_register
0000c6c2   battery_measurement
ffffffff   binit
00001ebc   brrx_packet_end_cap_value
00001d10   burst_end
00001d0c   burst_mode
00001d12   burst_packet
00001d24   burst_packet_index
00001d0e   burst_start
00001ea0   button
0000d452   button_repeat_function
0000f198   button_repeat_off
0000e876   button_repeat_on
0000eb14   check_alarm
0000f8b2   cinit
0000f256   clear_blink_mem
0000f0d0   clear_display
0000eb30   clear_display_all
0000d0c8   clear_line
0000cf06   clock_tick
0000effc   close_radio
00008000   conv_pa_to_meter
0000ed7c   convert_C_to_F
0000ef16   convert_F_to_C
0000d49e   convert_acceleration_value_to_mgrav
0000eb4c   convert_ft_to_m
0000ecc2   convert_hour_to_12H_format
0000eb68   convert_m_to_ft
0000ee2a   countdown_buzzer
00001e6a   display
00009bb4   display_acceleration
0000b02a   display_alarm
0000ee3e   display_all_off
0000ecda   display_all_on
0000a8be   display_altitude
0000eb84   display_am_pm_symbol
0000cea8   display_battery_V
0000f05a   display_caldist
0000d1ce   display_calories
0000c88a   display_char
0000b386   display_chars
0000b106   display_date
0000af4a   display_distance
0000cd1e   display_heartrate
0000d778   display_hours1
0000ee52   display_ppt
0000ee66   display_rf
0000ee7a   display_rfbsl
0000ed92   display_selection_Timeformat1
0000eda8   display_selection_User_Sex1
0000ae64   display_speed
00009e2c   display_stopwatch
0000eaba   display_symbol
0000ee8e   display_sync
0000a9b2   display_temperature
0000963a   display_time
0000990a   display_update
0000e898   display_value1
0000f00c   do_acceleration_measurement
0000bba2   do_altitude_measurement
0000f2a8   dummy
00001ee9   end
0000f2b0   etext
00001ec4   fptr_Timer0_A3_function
00001e04   fptr_lcd_function_line1
00001e08   fptr_lcd_function_line2
0000beb0   get_bluerobin_data
0000c44e   get_numberOfDays
0000f7c0   h0
0000f0e8   idle_loop
0000b520   init_application
0000e674   init_buttons
0000cbe8   init_global_variables
0000e69a   init_pressure_table
0000ef28   is_acceleration_measurement
0000ef3a   is_altitude_measurement
0000f0f4   is_bluerobin
0000f100   is_bluerobin_searching
0000f068   is_hour_am
0000f10c   is_rf
0000eeb6   is_stopwatch
0000f118   is_temp_measurement
0000b6b0   itoa
0000f2b0   itoa_conversion_table
00001e6c   itoa_str
0000f71e   lcd_font
0000e586   lcd_init
0000dfe0   main
0000e7e8   memcmp
0000ef4c   memcpy
0000e9e0   memmove
0000eeca   memset
0000f53c   menu_L1_Acceleration
0000f4e2   menu_L1_Alarm
0000f506   menu_L1_Altitude
0000f518   menu_L1_Heartrate
0000f52a   menu_L1_Speed
0000f4f4   menu_L1_Temperature
0000f4d0   menu_L1_Time
0000f572   menu_L2_Battery
0000f5ba   menu_L2_CalDist
0000f54e   menu_L2_Date
0000f596   menu_L2_Ppt
0000f5cc   menu_L2_RFBSL
0000f584   menu_L2_Rf
0000f560   menu_L2_Stopwatch
0000f5a8   menu_L2_Sync
00001e00   message
00001da8   method
0000f842   mgrav_per_bit
0000f8a6   mrfiBroadcastAddr
0000f6de   mrfiRadioCfg
0000c102   mrfiRadioInterfaceCmdStrobe
0000d7be   mrfiRadioInterfaceReadReg
0000cd84   mrfiRadioInterfaceReadRxFifo
0000e152   mrfiRadioInterfaceWriteReg
0000e186   mrfiRadioInterfaceWriteTxFifo
0000a3c6   mx_alarm
0000aaa6   mx_altitude
0000f25c   mx_bluerobin
00008d8c   mx_caldist
00008b8e   mx_date
0000f076   mx_stopwatch
0000a5ce   mx_temperature
0000897c   mx_time
0000f292   nwk_NVObj
0000eba0   nwk_QInit
0000e45c   nwk_QadjustOrder
0000ad76   nwk_QfindOldest
0000c64c   nwk_QfindSlot
0000b2b2   nwk_allocateLocalRxPort
0000e8ba   nwk_buildAckReqFrame
0000c192   nwk_buildFrame
0000e6c0   nwk_checkConnInfo
0000ea00   nwk_connectionControl
0000e250   nwk_deviceAddress
0000dda0   nwk_findPeer
0000ead8   nwk_frameInit
0000f262   nwk_freeConnection
0000f2aa   nwk_freqInit
0000f268   nwk_getBCastAddress
0000e5d8   nwk_getConnInfo
0000f26e   nwk_getFWVersion
0000ef5e   nwk_getJoinToken
0000ef70   nwk_getLinkToken
0000ef82   nwk_getMyAddress
0000f274   nwk_getMyRxType
0000dcea   nwk_getNextConnection
0000f124   nwk_getNumObjectFromMsg
0000f296   nwk_getProtocolVersion
0000e6e6   nwk_globalsInit
0000c33c   nwk_isConnectionValid
0000dddc   nwk_isLinkDuplicate
0000daf2   nwk_isValidReply
0000a6d0   nwk_join
0000e70c   nwk_joinInit
00009a62   nwk_link
0000e318   nwk_linkInit
0000f1a2   nwk_mgmtInit
0000bfdc   nwk_nwkInit
0000f1ac   nwk_pingInit
0000f29a   nwk_processFreq
0000ebbc   nwk_processJoin
0000e732   nwk_processLink
0000de8e   nwk_processMgmt
0000e600   nwk_processPing
0000f29e   nwk_processSecurity
0000e016   nwk_putNumObjectIntoMsg
0000bd7e   nwk_radioControl
0000e348   nwk_rawReceive
0000d31a   nwk_rawSend
0000bb00   nwk_retrieveFrame
0000f2ac   nwk_securityInit
0000c550   nwk_sendAckReply
0000e378   nwk_sendFrame
0000f130   nwk_setAPAddress
0000ef94   nwk_setJoinToken
0000efa6   nwk_setLinkToken
0000eaf6   nwk_setMyAddress
0000efb8   open_radio
00001d26   p
0000f7e2   p0
ffffffff   pinit
0000d65e   process_requests
0000da2c   ps_get_pa
0000d804   ps_get_temp
0000c8fa   ps_init
00001d6a   ps_ok
0000c7a8   ps_read_register
0000f13c   ps_start
0000f1b6   ps_stop
0000d222   ps_twi_read
0000c070   ps_twi_sda
0000da6e   ps_twi_write
0000cfbc   ps_write_register
00001ede   ptrMenu_L1
00001ee0   ptrMenu_L2
0000df38   radio_ISR
0000f01c   radio_powerdown
0000e282   radio_reset
0000b774   read_calibration_values
00001dfe   request
0000f084   reset_acceleration
0000ecf2   reset_alarm
0000dab0   reset_altitude_measurement
0000efca   reset_batt_measurement
0000dfa8   reset_bluerobin
0000f1c0   reset_buzzer
0000e80c   reset_clock
0000eede   reset_date
0000f1ca   reset_rf
0000ea20   reset_stopwatch
0000f1d4   reset_temp_measurement
00001e02   rf_frequoffset
00001e60   sAccel
00001eda   sAlarm
00001e0c   sAlt
00001e90   sBatt
00001de2   sBlueRobin
00001ea2   sButton
00001e98   sBuzzer
00001ebe   sDate
00001e7d   sInit_done
00001ce0   sRFsmpl
00001e28   sStopwatch
00001eca   sTemp
00001e1a   sTime
00001ec8   sTimer
0000f74a   segments_bitmask
00001c8c   segments_lcdmem
0000f884   selection_Timeformat
0000f88c   selection_User_Sex
0000f092   set_blink_rate
00008756   set_value
00001ce6   simpliciti_data
00001d06   simpliciti_ed_address
00001ce4   simpliciti_flag
0000ba5a   simpliciti_get_ed_data_callback
0000b8ee   simpliciti_link
0000b9a4   simpliciti_main_sync
0000d890   simpliciti_main_tx_only
00001d0a   simpliciti_payload_length
00001d0b   simpliciti_reply_count
00009cf6   simpliciti_sync_decode_ap_cmd_callback
0000b1dc   simpliciti_sync_get_data_callback
0000db72   start_altitude_measurement
0000f27a   start_blink
0000d8d6   start_buzzer
0000bce0   start_simpliciti_sync
0000b454   start_simpliciti_tx_only
0000e8fe   start_stopwatch
0000f21c   stop_alarm
0000ebd8   stop_altitude_measurement
0000f280   stop_blink
0000d5ca   stop_bluerobin
0000ea40   stop_buzzer
0000ec5e   stop_stopwatch
0000ab98   stopwatch_tick
0000f1de   switch_seg
0000ebf4   sx_acceleration
0000e2e6   sx_alarm
0000f2ae   sx_altitude
0000a4ca   sx_bluerobin
0000ec78   sx_caldist
0000f02c   sx_date
0000ed0a   sx_ppt
0000ed22   sx_rf
0000de18   sx_rfbsl
0000edea   sx_stopwatch
0000ee00   sx_sync
0000f03c   sx_time
00001dfc   sys
0000bf46   temperature_measurement
00008518   test_mode
0000f224   to_lpm
0000d614   toggle_buzzer
0000f2a2   twi_delay
0000f148   update_acceleration
0000f154   update_alarm
0000f160   update_battery_voltage
0000f1e8   update_date
00008f7c   update_pressure_table
0000f16c   update_stopwatch
0000dbb2   update_stopwatch_timer
0000f178   update_temperature
0000f1f2   update_time
0000a2ae   wakeup_event
0000d016   write_lcd_mem


[...]
00000506   DMACTL3
00000506   DMACTL3_L
00000507   DMACTL3_H
00000508   DMACTL4
00000508   DMACTL4_L
00000509   DMACTL4_H
0000050e   DMAIV
0000050e   DMAIV_L
0000050f   DMAIV_H
00000510   DMA0CTL
00000510   DMA0CTL_L
00000511   DMA0CTL_H
00000512   DMA0SA
00000512   DMA0SAL
00000516   DMA0DA
00000516   DMA0DAL
0000051a   DMA0SZ
0000051a   DMA0SZ_L
0000051b   DMA0SZ_H
00000520   DMA1CTL
00000520   DMA1CTL_L
00000521   DMA1CTL_H
00000522   DMA1SA
00000522   DMA1SAL
00000526   DMA1DA
00000526   DMA1DAL
0000052a   DMA1SZ
0000052a   DMA1SZ_L
0000052b   DMA1SZ_H
00000530   DMA2CTL
00000530   DMA2CTL_L
00000531   DMA2CTL_H
00000532   DMA2SA
00000532   DMA2SAL
00000536   DMA2DA
00000536   DMA2DAL
0000053a   DMA2SZ
0000053a   DMA2SZ_L
0000053b   DMA2SZ_H
000005c0   UCA0CTLW0
000005c0   UCA0CTLW0_L
000005c1   UCA0CTLW0_H
000005c6   UCA0BRW
000005c6   UCA0BRW_L
000005c7   UCA0BRW_H
000005c8   UCA0MCTL
000005ca   UCA0STAT
000005cc   UCA0RXBUF
000005ce   UCA0TXBUF
000005d0   UCA0ABCTL
000005d2   UCA0IRCTL
000005d2   UCA0IRCTL_L
000005d3   UCA0IRCTL_H
000005dc   UCA0ICTL
000005dc   UCA0ICTL_L
000005dd   UCA0ICTL_H
000005de   UCA0IV
000005e0   UCB0CTLW0
000005e0   UCB0CTLW0_L
000005e1   UCB0CTLW0_H
000005e6   UCB0BRW
000005e6   UCB0BRW_L
000005e7   UCB0BRW_H
000005ea   UCB0STAT
000005ec   UCB0RXBUF
000005ee   UCB0TXBUF
000005f0   UCB0I2COA
000005f0   UCB0I2COA_L
000005f1   UCB0I2COA_H
000005f2   UCB0I2CSA
000005f2   UCB0I2CSA_L
000005f3   UCB0I2CSA_H
000005fc   UCB0ICTL
000005fc   UCB0ICTL_L
000005fd   UCB0ICTL_H
000005fe   UCB0IV
00000700   ADC12CTL0
00000700   ADC12CTL0_L
00000701   ADC12CTL0_H
00000702   ADC12CTL1
00000702   ADC12CTL1_L
00000703   ADC12CTL1_H
00000704   ADC12CTL2
00000704   ADC12CTL2_L
00000705   ADC12CTL2_H
0000070a   ADC12IFG
0000070a   ADC12IFG_L
0000070b   ADC12IFG_H
0000070c   ADC12IE
0000070c   ADC12IE_L
0000070d   ADC12IE_H
0000070e   ADC12IV
0000070e   ADC12IV_L
0000070f   ADC12IV_H
00000710   ADC12MCTL0
00000711   ADC12MCTL1
00000712   ADC12MCTL2
00000713   ADC12MCTL3
00000714   ADC12MCTL4
00000715   ADC12MCTL5
00000716   ADC12MCTL6
00000717   ADC12MCTL7
00000718   ADC12MCTL8
00000719   ADC12MCTL9
0000071a   ADC12MCTL10
0000071b   ADC12MCTL11
0000071c   ADC12MCTL12
0000071d   ADC12MCTL13
0000071e   ADC12MCTL14
0000071f   ADC12MCTL15
00000720   ADC12MEM0
00000720   ADC12MEM0_L
00000721   ADC12MEM0_H
00000722   ADC12MEM1
00000722   ADC12MEM1_L
00000723   ADC12MEM1_H
00000724   ADC12MEM2
00000724   ADC12MEM2_L
00000725   ADC12MEM2_H
00000726   ADC12MEM3
00000726   ADC12MEM3_L
00000727   ADC12MEM3_H
00000728   ADC12MEM4
00000728   ADC12MEM4_L
00000729   ADC12MEM4_H
0000072a   ADC12MEM5
0000072a   ADC12MEM5_L
0000072b   ADC12MEM5_H
0000072c   ADC12MEM6
0000072c   ADC12MEM6_L
0000072d   ADC12MEM6_H
0000072e   ADC12MEM7
0000072e   ADC12MEM7_L
0000072f   ADC12MEM7_H
00000730   ADC12MEM8
00000730   ADC12MEM8_L
00000731   ADC12MEM8_H
00000732   ADC12MEM9
00000732   ADC12MEM9_L
00000733   ADC12MEM9_H
00000734   ADC12MEM10
00000734   ADC12MEM10_L
00000735   ADC12MEM10_H
00000736   ADC12MEM11
00000736   ADC12MEM11_L
00000737   ADC12MEM11_H
00000738   ADC12MEM12
00000738   ADC12MEM12_L
00000739   ADC12MEM12_H
0000073a   ADC12MEM13
0000073a   ADC12MEM13_L
0000073b   ADC12MEM13_H
0000073c   ADC12MEM14
0000073c   ADC12MEM14_L
0000073d   ADC12MEM14_H
0000073e   ADC12MEM15
0000073e   ADC12MEM15_L
0000073f   ADC12MEM15_H
000008c0   CBCTL0
000008c0   CBCTL0_L
000008c1   CBCTL0_H
000008c2   CBCTL1
000008c2   CBCTL1_L
000008c3   CBCTL1_H
000008c4   CBCTL2
000008c4   CBCTL2_L
000008c5   CBCTL2_H
000008c6   CBCTL3
000008c6   CBCTL3_L
000008c7   CBCTL3_H
000008cc   CBINT
000008cc   CBINT_L
000008cd   CBINT_H
000008ce   CBIV
000008ce   CBIV_L
000008cf   CBIV_H
000009c0   AESACTL0
000009c0   AESACTL0_L
000009c1   AESACTL0_H
000009c4   AESASTAT
000009c4   AESASTAT_L
000009c5   AESASTAT_H
000009c6   AESAKEY
000009c6   AESAKEY_L
000009c7   AESAKEY_H
000009c8   AESADIN
000009c8   AESADIN_L
000009c9   AESADIN_H
000009ca   AESADOUT
000009ca   AESADOUT_L
000009cb   AESADOUT_H
00000a00   LCDBCTL0
00000a00   LCDBCTL0_L
00000a01   LCDBCTL0_H
00000a02   LCDBCTL1
00000a02   LCDBCTL1_L
00000a03   LCDBCTL1_H
00000a04   LCDBBLKCTL
00000a04   LCDBBLKCTL_L
00000a05   LCDBBLKCTL_H
00000a06   LCDBMEMCTL
00000a06   LCDBMEMCTL_L
00000a07   LCDBMEMCTL_H
00000a08   LCDBVCTL
00000a08   LCDBVCTL_L
00000a09   LCDBVCTL_H
00000a0a   LCDBPCTL0
00000a0a   LCDBPCTL0_L
00000a0b   LCDBPCTL0_H
00000a0c   LCDBPCTL1
00000a0c   LCDBPCTL1_L
00000a0d   LCDBPCTL1_H
00000a0e   LCDBPCTL2
00000a0e   LCDBPCTL2_L
00000a0f   LCDBPCTL2_H
00000a10   LCDBPCTL3
00000a10   LCDBPCTL3_L
00000a11   LCDBPCTL3_H
00000a12   LCDBCPCTL
00000a12   LCDBCPCTL_L
00000a13   LCDBCPCTL_H
00000a1e   LCDBIV
00000a20   LCDM1
00000a21   LCDM2
00000a22   LCDM3
00000a23   LCDM4
00000a24   LCDM5
00000a25   LCDM6
00000a26   LCDM7
00000a27   LCDM8
00000a28   LCDM9
00000a29   LCDM10
00000a2a   LCDM11
00000a2b   LCDM12
00000a2c   LCDM13
00000a2d   LCDM14
00000a2e   LCDM15
00000a2f   LCDM16
00000a30   LCDM17
00000a31   LCDM18
00000a32   LCDM19
00000a33   LCDM20
00000a34   LCDM21
00000a35   LCDM22
00000a36   LCDM23
00000a37   LCDM24
00000a40   LCDBM1
00000a41   LCDBM2
00000a42   LCDBM3
00000a43   LCDBM4
00000a44   LCDBM5
00000a45   LCDBM6
00000a46   LCDBM7
00000a47   LCDBM8
00000a48   LCDBM9
00000a49   LCDBM10
00000a4a   LCDBM11
00000a4b   LCDBM12
00000a4c   LCDBM13
00000a4d   LCDBM14
00000a4e   LCDBM15
00000a4f   LCDBM16
00000a50   LCDBM17
00000a51   LCDBM18
00000a52   LCDBM19
00000a53   LCDBM20
00000a54   LCDBM21
00000a55   LCDBM22
00000a56   LCDBM23
00000a57   LCDBM24
00000f00   RF1AIFCTL0
00000f00   RF1AIFCTL0_L
00000f01   RF1AIFCTL0_H
00000f02   RF1AIFCTL1
00000f02   RF1AIFCTL1_L
00000f03   RF1AIFCTL1_H
00000f04   RF1AIFCTL2
00000f04   RF1AIFCTL2_L
00000f05   RF1AIFCTL2_H
00000f06   RF1AIFERR
00000f06   RF1AIFERR_L
00000f07   RF1AIFERR_H
00000f0c   RF1AIFERRV
00000f0c   RF1AIFERRV_L
00000f0d   RF1AIFERRV_H
00000f0e   RF1AIFIV
00000f0e   RF1AIFIV_L
00000f0f   RF1AIFIV_H
00000f10   RF1AINSTRW
00000f10   RF1AINSTRW_L
00000f11   RF1AINSTRW_H
00000f12   RF1AINSTR1W
00000f12   RF1AINSTR1W_L
00000f13   RF1AINSTR1W_H
00000f14   RF1AINSTR2W
00000f14   RF1AINSTR2W_L
00000f15   RF1AINSTR2W_H
00000f16   RF1ADINW
00000f16   RF1ADINW_L
00000f17   RF1ADINW_H
00000f20   RF1ASTAT0W
00000f20   RF1ASTAT0W_L
00000f21   RF1ASTAT0W_H
00000f22   RF1ASTAT1W
00000f22   RF1ASTAT1W_L
00000f23   RF1ASTAT1W_H
00000f24   RF1ASTAT2W
00000f24   RF1ASTAT2W_L
00000f25   RF1ASTAT2W_H
00000f28   RF1ADOUT0W
00000f28   RF1ADOUT0W_L
00000f29   RF1ADOUT0W_H
00000f2a   RF1ADOUT1W
00000f2a   RF1ADOUT1W_L
00000f2b   RF1ADOUT1W_H
00000f2c   RF1ADOUT2W
00000f2c   RF1ADOUT2W_L
00000f2d   RF1ADOUT2W_H
00000f30   RF1AIN
00000f30   RF1AIN_L
00000f31   RF1AIN_H
00000f32   RF1AIFG
00000f32   RF1AIFG_L
00000f33   RF1AIFG_H
00000f34   RF1AIES
00000f34   RF1AIES_L
00000f35   RF1AIES_H
00000f36   RF1AIE
00000f36   RF1AIE_L
00000f37   RF1AIE_H
00000f38   RF1AIV
00000f38   RF1AIV_L
00000f39   RF1AIV_H
00000f3c   RF1ARXFIFO
00000f3c   RF1ARXFIFO_L
00000f3d   RF1ARXFIFO_H
00000f3e   RF1ATXFIFO
00000f3e   RF1ATXFIFO_L
00000f3f   RF1ATXFIFO_H
00001c00   .bss
00001c00   __bss__
00001c8c   segments_lcdmem
00001ce0   sRFsmpl
00001ce4   simpliciti_flag
00001ce6   simpliciti_data
00001d06   simpliciti_ed_address
00001d0a   simpliciti_payload_length
00001d0b   simpliciti_reply_count
00001d0c   burst_mode
00001d0e   burst_start
00001d10   burst_end
00001d12   burst_packet
00001d24   burst_packet_index
00001d26   p
00001d6a   ps_ok
00001da8   method
00001dc6   BRRX__TXCB_t
00001de2   sBlueRobin
00001dfc   sys
00001dfe   request
00001e00   message
00001e02   rf_frequoffset
00001e04   fptr_lcd_function_line1
00001e08   fptr_lcd_function_line2
00001e0c   sAlt
00001e1a   sTime
00001e28   sStopwatch
00001e3c   BRRX__PowerdownDelay_u8
00001e3d   BRRX__SignalLevelReduction
00001e3e   BRRX__MaxSearchTries_u8
00001e3f   BRRX__SearchRatio_u8
00001e40   BRRX__TestMode_u8
00001e42   BRRX__PacketBits_t
00001e60   sAccel
00001e6a   display
00001e6c   itoa_str
00001e7d   sInit_done
00001e88   BRRX__NextEventTime_u16
00001e8a   BRRX__NextEndTime_u16
00001e8c   BRRX__NextFrequency_u8
00001e8d   BRRX__NextFrequencyOffset_s8
00001e8e   BRRX__TimerState_t
00001e90   sBatt
00001e98   sBuzzer
00001ea0   button
00001ea2   sButton
00001ea8   _lock
00001eac   _unlock
00001eb0   _cleanup_ptr
00001eb4   _dtors_ptr
00001ebc   brrx_packet_end_cap_value
00001ebe   sDate
00001ec4   fptr_Timer0_A3_function
00001ec8   sTimer
00001eca   sTemp
00001ed0   BRRX__StatusFlags_t
00001ed2   BRRX__CurrentPacketTime_u16
00001ed4   BRRX__CurrentSignalLevel_u8
00001ed5   as_ok
00001eda   sAlarm
00001ede   ptrMenu_L1
00001ee0   ptrMenu_L2
00001ee6   adc12_result
00001ee8   adc12_data_ready
00001ee9   __end__
00001ee9   end
00002bac   _stack
00002bfc   __STACK_END
00008000   .text
00008000   __text__
00008000   conv_pa_to_meter
0000829c   BRRX__Scheduler_v
00008518   test_mode
00008756   set_value
0000897c   mx_time
00008b8e   mx_date
00008d8c   mx_caldist
00008f7c   update_pressure_table
00009162   TIMER0_A0_ISR
00009316   MRFI_Init
000094ae   PORT2_ISR
0000963a   display_time
0000990a   display_update
00009a62   nwk_link
00009bb4   display_acceleration
00009cf6   simpliciti_sync_decode_ap_cmd_callback
00009e2c   display_stopwatch
0000a078   SMPL_Ioctl
0000a196   __fs_sub
0000a19c   __fs_add
0000a2ae   wakeup_event
0000a3c6   mx_alarm
0000a4ca   sx_bluerobin
0000a5ce   mx_temperature
0000a6d0   nwk_join
0000a8be   display_altitude
0000a9b2   display_temperature
0000aaa6   mx_altitude
0000ab98   stopwatch_tick
0000ac88   SMPL_SendOpt
0000ad76   nwk_QfindOldest
0000ae64   display_speed
0000af4a   display_distance
0000b02a   display_alarm
0000b106   display_date
0000b1dc   simpliciti_sync_get_data_callback
0000b2b2   nwk_allocateLocalRxPort
0000b386   display_chars
0000b454   start_simpliciti_tx_only
0000b520   init_application
0000b5ea   MRFI_Transmit
0000b6b0   itoa
0000b774   read_calibration_values
0000b8ee   simpliciti_link
0000b9a4   simpliciti_main_sync
0000ba5a   simpliciti_get_ed_data_callback
0000bb00   nwk_retrieveFrame
0000bba2   do_altitude_measurement
0000bc42   __fs_mpy
0000bce0   start_simpliciti_sync
0000bd7e   nwk_radioControl
0000be1a   Strobe
0000beb0   get_bluerobin_data
0000bf46   temperature_measurement
0000bfdc   nwk_nwkInit
0000c070   ps_twi_sda
0000c102   mrfiRadioInterfaceCmdStrobe
0000c192   nwk_buildFrame
0000c222   __fs_div
0000c33c   nwk_isConnectionValid
0000c44e   get_numberOfDays
0000c4d0   as_start
0000c550   nwk_sendAckReply
0000c64c   nwk_QfindSlot
0000c6c2   battery_measurement
0000c736   TIMER0_A1_5_ISR
0000c7a8   ps_read_register
0000c81a   BRRX_RadioInit_v
0000c88a   display_char
0000c8fa   ps_init
0000c96a   BRRX_RadioReceive_v
0000c9d8   L_LSR
0000c9ea   L_LSR_15
0000c9f0   L_LSR_14
0000c9f6   L_LSR_13
0000c9fc   L_LSR_12
0000ca02   L_LSR_11
0000ca08   L_LSR_10
0000ca0e   L_LSR_9
0000ca14   L_LSR_8
0000ca1a   L_LSR_7
0000ca20   L_LSR_6
0000ca26   L_LSR_5
0000ca2c   L_LSR_4
0000ca32   L_LSR_3
0000ca38   L_LSR_2
0000ca3e   L_LSR_1
0000cab0   adc12_single_conversion
0000cb18   as_read_register
0000cb80   as_write_register
0000cbe8   init_global_variables
0000ccb8   WritePATable
0000cd1e   display_heartrate
0000cd84   mrfiRadioInterfaceReadRxFifo
0000cde8   MRFI_RadioIsr
0000ce4a   BRRX_PacketEndTimerTask_v
0000cea8   display_battery_V
0000cf06   clock_tick
0000cfbc   ps_write_register
0000d016   write_lcd_mem
0000d070   BRRX_Start_v
0000d0c8   clear_line
0000d120   __divul
0000d120   __remul
0000d178   BRRX_RadioCalibrate_v
0000d1ce   display_calories
0000d222   ps_twi_read
0000d276   BRRX__StartNewSearch_v
0000d31a   nwk_rawSend
0000d36c   L_LSL
0000d37c   L_LSL_15
0000d380   L_LSL_14
0000d384   L_LSL_13
0000d388   L_LSL_12
0000d38c   L_LSL_11
0000d390   L_LSL_10
0000d394   L_LSL_9
0000d398   L_LSL_8
0000d39c   L_LSL_7
0000d3a0   L_LSL_6
0000d3a4   L_LSL_5
0000d3a8   L_LSL_4
0000d3ac   L_LSL_3
0000d3b0   L_LSL_2
0000d3b4   L_LSL_1
0000d406   add_day
0000d452   button_repeat_function
0000d49e   convert_acceleration_value_to_mgrav
0000d4ea   __fs_toul
0000d536   Timer0_A4_Delay
0000d580   __fs_cmp
0000d5ca   stop_bluerobin
0000d614   toggle_buzzer
0000d65e   process_requests
0000d6a6   BR__CalcRandomTimeOffset_u16
0000d6ec   SetVCoreUp
0000d732   _auto_init
0000d778   display_hours1
0000d7be   mrfiRadioInterfaceReadReg
0000d804   ps_get_temp
0000d84a   __fs_tou
0000d890   simpliciti_main_tx_only
0000d8d6   start_buzzer
0000d91c   ReadBurstReg
0000d960   SMPL_Receive
0000d9a4   WriteBurstReg
0000da2c   ps_get_pa
0000da6e   ps_twi_write
0000dab0   reset_altitude_measurement
0000daf2   nwk_isValidReply
0000db32   __divli
0000db32   __remli
0000db72   start_altitude_measurement
0000dbb2   update_stopwatch_timer
0000dbf2   BRRX_SetID_v
0000dc30   BRRX__DecodePacket_u8
0000dc6e   BRRX__NewInfo_v
0000dcea   nwk_getNextConnection
0000dd28   BRRX_TimerTask_v
0000dd64   MRFI_ReplyDelay
0000dda0   nwk_findPeer
0000dddc   nwk_isLinkDuplicate
0000de18   sx_rfbsl
0000de8e   nwk_processMgmt
0000dec8   BRRX_Init_v
0000df00   WriteSingleReg
0000df38   radio_ISR
0000dfa8   reset_bluerobin
0000dfe0   main
0000e016   nwk_putNumObjectIntoMsg
0000e04c   __fs_itof
0000e082   BR__CalcCRC_u8
0000e0b6   BSP_Delay
0000e0ea   SMPL_Init
0000e152   mrfiRadioInterfaceWriteReg
0000e186   mrfiRadioInterfaceWriteTxFifo
0000e1ba   BRRX_RadioStop_v
0000e1ec   MRFI_SetLogicalChannel
0000e21e   as_stop
0000e250   nwk_deviceAddress
0000e282   radio_reset
0000e2b4   __fs_ultof
0000e2e6   sx_alarm
0000e318   nwk_linkInit
0000e348   nwk_rawReceive
0000e378   nwk_sendFrame
0000e3d6   as_init
0000e430   as_get_data
0000e45c   nwk_QadjustOrder
0000e488   __divi
0000e488   __remi
0000e4b4   BRRX_GetID_u32
0000e4de   MRFI_SetRxAddrFilter
0000e55c   _c_int00
0000e55c   _c_int00_noexit
0000e586   lcd_init
0000e5d8   nwk_getConnInfo
0000e600   nwk_processPing
0000e628   SetVCoreDown
0000e674   init_buttons
0000e69a   init_pressure_table
0000e6c0   nwk_checkConnInfo
0000e6e6   nwk_globalsInit
0000e70c   nwk_joinInit
0000e732   nwk_processLink
0000e758   BRRX_GetState_t
0000e77c   MRFI_Sleep
0000e7c4   SetVCore
0000e7e8   memcmp
0000e80c   reset_clock
0000e830   __fs_utof
0000e854   MRFI_WakeUp
0000e876   button_repeat_on
0000e898   display_value1
0000e8ba   nwk_buildAckReqFrame
0000e8dc   __mpyl_f5hw
0000e8fe   start_stopwatch
0000e920   BRRX_GetDistance_u16
0000e940   BRRX_GetSpeed_u8
0000e960   MRFI_Rssi
0000e980   MRFI_RxCompleteISR
0000e9a0   MRFI_RxIdle
0000e9c0   MRFI_RxOn
0000e9e0   memmove
0000ea00   nwk_connectionControl
0000ea20   reset_stopwatch
0000ea40   stop_buzzer
0000ea60   MRFI_EnableRxAddrFilter
0000eaba   display_symbol
0000ead8   nwk_frameInit
0000eaf6   nwk_setMyAddress
0000eb14   check_alarm
0000eb30   clear_display_all
0000eb4c   convert_ft_to_m
0000eb68   convert_m_to_ft
0000eb84   display_am_pm_symbol
0000eba0   nwk_QInit
0000ebbc   nwk_processJoin
0000ebd8   stop_altitude_measurement
0000ebf4   sx_acceleration
0000ec2a   MRFI_SetRFPwr
0000ec44   ADC12ISR
0000ec5e   stop_stopwatch
0000ec78   sx_caldist
0000ec92   MRFI_DelayMs
0000ecaa   Timer0_A3_Start
0000ecc2   convert_hour_to_12H_format
0000ecda   display_all_on
0000ecf2   reset_alarm
0000ed0a   sx_ppt
0000ed22   sx_rf
0000ed3a   MRFI_RandomByte
0000ed66   ReadSingleReg
0000ed7c   convert_C_to_F
0000ed92   display_selection_Timeformat1
0000eda8   display_selection_User_Sex1
0000edbe   __divu
0000edbe   __remu
0000edd4   __mpyi_f5hw
0000edea   sx_stopwatch
0000ee00   sx_sync
0000ee16   Timer0_Init
0000ee2a   countdown_buzzer
0000ee3e   display_all_off
0000ee52   display_ppt
0000ee66   display_rf
0000ee7a   display_rfbsl
0000ee8e   display_sync
0000eeb6   is_stopwatch
0000eeca   memset
0000eede   reset_date
0000eef2   BR__CalcRandomChannel_u8
0000ef04   BlueRobin_RadioISR_v
0000ef16   convert_F_to_C
0000ef28   is_acceleration_measurement
0000ef3a   is_altitude_measurement
0000ef4c   memcpy
0000ef5e   nwk_getJoinToken
0000ef70   nwk_getLinkToken
0000ef82   nwk_getMyAddress
0000ef94   nwk_setJoinToken
0000efa6   nwk_setLinkToken
0000efb8   open_radio
0000efca   reset_batt_measurement
0000efdc   BRRX__StartTimer_v
0000efec   BSP_InitBoard
0000effc   close_radio
0000f00c   do_acceleration_measurement
0000f01c   radio_powerdown
0000f02c   sx_date
0000f03c   sx_time
0000f04c   acceleration_value_is_positive
0000f05a   display_caldist
0000f068   is_hour_am
0000f076   mx_stopwatch
0000f084   reset_acceleration
0000f092   set_blink_rate
0000f0a0   BRRX__GetCurrentTime_u16
0000f0ac   MRFI_PostKillSem
0000f0b8   MRFI_Receive
0000f0c4   Timer0_Stop
0000f0d0   clear_display
0000f0e8   idle_loop
0000f0f4   is_bluerobin
0000f100   is_bluerobin_searching
0000f10c   is_rf
0000f118   is_temp_measurement
0000f124   nwk_getNumObjectFromMsg
0000f130   nwk_setAPAddress
0000f13c   ps_start
0000f148   update_acceleration
0000f154   update_alarm
0000f160   update_battery_voltage
0000f16c   update_stopwatch
0000f178   update_temperature
0000f184   BRRX__IsTimerRunning_v
0000f18e   BRRX__StopTimer_v
0000f198   button_repeat_off
0000f1a2   nwk_mgmtInit
0000f1ac   nwk_pingInit
0000f1b6   ps_stop
0000f1c0   reset_buzzer
0000f1ca   reset_rf
0000f1d4   reset_temp_measurement
0000f1de   switch_seg
0000f1e8   update_date
0000f1f2   update_time
0000f1fc   BRRX_GetFS_Offset_s8
0000f204   BRRX_SetSignalLevelReduction_v
0000f20c   Timer0_A3_Stop
0000f214   Timer0_Start
0000f21c   stop_alarm
0000f224   to_lpm
0000f22c   BRRX_GetHeartRate_u8
0000f232   BRRX_SetPowerdownDelay_v
0000f238   BRRX_SetSearchTimeout_v
0000f23e   BRRX_Stop_v
0000f244   BRRX__CallTimer_v
0000f24a   BRRX__InitTimer_v
0000f250   MRFI_GetRadioState
0000f256   clear_blink_mem
0000f25c   mx_bluerobin
0000f262   nwk_freeConnection
0000f268   nwk_getBCastAddress
0000f26e   nwk_getFWVersion
0000f274   nwk_getMyRxType
0000f27a   start_blink
0000f280   stop_blink
0000f286   SMPL_Link
0000f28a   _system_pre_init
0000f28e   C$$EXIT
0000f28e   abort
0000f292   nwk_NVObj
0000f296   nwk_getProtocolVersion
0000f29a   nwk_processFreq
0000f29e   nwk_processSecurity
0000f2a2   twi_delay
0000f2a6   _nop
0000f2a8   dummy
0000f2aa   nwk_freqInit
0000f2ac   nwk_securityInit
0000f2ae   sx_altitude
0000f2b0   __etext__
0000f2b0   etext
0000f2b0   itoa_conversion_table
0000f4d0   menu_L1_Time
0000f4e2   menu_L1_Alarm
0000f4f4   menu_L1_Temperature
0000f506   menu_L1_Altitude
0000f518   menu_L1_Heartrate
0000f52a   menu_L1_Speed
0000f53c   menu_L1_Acceleration
0000f54e   menu_L2_Date
0000f560   menu_L2_Stopwatch
0000f572   menu_L2_Battery
0000f584   menu_L2_Rf
0000f596   menu_L2_Ppt
0000f5a8   menu_L2_Sync
0000f5ba   menu_L2_CalDist
0000f5cc   menu_L2_RFBSL
0000f5de   RandomValue_u8
0000f6de   mrfiRadioCfg
0000f71e   lcd_font
0000f74a   segments_bitmask
0000f7c0   h0
0000f7e2   p0
0000f842   mgrav_per_bit
0000f884   selection_Timeformat
0000f88c   selection_User_Sex
0000f8a2   BRRX__First_TXCB_t
0000f8a4   BRRX__Last_TXCB_t
0000f8a6   mrfiBroadcastAddr
0000f8b2   __cinit__
0000f8b2   cinit
0000fffe   _reset_vector
ffffffff   __binit__
ffffffff   __c_args__
ffffffff   __pinit__
ffffffff   binit
ffffffff   pinit

[1243 symbols]
