******************************************************************************
                  MSP430 Linker PC v4.1.0                      
******************************************************************************
>> Linked Tue Jul 24 18:12:10 2012

OUTPUT FILE NAME:   <sensorBot_Child_1.out>
ENTRY POINT SYMBOL: "_c_int00"  address: 0000c84c


MEMORY CONFIGURATION

         name            origin    length      used     unused   attr    fill
----------------------  --------  ---------  --------  --------  ----  --------
  SFR                   00000000   00000010  00000000  00000010  RWIX
  PERIPHERALS_8BIT      00000010   000000f0  00000000  000000f0  RWIX
  PERIPHERALS_16BIT     00000100   00000100  00000000  00000100  RWIX
  RAM                   00000200   00000200  00000170  00000090  RWIX
  INFOD                 00001000   00000040  00000000  00000040  RWIX
  INFOC                 00001040   00000040  00000000  00000040  RWIX
  INFOB                 00001080   00000040  00000000  00000040  RWIX
  INFOA                 000010c0   00000040  00000000  00000040  RWIX
  FLASH                 0000c000   00003fe0  00000cb4  0000332c  RWIX
  INT00                 0000ffe0   00000002  00000000  00000002  RWIX
  INT01                 0000ffe2   00000002  00000000  00000002  RWIX
  INT02                 0000ffe4   00000002  00000000  00000002  RWIX
  INT03                 0000ffe6   00000002  00000000  00000002  RWIX
  INT04                 0000ffe8   00000002  00000000  00000002  RWIX
  INT05                 0000ffea   00000002  00000000  00000002  RWIX
  INT06                 0000ffec   00000002  00000000  00000002  RWIX
  INT07                 0000ffee   00000002  00000002  00000000  RWIX
  INT08                 0000fff0   00000002  00000000  00000002  RWIX
  INT09                 0000fff2   00000002  00000002  00000000  RWIX
  INT10                 0000fff4   00000002  00000000  00000002  RWIX
  INT11                 0000fff6   00000002  00000000  00000002  RWIX
  INT12                 0000fff8   00000002  00000000  00000002  RWIX
  INT13                 0000fffa   00000002  00000000  00000002  RWIX
  INT14                 0000fffc   00000002  00000000  00000002  RWIX
  RESET                 0000fffe   00000002  00000002  00000000  RWIX


SECTION ALLOCATION MAP

 output                                  attributes/
section   page    origin      length       input sections
--------  ----  ----------  ----------   ----------------
.pinit     0    0000c000    00000000     UNINITIALIZED

.bss       0    00000200    00000120     UNINITIALIZED
                  00000200    00000118     main.obj (.bss)
                  00000318    00000004     rts430.lib : _lock.obj (.bss)
                  0000031c    00000004                : boot.obj (.bss)

.stack     0    000003b0    00000050     UNINITIALIZED
                  000003b0    00000002     rts430.lib : boot.obj (.stack)
                  000003b2    0000004e     --HOLE--

.text      0    0000c000    000009d0     
                  0000c000    00000116     rts430.lib : _printfi_min.obj (.text:_setfield)
                  0000c116    000000ca                : _printfi_min.obj (.text:_printfi_minimal)
                  0000c1e0    000000b6     main.obj (.text:USCI0RX_ISR)
                  0000c296    000000b4     main.obj (.text:genPacket)
                  0000c34a    0000009a     main.obj (.text:parsePacket)
                  0000c3e4    00000068     main.obj (.text:main)
                  0000c44c    00000066     main.obj (.text:Timer_A)
                  0000c4b2    0000005a     main.obj (.text:txPacket)
                  0000c50c    00000056     rts430.lib : _printfi_min.obj (.text:_ltostr)
                  0000c562    00000054                : atoi.obj (.text:atoi)
                  0000c5b6    0000004e                : _printfi_min.obj (.text:_pproc_diouxp)
                  0000c604    0000004c                : lsr16.obj (.text)
                  0000c650    00000046                : autoinit.obj (.text:_auto_init)
                  0000c696    00000046                : _printfi_min.obj (.text:_pproc_str)
                  0000c6dc    00000038     main.obj (.text:setupUART)
                  0000c714    00000038     rts430.lib : sprintf.obj (.text:sprintf)
                  0000c74c    0000002e                : _printfi_min.obj (.text:_getarg_diouxp)
                  0000c77a    0000002c     main.obj (.text:blinkLEDGreen)
                  0000c7a6    0000002c     rts430.lib : div16s.obj (.text)
                  0000c7d2    0000002a     main.obj (.text:UART_putChar)
                  0000c7fc    00000028     main.obj (.text:blinkLEDRed)
                  0000c824    00000028     rts430.lib : memccpy.obj (.text:memccpy)
                  0000c84c    00000026                : boot.obj (.text:_c_int00_noexit)
                  0000c872    0000001e     main.obj (.text:sleepHalf)
                  0000c890    0000001e     main.obj (.text:sleepQuart)
                  0000c8ae    0000001a     rts430.lib : sprintf.obj (.text:_outs)
                  0000c8c8    0000001a     main.obj (.text:setupOutputs)
                  0000c8e2    00000018     rts430.lib : _printfi_min.obj (.text:_div)
                  0000c8fa    00000016                : div16u.obj (.text)
                  0000c910    00000014     main.obj (.text:configClocks)
                  0000c924    00000014     rts430.lib : memset.obj (.text:memset)
                  0000c938    00000014                : mult16.obj (.text)
                  0000c94c    00000014     main.obj (.text:setupTimer)
                  0000c960    00000012     rts430.lib : sprintf.obj (.text:_outc)
                  0000c972    00000012                : memcpy.obj (.text:memcpy)
                  0000c984    00000012                : strlen.obj (.text:strlen)
                  0000c996    00000010                : epilog.obj (.text)
                  0000c9a6    00000010     main.obj (.text:turnRXD)
                  0000c9b6    00000010     main.obj (.text:turnTXD)
                  0000c9c6    00000004     rts430.lib : pre_init.obj (.text:_system_pre_init)
                  0000c9ca    00000004                : exit.obj (.text:abort)
                  0000c9ce    00000002                : _lock.obj (.text:_nop)

.cinit     0    0000c9d0    00000182     
                  0000c9d0    00000180     main.obj (.cinit)
                  0000cb50    00000002     --HOLE-- [fill = 0]

.const     0    0000cb52    00000162     
                  0000cb52    00000101     rts430.lib : ctype.obj (.const:_ctypes_)
                  0000cc53    00000001     --HOLE-- [fill = 0]
                  0000cc54    0000004c     main.obj (.const:.string)
                  0000cca0    00000014     rts430.lib : _printfi_min.obj (.const:.string)

.int07     0    0000ffee    00000002     
                  0000ffee    00000002     main.obj (.int07)

.int09     0    0000fff2    00000002     
                  0000fff2    00000002     main.obj (.int09)

.reset     0    0000fffe    00000002     
                  0000fffe    00000002     rts430.lib : boot.obj (.reset)


GLOBAL SYMBOLS: SORTED ALPHABETICALLY BY Name 

address    name
--------   ----
00000200   .bss
0000c000   .text
00000298   AB
0000004a   ADC10AE0
000001b0   ADC10CTL0
000001b2   ADC10CTL1
00000048   ADC10DTC0
00000049   ADC10DTC1
000001b4   ADC10MEM
000001bc   ADC10SA
00000057   BCSCTL1
00000058   BCSCTL2
00000053   BCSCTL3
0000c9ca   C$$EXIT
00000059   CACTL1
0000005a   CACTL2
000010fb   CALBC1_12MHZ
000010f9   CALBC1_16MHZ
000010ff   CALBC1_1MHZ
000010fd   CALBC1_8MHZ
000010fa   CALDCO_12MHZ
000010f8   CALDCO_16MHZ
000010fe   CALDCO_1MHZ
000010fc   CALDCO_8MHZ
0000005b   CAPD
00000056   DCOCTL
00000128   FCTL1
0000012a   FCTL2
0000012c   FCTL3
00000000   IE1
00000001   IE2
00000002   IFG1
00000003   IFG2
0000c604   I_LSR
0000c64a   I_LSR_1
0000c626   I_LSR_10
0000c622   I_LSR_11
0000c61e   I_LSR_12
0000c61a   I_LSR_13
0000c616   I_LSR_14
0000c612   I_LSR_15
0000c646   I_LSR_2
0000c642   I_LSR_3
0000c63e   I_LSR_4
0000c63a   I_LSR_5
0000c636   I_LSR_6
0000c632   I_LSR_7
0000c62e   I_LSR_8
0000c62a   I_LSR_9
00000292   OX
00000022   P1DIR
00000025   P1IE
00000024   P1IES
00000023   P1IFG
00000020   P1IN
00000021   P1OUT
00000027   P1REN
00000026   P1SEL
00000041   P1SEL2
0000002a   P2DIR
0000002d   P2IE
0000002c   P2IES
0000002b   P2IFG
00000028   P2IN
00000029   P2OUT
0000002f   P2REN
0000002e   P2SEL
00000042   P2SEL2
0000001a   P3DIR
00000018   P3IN
00000019   P3OUT
00000010   P3REN
0000001b   P3SEL
00000043   P3SEL2
00000294   PH
00000172   TA0CCR0
00000174   TA0CCR1
00000176   TA0CCR2
00000162   TA0CCTL0
00000164   TA0CCTL1
00000166   TA0CCTL2
00000160   TA0CTL
0000012e   TA0IV
00000170   TA0R
00000192   TA1CCR0
00000194   TA1CCR1
00000196   TA1CCR2
00000182   TA1CCTL0
00000184   TA1CCTL1
00000186   TA1CCTL2
00000180   TA1CTL
0000011e   TA1IV
00000190   TA1R
00000296   TP
0000c44c   Timer_A
0000c7d2   UART_putChar
0000005d   UCA0ABCTL
00000062   UCA0BR0
00000063   UCA0BR1
00000060   UCA0CTL0
00000061   UCA0CTL1
0000005f   UCA0IRRCTL
0000005e   UCA0IRTCTL
00000064   UCA0MCTL
00000066   UCA0RXBUF
00000065   UCA0STAT
00000067   UCA0TXBUF
0000006a   UCB0BR0
0000006b   UCB0BR1
00000068   UCB0CTL0
00000069   UCB0CTL1
0000006c   UCB0I2CIE
00000118   UCB0I2COA
0000011a   UCB0I2CSA
0000006e   UCB0RXBUF
0000006d   UCB0STAT
0000006f   UCB0TXBUF
0000c1e0   USCI0RX_ISR
00000120   WDTCTL
00000400   __STACK_END
00000050   __STACK_SIZE
00000001   __TI_args_main
00000001   __TI_auto_init
00000001   __TI_exit
ffffffff   __binit__
00000200   __bss__
ffffffff   __c_args__
0000c9d0   __cinit__
0000c7a6   __divi
0000c8fa   __divu
00000320   __end__
0000c9d0   __etext__
0000c938   __mpyi
ffffffff   __pinit__
0000c7a6   __remi
0000c8fa   __remu
0000c000   __text__
0000c650   _auto_init
0000c84c   _c_int00
0000c84c   _c_int00_noexit
0000031c   _cleanup_ptr
0000cb52   _ctypes_
0000031e   _dtors_ptr
00000318   _lock
0000c9ce   _nop
0000c116   _printfi_minimal
0000fffe   _reset_vector
000003b0   _stack
0000c9c6   _system_pre_init
0000031a   _unlock
0000c9ca   abort
0000c562   atoi
ffffffff   binit
0000c77a   blinkLEDGreen
0000c7fc   blinkLEDRed
00000288   botID
000002ee   buff
0000030a   buffLen
00000200   byteRX
0000c9d0   cinit
000002a6   cnt1
000002a8   cnt2
000002aa   cnt3
000002ac   cnt4
000002b0   cnterTest
00000286   cnterTest1
0000c910   configClocks
0000029a   counter
00000224   dataLength
00000320   end
0000c9d0   etext
0000c9a2   func_epilog_1
0000c9a0   func_epilog_2
0000c99e   func_epilog_3
0000c99c   func_epilog_4
0000c99a   func_epilog_5
0000c998   func_epilog_6
0000c996   func_epilog_7
0000c296   genPacket
0000028c   has_Children
00000204   header
000002a2   hrs
000002ae   initCorrect
0000028e   is_leaf
0000028a   is_parent
0000022a   lineCnter
0000c3e4   main
0000c824   memccpy
0000c972   memcpy
0000c924   memset
000002a0   min
000002a4   numBotsData
0000c34a   parsePacket
00000228   pcktStartFlag
ffffffff   pinit
00000202   sdCardCmdFlag
0000029e   sec
00000290   sendFirsttime
0000c8c8   setupOutputs
0000c94c   setupTimer
0000c6dc   setupUART
0000c872   sleepHalf
0000c890   sleepQuart
0000c714   sprintf
0000022c   storeDataCnter
00000226   storeDataFlag
0000c984   strlen
00000310   thrs1
00000316   thrs2
0000029c   timeToSend
0000030e   tmin1
00000314   tmin2
0000030c   tsec1
00000312   tsec2
0000c9a6   turnRXD
0000c9b6   turnTXD
0000c4b2   txPacket
0000022e   uartBuffer
0000024a   uart_Out
000002b2   uart_Test


GLOBAL SYMBOLS: SORTED BY Symbol Address 

address    name
--------   ----
00000000   IE1
00000001   IE2
00000001   __TI_args_main
00000001   __TI_auto_init
00000001   __TI_exit
00000002   IFG1
00000003   IFG2
00000010   P3REN
00000018   P3IN
00000019   P3OUT
0000001a   P3DIR
0000001b   P3SEL
00000020   P1IN
00000021   P1OUT
00000022   P1DIR
00000023   P1IFG
00000024   P1IES
00000025   P1IE
00000026   P1SEL
00000027   P1REN
00000028   P2IN
00000029   P2OUT
0000002a   P2DIR
0000002b   P2IFG
0000002c   P2IES
0000002d   P2IE
0000002e   P2SEL
0000002f   P2REN
00000041   P1SEL2
00000042   P2SEL2
00000043   P3SEL2
00000048   ADC10DTC0
00000049   ADC10DTC1
0000004a   ADC10AE0
00000050   __STACK_SIZE
00000053   BCSCTL3
00000056   DCOCTL
00000057   BCSCTL1
00000058   BCSCTL2
00000059   CACTL1
0000005a   CACTL2
0000005b   CAPD
0000005d   UCA0ABCTL
0000005e   UCA0IRTCTL
0000005f   UCA0IRRCTL
00000060   UCA0CTL0
00000061   UCA0CTL1
00000062   UCA0BR0
00000063   UCA0BR1
00000064   UCA0MCTL
00000065   UCA0STAT
00000066   UCA0RXBUF
00000067   UCA0TXBUF
00000068   UCB0CTL0
00000069   UCB0CTL1
0000006a   UCB0BR0
0000006b   UCB0BR1
0000006c   UCB0I2CIE
0000006d   UCB0STAT
0000006e   UCB0RXBUF
0000006f   UCB0TXBUF
00000118   UCB0I2COA
0000011a   UCB0I2CSA
0000011e   TA1IV
00000120   WDTCTL
00000128   FCTL1
0000012a   FCTL2
0000012c   FCTL3
0000012e   TA0IV
00000160   TA0CTL
00000162   TA0CCTL0
00000164   TA0CCTL1
00000166   TA0CCTL2
00000170   TA0R
00000172   TA0CCR0
00000174   TA0CCR1
00000176   TA0CCR2
00000180   TA1CTL
00000182   TA1CCTL0
00000184   TA1CCTL1
00000186   TA1CCTL2
00000190   TA1R
00000192   TA1CCR0
00000194   TA1CCR1
00000196   TA1CCR2
000001b0   ADC10CTL0
000001b2   ADC10CTL1
000001b4   ADC10MEM
000001bc   ADC10SA
00000200   .bss
00000200   __bss__
00000200   byteRX
00000202   sdCardCmdFlag
00000204   header
00000224   dataLength
00000226   storeDataFlag
00000228   pcktStartFlag
0000022a   lineCnter
0000022c   storeDataCnter
0000022e   uartBuffer
0000024a   uart_Out
00000286   cnterTest1
00000288   botID
0000028a   is_parent
0000028c   has_Children
0000028e   is_leaf
00000290   sendFirsttime
00000292   OX
00000294   PH
00000296   TP
00000298   AB
0000029a   counter
0000029c   timeToSend
0000029e   sec
000002a0   min
000002a2   hrs
000002a4   numBotsData
000002a6   cnt1
000002a8   cnt2
000002aa   cnt3
000002ac   cnt4
000002ae   initCorrect
000002b0   cnterTest
000002b2   uart_Test
000002ee   buff
0000030a   buffLen
0000030c   tsec1
0000030e   tmin1
00000310   thrs1
00000312   tsec2
00000314   tmin2
00000316   thrs2
00000318   _lock
0000031a   _unlock
0000031c   _cleanup_ptr
0000031e   _dtors_ptr
00000320   __end__
00000320   end
000003b0   _stack
00000400   __STACK_END
000010f8   CALDCO_16MHZ
000010f9   CALBC1_16MHZ
000010fa   CALDCO_12MHZ
000010fb   CALBC1_12MHZ
000010fc   CALDCO_8MHZ
000010fd   CALBC1_8MHZ
000010fe   CALDCO_1MHZ
000010ff   CALBC1_1MHZ
0000c000   .text
0000c000   __text__
0000c116   _printfi_minimal
0000c1e0   USCI0RX_ISR
0000c296   genPacket
0000c34a   parsePacket
0000c3e4   main
0000c44c   Timer_A
0000c4b2   txPacket
0000c562   atoi
0000c604   I_LSR
0000c612   I_LSR_15
0000c616   I_LSR_14
0000c61a   I_LSR_13
0000c61e   I_LSR_12
0000c622   I_LSR_11
0000c626   I_LSR_10
0000c62a   I_LSR_9
0000c62e   I_LSR_8
0000c632   I_LSR_7
0000c636   I_LSR_6
0000c63a   I_LSR_5
0000c63e   I_LSR_4
0000c642   I_LSR_3
0000c646   I_LSR_2
0000c64a   I_LSR_1
0000c650   _auto_init
0000c6dc   setupUART
0000c714   sprintf
0000c77a   blinkLEDGreen
0000c7a6   __divi
0000c7a6   __remi
0000c7d2   UART_putChar
0000c7fc   blinkLEDRed
0000c824   memccpy
0000c84c   _c_int00
0000c84c   _c_int00_noexit
0000c872   sleepHalf
0000c890   sleepQuart
0000c8c8   setupOutputs
0000c8fa   __divu
0000c8fa   __remu
0000c910   configClocks
0000c924   memset
0000c938   __mpyi
0000c94c   setupTimer
0000c972   memcpy
0000c984   strlen
0000c996   func_epilog_7
0000c998   func_epilog_6
0000c99a   func_epilog_5
0000c99c   func_epilog_4
0000c99e   func_epilog_3
0000c9a0   func_epilog_2
0000c9a2   func_epilog_1
0000c9a6   turnRXD
0000c9b6   turnTXD
0000c9c6   _system_pre_init
0000c9ca   C$$EXIT
0000c9ca   abort
0000c9ce   _nop
0000c9d0   __cinit__
0000c9d0   __etext__
0000c9d0   cinit
0000c9d0   etext
0000cb52   _ctypes_
0000fffe   _reset_vector
ffffffff   __binit__
ffffffff   __c_args__
ffffffff   __pinit__
ffffffff   binit
ffffffff   pinit

[220 symbols]
